Archive member included to satisfy reference by file (symbol)

/home/huang/st/stm32cubeide_1.14.0/plugins/com.st.stm32cube.ide.mcu.externaltools.gnu-tools-for-stm32.11.3.rel1.linux64_1.1.100.202309141235/tools/bin/../lib/gcc/arm-none-eabi/11.3.1/../../../../arm-none-eabi/lib/thumb/v7e-m+fp/hard/libc_nano.a(libc_a-atoi.o)
                              ./Core/Src/main.o (atoi)
/home/huang/st/stm32cubeide_1.14.0/plugins/com.st.stm32cube.ide.mcu.externaltools.gnu-tools-for-stm32.11.3.rel1.linux64_1.1.100.202309141235/tools/bin/../lib/gcc/arm-none-eabi/11.3.1/../../../../arm-none-eabi/lib/thumb/v7e-m+fp/hard/libc_nano.a(libc_a-exit.o)
                              /home/huang/st/stm32cubeide_1.14.0/plugins/com.st.stm32cube.ide.mcu.externaltools.gnu-tools-for-stm32.11.3.rel1.linux64_1.1.100.202309141235/tools/bin/../lib/gcc/arm-none-eabi/11.3.1/../../../../arm-none-eabi/lib/thumb/v7e-m+fp/hard/crt0.o (exit)
/home/huang/st/stm32cubeide_1.14.0/plugins/com.st.stm32cube.ide.mcu.externaltools.gnu-tools-for-stm32.11.3.rel1.linux64_1.1.100.202309141235/tools/bin/../lib/gcc/arm-none-eabi/11.3.1/../../../../arm-none-eabi/lib/thumb/v7e-m+fp/hard/libc_nano.a(libc_a-malloc.o)
                              ./Core/Src/main.o (malloc)
/home/huang/st/stm32cubeide_1.14.0/plugins/com.st.stm32cube.ide.mcu.externaltools.gnu-tools-for-stm32.11.3.rel1.linux64_1.1.100.202309141235/tools/bin/../lib/gcc/arm-none-eabi/11.3.1/../../../../arm-none-eabi/lib/thumb/v7e-m+fp/hard/libc_nano.a(libc_a-mallocr.o)
                              /home/huang/st/stm32cubeide_1.14.0/plugins/com.st.stm32cube.ide.mcu.externaltools.gnu-tools-for-stm32.11.3.rel1.linux64_1.1.100.202309141235/tools/bin/../lib/gcc/arm-none-eabi/11.3.1/../../../../arm-none-eabi/lib/thumb/v7e-m+fp/hard/libc_nano.a(libc_a-malloc.o) (_malloc_r)
/home/huang/st/stm32cubeide_1.14.0/plugins/com.st.stm32cube.ide.mcu.externaltools.gnu-tools-for-stm32.11.3.rel1.linux64_1.1.100.202309141235/tools/bin/../lib/gcc/arm-none-eabi/11.3.1/../../../../arm-none-eabi/lib/thumb/v7e-m+fp/hard/libc_nano.a(libc_a-mlock.o)
                              /home/huang/st/stm32cubeide_1.14.0/plugins/com.st.stm32cube.ide.mcu.externaltools.gnu-tools-for-stm32.11.3.rel1.linux64_1.1.100.202309141235/tools/bin/../lib/gcc/arm-none-eabi/11.3.1/../../../../arm-none-eabi/lib/thumb/v7e-m+fp/hard/libc_nano.a(libc_a-mallocr.o) (__malloc_lock)
/home/huang/st/stm32cubeide_1.14.0/plugins/com.st.stm32cube.ide.mcu.externaltools.gnu-tools-for-stm32.11.3.rel1.linux64_1.1.100.202309141235/tools/bin/../lib/gcc/arm-none-eabi/11.3.1/../../../../arm-none-eabi/lib/thumb/v7e-m+fp/hard/libc_nano.a(libc_a-strtol.o)
                              /home/huang/st/stm32cubeide_1.14.0/plugins/com.st.stm32cube.ide.mcu.externaltools.gnu-tools-for-stm32.11.3.rel1.linux64_1.1.100.202309141235/tools/bin/../lib/gcc/arm-none-eabi/11.3.1/../../../../arm-none-eabi/lib/thumb/v7e-m+fp/hard/libc_nano.a(libc_a-atoi.o) (_strtol_r)
/home/huang/st/stm32cubeide_1.14.0/plugins/com.st.stm32cube.ide.mcu.externaltools.gnu-tools-for-stm32.11.3.rel1.linux64_1.1.100.202309141235/tools/bin/../lib/gcc/arm-none-eabi/11.3.1/../../../../arm-none-eabi/lib/thumb/v7e-m+fp/hard/libc_nano.a(libc_a-ctype_.o)
                              /home/huang/st/stm32cubeide_1.14.0/plugins/com.st.stm32cube.ide.mcu.externaltools.gnu-tools-for-stm32.11.3.rel1.linux64_1.1.100.202309141235/tools/bin/../lib/gcc/arm-none-eabi/11.3.1/../../../../arm-none-eabi/lib/thumb/v7e-m+fp/hard/libc_nano.a(libc_a-strtol.o) (_ctype_)
/home/huang/st/stm32cubeide_1.14.0/plugins/com.st.stm32cube.ide.mcu.externaltools.gnu-tools-for-stm32.11.3.rel1.linux64_1.1.100.202309141235/tools/bin/../lib/gcc/arm-none-eabi/11.3.1/../../../../arm-none-eabi/lib/thumb/v7e-m+fp/hard/libc_nano.a(libc_a-nano-vfprintf_float.o)
                              (_printf_float)
/home/huang/st/stm32cubeide_1.14.0/plugins/com.st.stm32cube.ide.mcu.externaltools.gnu-tools-for-stm32.11.3.rel1.linux64_1.1.100.202309141235/tools/bin/../lib/gcc/arm-none-eabi/11.3.1/../../../../arm-none-eabi/lib/thumb/v7e-m+fp/hard/libc_nano.a(libc_a-nano-vfprintf_i.o)
                              /home/huang/st/stm32cubeide_1.14.0/plugins/com.st.stm32cube.ide.mcu.externaltools.gnu-tools-for-stm32.11.3.rel1.linux64_1.1.100.202309141235/tools/bin/../lib/gcc/arm-none-eabi/11.3.1/../../../../arm-none-eabi/lib/thumb/v7e-m+fp/hard/libc_nano.a(libc_a-nano-vfprintf_float.o) (_printf_common)
/home/huang/st/stm32cubeide_1.14.0/plugins/com.st.stm32cube.ide.mcu.externaltools.gnu-tools-for-stm32.11.3.rel1.linux64_1.1.100.202309141235/tools/bin/../lib/gcc/arm-none-eabi/11.3.1/../../../../arm-none-eabi/lib/thumb/v7e-m+fp/hard/libc_nano.a(libc_a-nano-vfscanf_float.o)
                              (_scanf_float)
/home/huang/st/stm32cubeide_1.14.0/plugins/com.st.stm32cube.ide.mcu.externaltools.gnu-tools-for-stm32.11.3.rel1.linux64_1.1.100.202309141235/tools/bin/../lib/gcc/arm-none-eabi/11.3.1/../../../../arm-none-eabi/lib/thumb/v7e-m+fp/hard/libc_nano.a(libc_a-findfp.o)
[...]
Memory Configuration

Name             Origin             Length             Attributes
RAM              0x0000000020000000 0x0000000000020000 xrw
FLASH            0x0000000008000000 0x0000000000080000 xr
*default*        0x0000000000000000 0xffffffffffffffff

Linker script and memory map

LOAD /home/huang/st/stm32cubeide_1.14.0/plugins/com.st.stm32cube.ide.mcu.externaltools.gnu-tools-for-stm32.11.3.rel1.linux64_1.1.100.202309141235/tools/bin/../lib/gcc/arm-none-eabi/11.3.1/thumb/v7e-m+fp/hard/crti.o
LOAD /home/huang/st/stm32cubeide_1.14.0/plugins/com.st.stm32cube.ide.mcu.externaltools.gnu-tools-for-stm32.11.3.rel1.linux64_1.1.100.202309141235/tools/bin/../lib/gcc/arm-none-eabi/11.3.1/thumb/v7e-m+fp/hard/crtbegin.o
LOAD /home/huang/st/stm32cubeide_1.14.0/plugins/com.st.stm32cube.ide.mcu.externaltools.gnu-tools-for-stm32.11.3.rel1.linux64_1.1.100.202309141235/tools/bin/../lib/gcc/arm-none-eabi/11.3.1/../../../../arm-none-eabi/lib/thumb/v7e-m+fp/hard/crt0.o
LOAD ./Core/Src/fatfs_sd.o
LOAD ./Core/Src/main.o
LOAD ./Core/Src/stm32f4xx_hal_msp.o
LOAD ./Core/Src/stm32f4xx_it.o
LOAD ./Core/Src/syscalls.o
LOAD ./Core/Src/sysmem.o
LOAD ./Core/Src/system_stm32f4xx.o
LOAD ./Core/Startup/startup_stm32f411ceux.o
LOAD ./Drivers/STM32F4xx_HAL_Driver/Src/stm32f4xx_hal.o
LOAD ./Drivers/STM32F4xx_HAL_Driver/Src/stm32f4xx_hal_cortex.o
LOAD ./Drivers/STM32F4xx_HAL_Driver/Src/stm32f4xx_hal_dma.o
LOAD ./Drivers/STM32F4xx_HAL_Driver/Src/stm32f4xx_hal_dma_ex.o
LOAD ./Drivers/STM32F4xx_HAL_Driver/Src/stm32f4xx_hal_exti.o
LOAD ./Drivers/STM32F4xx_HAL_Driver/Src/stm32f4xx_hal_flash.o
LOAD ./Drivers/STM32F4xx_HAL_Driver/Src/stm32f4xx_hal_flash_ex.o
LOAD ./Drivers/STM32F4xx_HAL_Driver/Src/stm32f4xx_hal_flash_ramfunc.o
LOAD ./Drivers/STM32F4xx_HAL_Driver/Src/stm32f4xx_hal_gpio.o
LOAD ./Drivers/STM32F4xx_HAL_Driver/Src/stm32f4xx_hal_pwr.o
LOAD ./Drivers/STM32F4xx_HAL_Driver/Src/stm32f4xx_hal_pwr_ex.o
LOAD ./Drivers/STM32F4xx_HAL_Driver/Src/stm32f4xx_hal_rcc.o
LOAD ./Drivers/STM32F4xx_HAL_Driver/Src/stm32f4xx_hal_rcc_ex.o
LOAD ./Drivers/STM32F4xx_HAL_Driver/Src/stm32f4xx_hal_rtc.o
LOAD ./Drivers/STM32F4xx_HAL_Driver/Src/stm32f4xx_hal_rtc_ex.o
LOAD ./Drivers/STM32F4xx_HAL_Driver/Src/stm32f4xx_hal_spi.o
LOAD ./Drivers/STM32F4xx_HAL_Driver/Src/stm32f4xx_hal_tim.o
LOAD ./Drivers/STM32F4xx_HAL_Driver/Src/stm32f4xx_hal_tim_ex.o
LOAD ./Drivers/STM32F4xx_HAL_Driver/Src/stm32f4xx_hal_uart.o
LOAD ./FATFS/App/fatfs.o
LOAD ./FATFS/Target/user_diskio.o
LOAD ./Middlewares/Third_Party/FatFs/src/diskio.o
LOAD ./Middlewares/Third_Party/FatFs/src/ff.o
LOAD ./Middlewares/Third_Party/FatFs/src/ff_gen_drv.o
LOAD ./Middlewares/Third_Party/FatFs/src/option/ccsbcs.o
LOAD ./Middlewares/Third_Party/FatFs/src/option/syscall.o
LOAD ./RFM95_API/src/RFM95.o
START GROUP
LOAD /home/huang/st/stm32cubeide_1.14.0/plugins/com.st.stm32cube.ide.mcu.externaltools.gnu-tools-for-stm32.11.3.rel1.linux64_1.1.100.202309141235/tools/bin/../lib/gcc/arm-none-eabi/11.3.1/../../../../arm-none-eabi/lib/thumb/v7e-m+fp/hard/libc_nano.a
LOAD /home/huang/st/stm32cubeide_1.14.0/plugins/com.st.stm32cube.ide.mcu.externaltools.gnu-tools-for-stm32.11.3.rel1.linux64_1.1.100.202309141235/tools/bin/../lib/gcc/arm-none-eabi/11.3.1/../../../../arm-none-eabi/lib/thumb/v7e-m+fp/hard/libm.a
END GROUP
START GROUP
LOAD /home/huang/st/stm32cubeide_1.14.0/plugins/com.st.stm32cube.ide.mcu.externaltools.gnu-tools-for-stm32.11.3.rel1.linux64_1.1.100.202309141235/tools/bin/../lib/gcc/arm-none-eabi/11.3.1/thumb/v7e-m+fp/hard/libgcc.a
LOAD /home/huang/st/stm32cubeide_1.14.0/plugins/com.st.stm32cube.ide.mcu.externaltools.gnu-tools-for-stm32.11.3.rel1.linux64_1.1.100.202309141235/tools/bin/../lib/gcc/arm-none-eabi/11.3.1/../../../../arm-none-eabi/lib/thumb/v7e-m+fp/hard/libc_nano.a
END GROUP
START GROUP
LOAD /home/huang/st/stm32cubeide_1.14.0/plugins/com.st.stm32cube.ide.mcu.externaltools.gnu-tools-for-stm32.11.3.rel1.linux64_1.1.100.202309141235/tools/bin/../lib/gcc/arm-none-eabi/11.3.1/thumb/v7e-m+fp/hard/libgcc.a
LOAD /home/huang/st/stm32cubeide_1.14.0/plugins/com.st.stm32cube.ide.mcu.externaltools.gnu-tools-for-stm32.11.3.rel1.linux64_1.1.100.202309141235/tools/bin/../lib/gcc/arm-none-eabi/11.3.1/../../../../arm-none-eabi/lib/thumb/v7e-m+fp/hard/libc_nano.a
LOAD /home/huang/st/stm32cubeide_1.14.0/plugins/com.st.stm32cube.ide.mcu.externaltools.gnu-tools-for-stm32.11.3.rel1.linux64_1.1.100.202309141235/tools/bin/../lib/gcc/arm-none-eabi/11.3.1/../../../../arm-none-eabi/lib/thumb/v7e-m+fp/hard/libnosys.a
END GROUP
START GROUP
LOAD /home/huang/st/stm32cubeide_1.14.0/plugins/com.st.stm32cube.ide.mcu.externaltools.gnu-tools-for-stm32.11.3.rel1.linux64_1.1.100.202309141235/tools/bin/../lib/gcc/arm-none-eabi/11.3.1/thumb/v7e-m+fp/hard/libgcc.a
LOAD /home/huang/st/stm32cubeide_1.14.0/plugins/com.st.stm32cube.ide.mcu.externaltools.gnu-tools-for-stm32.11.3.rel1.linux64_1.1.100.202309141235/tools/bin/../lib/gcc/arm-none-eabi/11.3.1/../../../../arm-none-eabi/lib/thumb/v7e-m+fp/hard/libc_nano.a
LOAD /home/huang/st/stm32cubeide_1.14.0/plugins/com.st.stm32cube.ide.mcu.externaltools.gnu-tools-for-stm32.11.3.rel1.linux64_1.1.100.202309141235/tools/bin/../lib/gcc/arm-none-eabi/11.3.1/../../../../arm-none-eabi/lib/thumb/v7e-m+fp/hard/libnosys.a
END GROUP
LOAD /home/huang/st/stm32cubeide_1.14.0/plugins/com.st.stm32cube.ide.mcu.externaltools.gnu-tools-for-stm32.11.3.rel1.linux64_1.1.100.202309141235/tools/bin/../lib/gcc/arm-none-eabi/11.3.1/thumb/v7e-m+fp/hard/crtend.o
LOAD /home/huang/st/stm32cubeide_1.14.0/plugins/com.st.stm32cube.ide.mcu.externaltools.gnu-tools-for-stm32.11.3.rel1.linux64_1.1.100.202309141235/tools/bin/../lib/gcc/arm-none-eabi/11.3.1/thumb/v7e-m+fp/hard/crtn.o
                0x0000000020020000                _estack = (ORIGIN (RAM) + LENGTH (RAM))
                0x0000000000000200                _Min_Heap_Size = 0x200
                0x0000000000000400                _Min_Stack_Size = 0x400

.isr_vector     0x0000000008000000      0x198
                0x0000000008000000                . = ALIGN (0x4)
 *(.isr_vector)
 .isr_vector    0x0000000008000000      0x198 ./Core/Startup/startup_stm32f411ceux.o
                0x0000000008000000                g_pfnVectors
                0x0000000008000198                . = ALIGN (0x4)

.text           0x00000000080001a0    0x11798
                0x00000000080001a0                . = ALIGN (0x4)
 *(.text)
 .text          0x00000000080001a0       0x40 /home/huang/st/stm32cubeide_1.14.0/plugins/com.st.stm32cube.ide.mcu.externaltools.gnu-tools-for-stm32.11.3.rel1.linux64_1.1.100.202309141235/tools/bin/../lib/gcc/arm-none-eabi/11.3.1/thumb/v7e-m+fp/hard/crtbegin.o
 .text          0x00000000080001e0       0xa0 /home/huang/st/stm32cubeide_1.14.0/plugins/com.st.stm32cube.ide.mcu.externaltools.gnu-tools-for-stm32.11.3.rel1.linux64_1.1.100.202309141235/tools/bin/../lib/gcc/arm-none-eabi/11.3.1/../../../../arm-none-eabi/lib/thumb/v7e-m+fp/hard/libc_nano.a(libc_a-memchr.o)
                0x00000000080001e0                memchr
 .text          0x0000000008000280       0x10 /home/huang/st/stm32cubeide_1.14.0/plugins/com.st.stm32cube.ide.mcu.externaltools.gnu-tools-for-stm32.11.3.rel1.linux64_1.1.100.202309141235/tools/bin/../lib/gcc/arm-none-eabi/11.3.1/../../../../arm-none-eabi/lib/thumb/v7e-m+fp/hard/libc_nano.a(libc_a-strlen.o)
                0x0000000008000280                strlen
 .text          0x0000000008000290      0x378 /home/huang/st/stm32cubeide_1.14.0/plugins/com.st.stm32cube.ide.mcu.externaltools.gnu-tools-for-stm32.11.3.rel1.linux64_1.1.100.202309141235/tools/bin/../lib/gcc/arm-none-eabi/11.3.1/thumb/v7e-m+fp/hard/libgcc.a(_arm_addsubdf3.o)
                0x0000000008000290                __aeabi_drsub
                0x0000000008000298                __aeabi_dsub
                0x0000000008000298                __subdf3
                0x000000000800029c                __adddf3
                0x000000000800029c                __aeabi_dadd
                0x0000000008000514                __aeabi_ui2d
                0x0000000008000514                __floatunsidf
                0x0000000008000534                __floatsidf
                0x0000000008000534                __aeabi_i2d
                0x0000000008000558                __extendsfdf2
                0x0000000008000558                __aeabi_f2d
                0x000000000800059c                __aeabi_ul2d
                0x000000000800059c                __floatundidf
                0x00000000080005ac                __floatdidf
                0x00000000080005ac                __aeabi_l2d
 .text          0x0000000008000608      0x424 /home/huang/st/stm32cubeide_1.14.0/plugins/com.st.stm32cube.ide.mcu.externaltools.gnu-tools-for-stm32.11.3.rel1.linux64_1.1.100.202309141235/tools/bin/../lib/gcc/arm-none-eabi/11.3.1/thumb/v7e-m+fp/hard/libgcc.a(_arm_muldivdf3.o)
                0x0000000008000608                __aeabi_dmul
                0x0000000008000608                __muldf3
                0x000000000800085c                __aeabi_ddiv
                0x000000000800085c                __divdf3
 .text          0x0000000008000a2c      0x110 /home/huang/st/stm32cubeide_1.14.0/plugins/com.st.stm32cube.ide.mcu.externaltools.gnu-tools-for-stm32.11.3.rel1.linux64_1.1.100.202309141235/tools/bin/../lib/gcc/arm-none-eabi/11.3.1/thumb/v7e-m+fp/hard/libgcc.a(_arm_cmpdf2.o)
                0x0000000008000a2c                __gtdf2
                0x0000000008000a2c                __gedf2
                0x0000000008000a34                __ltdf2
                0x0000000008000a34                __ledf2
                0x0000000008000a3c                __cmpdf2
                0x0000000008000a3c                __eqdf2
                0x0000000008000a3c                __nedf2
                0x0000000008000ab8                __aeabi_cdrcmple
                0x0000000008000ac8                __aeabi_cdcmple
                0x0000000008000ac8                __aeabi_cdcmpeq
                0x0000000008000ad8                __aeabi_dcmpeq
                0x0000000008000aec                __aeabi_dcmplt
                0x0000000008000b00                __aeabi_dcmple
                0x0000000008000b14                __aeabi_dcmpge
                0x0000000008000b28                __aeabi_dcmpgt
 .text          0x0000000008000b3c       0x2c /home/huang/st/stm32cubeide_1.14.0/plugins/com.st.stm32cube.ide.mcu.externaltools.gnu-tools-for-stm32.11.3.rel1.linux64_1.1.100.202309141235/tools/bin/../lib/gcc/arm-none-eabi/11.3.1/thumb/v7e-m+fp/hard/libgcc.a(_arm_unorddf2.o)
                0x0000000008000b3c                __aeabi_dcmpun
                0x0000000008000b3c                __unorddf2
 .text          0x0000000008000b68       0x50 /home/huang/st/stm32cubeide_1.14.0/plugins/com.st.stm32cube.ide.mcu.externaltools.gnu-tools-for-stm32.11.3.rel1.linux64_1.1.100.202309141235/tools/bin/../lib/gcc/arm-none-eabi/11.3.1/thumb/v7e-m+fp/hard/libgcc.a(_arm_fixdfsi.o)
                0x0000000008000b68                __fixdfsi
                0x0000000008000b68                __aeabi_d2iz
 .text          0x0000000008000bb8       0x40 /home/huang/st/stm32cubeide_1.14.0/plugins/com.st.stm32cube.ide.mcu.externaltools.gnu-tools-for-stm32.11.3.rel1.linux64_1.1.100.202309141235/tools/bin/../lib/gcc/arm-none-eabi/11.3.1/thumb/v7e-m+fp/hard/libgcc.a(_arm_fixunsdfsi.o)
                0x0000000008000bb8                __fixunsdfsi
                0x0000000008000bb8                __aeabi_d2uiz
 .text          0x0000000008000bf8       0xa0 /home/huang/st/stm32cubeide_1.14.0/plugins/com.st.stm32cube.ide.mcu.externaltools.gnu-tools-for-stm32.11.3.rel1.linux64_1.1.100.202309141235/tools/bin/../lib/gcc/arm-none-eabi/11.3.1/thumb/v7e-m+fp/hard/libgcc.a(_arm_truncdfsf2.o)
                0x0000000008000bf8                __aeabi_d2f
                0x0000000008000bf8                __truncdfsf2
 .text          0x0000000008000c98       0x30 /home/huang/st/stm32cubeide_1.14.0/plugins/com.st.stm32cube.ide.mcu.externaltools.gnu-tools-for-stm32.11.3.rel1.linux64_1.1.100.202309141235/tools/bin/../lib/gcc/arm-none-eabi/11.3.1/thumb/v7e-m+fp/hard/libgcc.a(_aeabi_uldivmod.o)
                0x0000000008000c98                __aeabi_uldivmod
 .text          0x0000000008000cc8       0x30 /home/huang/st/stm32cubeide_1.14.0/plugins/com.st.stm32cube.ide.mcu.externaltools.gnu-tools-for-stm32.11.3.rel1.linux64_1.1.100.202309141235/tools/bin/../lib/gcc/arm-none-eabi/11.3.1/thumb/v7e-m+fp/hard/libgcc.a(_fixdfdi.o)
                0x0000000008000cc8                __aeabi_d2lz
                0x0000000008000cc8                __fixdfdi
 .text          0x0000000008000cf8       0x3c /home/huang/st/stm32cubeide_1.14.0/plugins/com.st.stm32cube.ide.mcu.externaltools.gnu-tools-for-stm32.11.3.rel1.linux64_1.1.100.202309141235/tools/bin/../lib/gcc/arm-none-eabi/11.3.1/thumb/v7e-m+fp/hard/libgcc.a(_fixunsdfdi.o)
                0x0000000008000cf8                __aeabi_d2ulz
                0x0000000008000cf8                __fixunsdfdi
 .text          0x0000000008000d34      0x2c8 /home/huang/st/stm32cubeide_1.14.0/plugins/com.st.stm32cube.ide.mcu.externaltools.gnu-tools-for-stm32.11.3.rel1.linux64_1.1.100.202309141235/tools/bin/../lib/gcc/arm-none-eabi/11.3.1/thumb/v7e-m+fp/hard/libgcc.a(_udivmoddi4.o)
                0x0000000008000d34                __udivmoddi4
 .text          0x0000000008000ffc        0x4 /home/huang/st/stm32cubeide_1.14.0/plugins/com.st.stm32cube.ide.mcu.externaltools.gnu-tools-for-stm32.11.3.rel1.linux64_1.1.100.202309141235/tools/bin/../lib/gcc/arm-none-eabi/11.3.1/thumb/v7e-m+fp/hard/libgcc.a(_dvmd_tls.o)
                0x0000000008000ffc                __aeabi_ldiv0
                0x0000000008000ffc                __aeabi_idiv0
 *(.text*)
 .text.SELECT   0x0000000008001000       0x18 ./Core/Src/fatfs_sd.o
 .text.DESELECT
                0x0000000008001018       0x18 ./Core/Src/fatfs_sd.o
 .text.SPI_TxByte
                0x0000000008001030       0x34 ./Core/Src/fatfs_sd.o
 .text.SPI_RxByte
                0x0000000008001064       0x3c ./Core/Src/fatfs_sd.o
 .text.SPI_RxBytePtr
                0x00000000080010a0       0x1c ./Core/Src/fatfs_sd.o
 .text.SD_ReadyWait
                0x00000000080010bc       0x38 ./Core/Src/fatfs_sd.o
 .text.SD_PowerOn
                0x00000000080010f4       0x98 ./Core/Src/fatfs_sd.o
 .text.SD_PowerOff
                0x000000000800118c       0x18 ./Core/Src/fatfs_sd.o
 .text.SD_CheckPower
                0x00000000080011a4       0x18 ./Core/Src/fatfs_sd.o
 .text.SD_RxDataBlock
                0x00000000080011bc       0x6c ./Core/Src/fatfs_sd.o
 .text.SD_TxDataBlock
                0x0000000008001228       0xa8 ./Core/Src/fatfs_sd.o
 .text.SD_SendCmd
                0x00000000080012d0       0xa4 ./Core/Src/fatfs_sd.o
 .text.SD_disk_initialize
                0x0000000008001374      0x1d4 ./Core/Src/fatfs_sd.o
                0x0000000008001374                SD_disk_initialize
 .text.SD_disk_status
                0x0000000008001548       0x2c ./Core/Src/fatfs_sd.o
                0x0000000008001548                SD_disk_status
 .text.SD_disk_read
                0x0000000008001574       0xd4 ./Core/Src/fatfs_sd.o
                0x0000000008001574                SD_disk_read
 .text.SD_disk_write
                0x0000000008001648      0x108 ./Core/Src/fatfs_sd.o
                0x0000000008001648                SD_disk_write
 .text.SD_disk_ioctl
                0x0000000008001750      0x264 ./Core/Src/fatfs_sd.o
                0x0000000008001750                SD_disk_ioctl
 .text.__io_putchar
                0x00000000080019b4       0x24 ./Core/Src/main.o
                0x00000000080019b4                __io_putchar
 .text.HAL_GPIO_EXTI_Callback
                0x00000000080019d8       0x38 ./Core/Src/main.o
                0x00000000080019d8                HAL_GPIO_EXTI_Callback
 .text.HAL_UART_RxCpltCallback
                0x0000000008001a10      0x184 ./Core/Src/main.o
                0x0000000008001a10                HAL_UART_RxCpltCallback
 .text.main     0x0000000008001b94     0x1410 ./Core/Src/main.o
                0x0000000008001b94                main
 .text.SystemClock_Config
                0x0000000008002fa4       0xd4 ./Core/Src/main.o
                0x0000000008002fa4                SystemClock_Config
 .text.MX_RTC_Init
                0x0000000008003078       0xb4 ./Core/Src/main.o
 .text.MX_SPI1_Init
                0x000000000800312c       0x6c ./Core/Src/main.o
 .text.MX_TIM1_Init
                0x0000000008003198       0xa0 ./Core/Src/main.o
 .text.MX_TIM2_Init
                0x0000000008003238       0x9c ./Core/Src/main.o
 .text.MX_TIM3_Init
                0x00000000080032d4       0x9c ./Core/Src/main.o
 .text.MX_USART1_UART_Init
                0x0000000008003370       0x54 ./Core/Src/main.o
 .text.MX_GPIO_Init
                0x00000000080033c4      0x144 ./Core/Src/main.o
 .text.HAL_TIM_PeriodElapsedCallback
                0x0000000008003508       0x40 ./Core/Src/main.o
                0x0000000008003508                HAL_TIM_PeriodElapsedCallback
 .text.Cmd_display
                0x0000000008003548       0xa0 ./Core/Src/main.o
                0x0000000008003548                Cmd_display
 .text.SD_init  0x00000000080035e8      0x1f4 ./Core/Src/main.o
                0x00000000080035e8                SD_init
 .text.init_Date_Time
                0x00000000080037dc       0x40 ./Core/Src/main.o
                0x00000000080037dc                init_Date_Time
 .text.get_Date_Time
                0x000000000800381c       0x28 ./Core/Src/main.o
                0x000000000800381c                get_Date_Time
 .text.STM32_DIO0
                0x0000000008003844       0x20 ./Core/Src/main.o
                0x0000000008003844                STM32_DIO0
 .text.STM32_NRST
                0x0000000008003864       0x24 ./Core/Src/main.o
                0x0000000008003864                STM32_NRST
 .text.STM32_NSEL
                0x0000000008003888       0x24 ./Core/Src/main.o
                0x0000000008003888                STM32_NSEL
 .text.STM32_DelayUs
                0x00000000080038ac       0x30 ./Core/Src/main.o
                0x00000000080038ac                STM32_DelayUs
 .text.STM32_SPI_Write
                0x00000000080038dc       0x2c ./Core/Src/main.o
                0x00000000080038dc                STM32_SPI_Write
 .text.STM32_SPI_Read
                0x0000000008003908       0x2c ./Core/Src/main.o
                0x0000000008003908                STM32_SPI_Read
 .text.STM32_SPI_WriteRead
                0x0000000008003934       0x70 ./Core/Src/main.o
                0x0000000008003934                STM32_SPI_WriteRead
 .text.STM32_SPI_CheckState
                0x00000000080039a4       0x14 ./Core/Src/main.o
                0x00000000080039a4                STM32_SPI_CheckState
 .text.Error_Handler
                0x00000000080039b8        0xa ./Core/Src/main.o
                0x00000000080039b8                Error_Handler
 *fill*         0x00000000080039c2        0x2 
 .text.HAL_MspInit
                0x00000000080039c4       0x50 ./Core/Src/stm32f4xx_hal_msp.o
                0x00000000080039c4                HAL_MspInit
 .text.HAL_RTC_MspInit
                0x0000000008003a14       0x58 ./Core/Src/stm32f4xx_hal_msp.o
                0x0000000008003a14                HAL_RTC_MspInit
 .text.HAL_SPI_MspInit
                0x0000000008003a6c       0x90 ./Core/Src/stm32f4xx_hal_msp.o
                0x0000000008003a6c                HAL_SPI_MspInit
 .text.HAL_TIM_Base_MspInit
                0x0000000008003afc       0xb4 ./Core/Src/stm32f4xx_hal_msp.o
                0x0000000008003afc                HAL_TIM_Base_MspInit
 .text.HAL_UART_MspInit
                0x0000000008003bb0       0xa0 ./Core/Src/stm32f4xx_hal_msp.o
                0x0000000008003bb0                HAL_UART_MspInit
 .text.SDTimer_Handler
                0x0000000008003c50       0x48 ./Core/Src/stm32f4xx_it.o
                0x0000000008003c50                SDTimer_Handler
 .text.NMI_Handler
                0x0000000008003c98        0x6 ./Core/Src/stm32f4xx_it.o
                0x0000000008003c98                NMI_Handler
 .text.HardFault_Handler
                0x0000000008003c9e        0x6 ./Core/Src/stm32f4xx_it.o
                0x0000000008003c9e                HardFault_Handler
 .text.MemManage_Handler
                0x0000000008003ca4        0x6 ./Core/Src/stm32f4xx_it.o
                0x0000000008003ca4                MemManage_Handler
 .text.BusFault_Handler
                0x0000000008003caa        0x6 ./Core/Src/stm32f4xx_it.o
                0x0000000008003caa                BusFault_Handler
 .text.UsageFault_Handler
                0x0000000008003cb0        0x6 ./Core/Src/stm32f4xx_it.o
                0x0000000008003cb0                UsageFault_Handler
 .text.SVC_Handler
                0x0000000008003cb6        0xe ./Core/Src/stm32f4xx_it.o
                0x0000000008003cb6                SVC_Handler
 .text.DebugMon_Handler
                0x0000000008003cc4        0xe ./Core/Src/stm32f4xx_it.o
                0x0000000008003cc4                DebugMon_Handler
 .text.PendSV_Handler
                0x0000000008003cd2        0xe ./Core/Src/stm32f4xx_it.o
                0x0000000008003cd2                PendSV_Handler
 .text.SysTick_Handler
                0x0000000008003ce0       0x34 ./Core/Src/stm32f4xx_it.o
                0x0000000008003ce0                SysTick_Handler
 .text.EXTI0_IRQHandler
                0x0000000008003d14        0xe ./Core/Src/stm32f4xx_it.o
                0x0000000008003d14                EXTI0_IRQHandler
 .text.EXTI4_IRQHandler
                0x0000000008003d22        0xe ./Core/Src/stm32f4xx_it.o
                0x0000000008003d22                EXTI4_IRQHandler
 .text.TIM2_IRQHandler
                0x0000000008003d30       0x14 ./Core/Src/stm32f4xx_it.o
                0x0000000008003d30                TIM2_IRQHandler
 .text.TIM3_IRQHandler
                0x0000000008003d44       0x14 ./Core/Src/stm32f4xx_it.o
                0x0000000008003d44                TIM3_IRQHandler
 .text.USART1_IRQHandler
                0x0000000008003d58       0x14 ./Core/Src/stm32f4xx_it.o
                0x0000000008003d58                USART1_IRQHandler
 .text._getpid  0x0000000008003d6c       0x10 ./Core/Src/syscalls.o
                0x0000000008003d6c                _getpid
 .text._kill    0x0000000008003d7c       0x20 ./Core/Src/syscalls.o
                0x0000000008003d7c                _kill
 .text._exit    0x0000000008003d9c       0x14 ./Core/Src/syscalls.o
                0x0000000008003d9c                _exit
 .text._read    0x0000000008003db0       0x3a ./Core/Src/syscalls.o
                0x0000000008003db0                _read
 .text._write   0x0000000008003dea       0x38 ./Core/Src/syscalls.o
                0x0000000008003dea                _write
 .text._close   0x0000000008003e22       0x18 ./Core/Src/syscalls.o
                0x0000000008003e22                _close
 .text._fstat   0x0000000008003e3a       0x20 ./Core/Src/syscalls.o
                0x0000000008003e3a                _fstat
 .text._isatty  0x0000000008003e5a       0x16 ./Core/Src/syscalls.o
                0x0000000008003e5a                _isatty
 .text._lseek   0x0000000008003e70       0x1a ./Core/Src/syscalls.o
                0x0000000008003e70                _lseek
 *fill*         0x0000000008003e8a        0x2 
 .text._sbrk    0x0000000008003e8c       0x6c ./Core/Src/sysmem.o
                0x0000000008003e8c                _sbrk
 .text.SystemInit
                0x0000000008003ef8       0x24 ./Core/Src/system_stm32f4xx.o
                0x0000000008003ef8                SystemInit
 .text.Reset_Handler
                0x0000000008003f1c       0x50 ./Core/Startup/startup_stm32f411ceux.o
                0x0000000008003f1c                Reset_Handler
 .text.Default_Handler
                0x0000000008003f6c        0x2 ./Core/Startup/startup_stm32f411ceux.o
                0x0000000008003f6c                RTC_Alarm_IRQHandler
                0x0000000008003f6c                EXTI2_IRQHandler
                0x0000000008003f6c                SPI4_IRQHandler
                0x0000000008003f6c                TIM1_CC_IRQHandler
                0x0000000008003f6c                DMA2_Stream5_IRQHandler
                0x0000000008003f6c                DMA1_Stream5_IRQHandler
                0x0000000008003f6c                PVD_IRQHandler
                0x0000000008003f6c                SDIO_IRQHandler
                0x0000000008003f6c                TAMP_STAMP_IRQHandler
                0x0000000008003f6c                EXTI3_IRQHandler
                0x0000000008003f6c                TIM1_UP_TIM10_IRQHandler
                0x0000000008003f6c                I2C3_ER_IRQHandler
                0x0000000008003f6c                I2C2_EV_IRQHandler
                0x0000000008003f6c                DMA1_Stream2_IRQHandler
                0x0000000008003f6c                FPU_IRQHandler
                0x0000000008003f6c                DMA2_Stream2_IRQHandler
                0x0000000008003f6c                SPI1_IRQHandler
                0x0000000008003f6c                TIM1_BRK_TIM9_IRQHandler
                0x0000000008003f6c                DMA2_Stream3_IRQHandler
                0x0000000008003f6c                USART6_IRQHandler
                0x0000000008003f6c                DMA2_Stream0_IRQHandler
                0x0000000008003f6c                TIM4_IRQHandler
                0x0000000008003f6c                I2C1_EV_IRQHandler
                0x0000000008003f6c                DMA1_Stream6_IRQHandler
                0x0000000008003f6c                DMA1_Stream1_IRQHandler
                0x0000000008003f6c                RCC_IRQHandler
                0x0000000008003f6c                Default_Handler
                0x0000000008003f6c                EXTI15_10_IRQHandler
                0x0000000008003f6c                ADC_IRQHandler
                0x0000000008003f6c                DMA1_Stream7_IRQHandler
                0x0000000008003f6c                SPI5_IRQHandler
                0x0000000008003f6c                TIM5_IRQHandler
                0x0000000008003f6c                DMA2_Stream7_IRQHandler
                0x0000000008003f6c                I2C3_EV_IRQHandler
                0x0000000008003f6c                EXTI9_5_IRQHandler
                0x0000000008003f6c                RTC_WKUP_IRQHandler
                0x0000000008003f6c                SPI2_IRQHandler
                0x0000000008003f6c                DMA1_Stream0_IRQHandler
                0x0000000008003f6c                WWDG_IRQHandler
                0x0000000008003f6c                OTG_FS_WKUP_IRQHandler
                0x0000000008003f6c                TIM1_TRG_COM_TIM11_IRQHandler
                0x0000000008003f6c                EXTI1_IRQHandler
                0x0000000008003f6c                USART2_IRQHandler
                0x0000000008003f6c                I2C2_ER_IRQHandler
                0x0000000008003f6c                DMA2_Stream1_IRQHandler
                0x0000000008003f6c                FLASH_IRQHandler
                0x0000000008003f6c                DMA2_Stream4_IRQHandler
                0x0000000008003f6c                OTG_FS_IRQHandler
                0x0000000008003f6c                SPI3_IRQHandler
                0x0000000008003f6c                DMA1_Stream4_IRQHandler
                0x0000000008003f6c                I2C1_ER_IRQHandler
                0x0000000008003f6c                DMA2_Stream6_IRQHandler
                0x0000000008003f6c                DMA1_Stream3_IRQHandler
 *fill*         0x0000000008003f6e        0x2 
 .text.HAL_Init
                0x0000000008003f70       0x44 ./Drivers/STM32F4xx_HAL_Driver/Src/stm32f4xx_hal.o
                0x0000000008003f70                HAL_Init
 .text.HAL_InitTick
                0x0000000008003fb4       0x60 ./Drivers/STM32F4xx_HAL_Driver/Src/stm32f4xx_hal.o
                0x0000000008003fb4                HAL_InitTick
 .text.HAL_IncTick
                0x0000000008004014       0x28 ./Drivers/STM32F4xx_HAL_Driver/Src/stm32f4xx_hal.o
                0x0000000008004014                HAL_IncTick
 .text.HAL_GetTick
                0x000000000800403c       0x18 ./Drivers/STM32F4xx_HAL_Driver/Src/stm32f4xx_hal.o
                0x000000000800403c                HAL_GetTick
 .text.HAL_Delay
                0x0000000008004054       0x48 ./Drivers/STM32F4xx_HAL_Driver/Src/stm32f4xx_hal.o
                0x0000000008004054                HAL_Delay
 .text.__NVIC_SetPriorityGrouping
                0x000000000800409c       0x48 ./Drivers/STM32F4xx_HAL_Driver/Src/stm32f4xx_hal_cortex.o
 .text.__NVIC_GetPriorityGrouping
                0x00000000080040e4       0x1c ./Drivers/STM32F4xx_HAL_Driver/Src/stm32f4xx_hal_cortex.o
 .text.__NVIC_EnableIRQ
                0x0000000008004100       0x3c ./Drivers/STM32F4xx_HAL_Driver/Src/stm32f4xx_hal_cortex.o
 .text.__NVIC_SetPriority
                0x000000000800413c       0x54 ./Drivers/STM32F4xx_HAL_Driver/Src/stm32f4xx_hal_cortex.o
 .text.NVIC_EncodePriority
                0x0000000008004190       0x66 ./Drivers/STM32F4xx_HAL_Driver/Src/stm32f4xx_hal_cortex.o
 *fill*         0x00000000080041f6        0x2 
 .text.SysTick_Config
                0x00000000080041f8       0x44 ./Drivers/STM32F4xx_HAL_Driver/Src/stm32f4xx_hal_cortex.o
 .text.HAL_NVIC_SetPriorityGrouping
                0x000000000800423c       0x16 ./Drivers/STM32F4xx_HAL_Driver/Src/stm32f4xx_hal_cortex.o
                0x000000000800423c                HAL_NVIC_SetPriorityGrouping
 .text.HAL_NVIC_SetPriority
                0x0000000008004252       0x38 ./Drivers/STM32F4xx_HAL_Driver/Src/stm32f4xx_hal_cortex.o
                0x0000000008004252                HAL_NVIC_SetPriority
 .text.HAL_NVIC_EnableIRQ
                0x000000000800428a       0x1c ./Drivers/STM32F4xx_HAL_Driver/Src/stm32f4xx_hal_cortex.o
                0x000000000800428a                HAL_NVIC_EnableIRQ
 .text.HAL_SYSTICK_Config
                0x00000000080042a6       0x18 ./Drivers/STM32F4xx_HAL_Driver/Src/stm32f4xx_hal_cortex.o
                0x00000000080042a6                HAL_SYSTICK_Config
 .text.HAL_DMA_Abort
                0x00000000080042be       0xe0 ./Drivers/STM32F4xx_HAL_Driver/Src/stm32f4xx_hal_dma.o
                0x00000000080042be                HAL_DMA_Abort
 .text.HAL_DMA_Abort_IT
                0x000000000800439e       0x44 ./Drivers/STM32F4xx_HAL_Driver/Src/stm32f4xx_hal_dma.o
                0x000000000800439e                HAL_DMA_Abort_IT
 *fill*         0x00000000080043e2        0x2 
 .text.HAL_GPIO_Init
                0x00000000080043e4      0x308 ./Drivers/STM32F4xx_HAL_Driver/Src/stm32f4xx_hal_gpio.o
                0x00000000080043e4                HAL_GPIO_Init
 .text.HAL_GPIO_ReadPin
                0x00000000080046ec       0x30 ./Drivers/STM32F4xx_HAL_Driver/Src/stm32f4xx_hal_gpio.o
                0x00000000080046ec                HAL_GPIO_ReadPin
 .text.HAL_GPIO_WritePin
                0x000000000800471c       0x32 ./Drivers/STM32F4xx_HAL_Driver/Src/stm32f4xx_hal_gpio.o
                0x000000000800471c                HAL_GPIO_WritePin
 *fill*         0x000000000800474e        0x2 
 .text.HAL_GPIO_EXTI_IRQHandler
                0x0000000008004750       0x30 ./Drivers/STM32F4xx_HAL_Driver/Src/stm32f4xx_hal_gpio.o
                0x0000000008004750                HAL_GPIO_EXTI_IRQHandler
 .text.HAL_RCC_OscConfig
                0x0000000008004780      0x4f0 ./Drivers/STM32F4xx_HAL_Driver/Src/stm32f4xx_hal_rcc.o
                0x0000000008004780                HAL_RCC_OscConfig
 .text.HAL_RCC_ClockConfig
                0x0000000008004c70      0x1cc ./Drivers/STM32F4xx_HAL_Driver/Src/stm32f4xx_hal_rcc.o
                0x0000000008004c70                HAL_RCC_ClockConfig
 .text.HAL_RCC_GetSysClockFreq
                0x0000000008004e3c      0x18c ./Drivers/STM32F4xx_HAL_Driver/Src/stm32f4xx_hal_rcc.o
                0x0000000008004e3c                HAL_RCC_GetSysClockFreq
 .text.HAL_RCC_GetHCLKFreq
                0x0000000008004fc8       0x18 ./Drivers/STM32F4xx_HAL_Driver/Src/stm32f4xx_hal_rcc.o
                0x0000000008004fc8                HAL_RCC_GetHCLKFreq
 .text.HAL_RCC_GetPCLK1Freq
                0x0000000008004fe0       0x28 ./Drivers/STM32F4xx_HAL_Driver/Src/stm32f4xx_hal_rcc.o
                0x0000000008004fe0                HAL_RCC_GetPCLK1Freq
 .text.HAL_RCC_GetPCLK2Freq
                0x0000000008005008       0x28 ./Drivers/STM32F4xx_HAL_Driver/Src/stm32f4xx_hal_rcc.o
                0x0000000008005008                HAL_RCC_GetPCLK2Freq
 .text.HAL_RCCEx_PeriphCLKConfig
                0x0000000008005030      0x1e0 ./Drivers/STM32F4xx_HAL_Driver/Src/stm32f4xx_hal_rcc_ex.o
                0x0000000008005030                HAL_RCCEx_PeriphCLKConfig
 .text.HAL_RTC_Init
                0x0000000008005210      0x106 ./Drivers/STM32F4xx_HAL_Driver/Src/stm32f4xx_hal_rtc.o
                0x0000000008005210                HAL_RTC_Init
 .text.HAL_RTC_SetTime
                0x0000000008005316      0x134 ./Drivers/STM32F4xx_HAL_Driver/Src/stm32f4xx_hal_rtc.o
                0x0000000008005316                HAL_RTC_SetTime
 .text.HAL_RTC_GetTime
                0x000000000800544a       0xbc ./Drivers/STM32F4xx_HAL_Driver/Src/stm32f4xx_hal_rtc.o
                0x000000000800544a                HAL_RTC_GetTime
 .text.HAL_RTC_SetDate
                0x0000000008005506      0x108 ./Drivers/STM32F4xx_HAL_Driver/Src/stm32f4xx_hal_rtc.o
                0x0000000008005506                HAL_RTC_SetDate
 .text.HAL_RTC_GetDate
                0x000000000800560e       0x9e ./Drivers/STM32F4xx_HAL_Driver/Src/stm32f4xx_hal_rtc.o
                0x000000000800560e                HAL_RTC_GetDate
 .text.HAL_RTC_WaitForSynchro
                0x00000000080056ac       0x4c ./Drivers/STM32F4xx_HAL_Driver/Src/stm32f4xx_hal_rtc.o
                0x00000000080056ac                HAL_RTC_WaitForSynchro
 .text.RTC_EnterInitMode
                0x00000000080056f8       0x6e ./Drivers/STM32F4xx_HAL_Driver/Src/stm32f4xx_hal_rtc.o
                0x00000000080056f8                RTC_EnterInitMode
 .text.RTC_ExitInitMode
                0x0000000008005766       0x4a ./Drivers/STM32F4xx_HAL_Driver/Src/stm32f4xx_hal_rtc.o
                0x0000000008005766                RTC_ExitInitMode
 .text.RTC_ByteToBcd2
                0x00000000080057b0       0x3c ./Drivers/STM32F4xx_HAL_Driver/Src/stm32f4xx_hal_rtc.o
                0x00000000080057b0                RTC_ByteToBcd2
 .text.RTC_Bcd2ToByte
                0x00000000080057ec       0x3c ./Drivers/STM32F4xx_HAL_Driver/Src/stm32f4xx_hal_rtc.o
                0x00000000080057ec                RTC_Bcd2ToByte
 .text.HAL_SPI_Init
                0x0000000008005828      0x112 ./Drivers/STM32F4xx_HAL_Driver/Src/stm32f4xx_hal_spi.o
                0x0000000008005828                HAL_SPI_Init
 .text.HAL_SPI_Transmit
                0x000000000800593a      0x286 ./Drivers/STM32F4xx_HAL_Driver/Src/stm32f4xx_hal_spi.o
                0x000000000800593a                HAL_SPI_Transmit
 .text.HAL_SPI_Receive
                0x0000000008005bc0      0x230 ./Drivers/STM32F4xx_HAL_Driver/Src/stm32f4xx_hal_spi.o
                0x0000000008005bc0                HAL_SPI_Receive
 .text.HAL_SPI_TransmitReceive
                0x0000000008005df0      0x360 ./Drivers/STM32F4xx_HAL_Driver/Src/stm32f4xx_hal_spi.o
                0x0000000008005df0                HAL_SPI_TransmitReceive
 .text.HAL_SPI_GetState
                0x0000000008006150       0x1c ./Drivers/STM32F4xx_HAL_Driver/Src/stm32f4xx_hal_spi.o
                0x0000000008006150                HAL_SPI_GetState
 .text.SPI_WaitFlagStateUntilTimeout
                0x000000000800616c      0x110 ./Drivers/STM32F4xx_HAL_Driver/Src/stm32f4xx_hal_spi.o
 .text.SPI_EndRxTransaction
                0x000000000800627c       0xca ./Drivers/STM32F4xx_HAL_Driver/Src/stm32f4xx_hal_spi.o
 *fill*         0x0000000008006346        0x2 
 .text.SPI_EndRxTxTransaction
                0x0000000008006348       0xa8 ./Drivers/STM32F4xx_HAL_Driver/Src/stm32f4xx_hal_spi.o
 .text.HAL_TIM_Base_Init
                0x00000000080063f0       0x9e ./Drivers/STM32F4xx_HAL_Driver/Src/stm32f4xx_hal_tim.o
                0x00000000080063f0                HAL_TIM_Base_Init
 *fill*         0x000000000800648e        0x2 
 .text.HAL_TIM_Base_Start
                0x0000000008006490       0xb4 ./Drivers/STM32F4xx_HAL_Driver/Src/stm32f4xx_hal_tim.o
                0x0000000008006490                HAL_TIM_Base_Start
 .text.HAL_TIM_Base_Start_IT
                0x0000000008006544       0xc4 ./Drivers/STM32F4xx_HAL_Driver/Src/stm32f4xx_hal_tim.o
                0x0000000008006544                HAL_TIM_Base_Start_IT
 .text.HAL_TIM_Base_Stop_IT
                0x0000000008006608       0x5e ./Drivers/STM32F4xx_HAL_Driver/Src/stm32f4xx_hal_tim.o
                0x0000000008006608                HAL_TIM_Base_Stop_IT
 .text.HAL_TIM_IRQHandler
                0x0000000008006666      0x1e0 ./Drivers/STM32F4xx_HAL_Driver/Src/stm32f4xx_hal_tim.o
                0x0000000008006666                HAL_TIM_IRQHandler
 .text.HAL_TIM_ConfigClockSource
                0x0000000008006846      0x18e ./Drivers/STM32F4xx_HAL_Driver/Src/stm32f4xx_hal_tim.o
                0x0000000008006846                HAL_TIM_ConfigClockSource
 .text.HAL_TIM_OC_DelayElapsedCallback
                0x00000000080069d4       0x14 ./Drivers/STM32F4xx_HAL_Driver/Src/stm32f4xx_hal_tim.o
                0x00000000080069d4                HAL_TIM_OC_DelayElapsedCallback
 .text.HAL_TIM_IC_CaptureCallback
                0x00000000080069e8       0x14 ./Drivers/STM32F4xx_HAL_Driver/Src/stm32f4xx_hal_tim.o
                0x00000000080069e8                HAL_TIM_IC_CaptureCallback
 .text.HAL_TIM_PWM_PulseFinishedCallback
                0x00000000080069fc       0x14 ./Drivers/STM32F4xx_HAL_Driver/Src/stm32f4xx_hal_tim.o
                0x00000000080069fc                HAL_TIM_PWM_PulseFinishedCallback
 .text.HAL_TIM_TriggerCallback
                0x0000000008006a10       0x14 ./Drivers/STM32F4xx_HAL_Driver/Src/stm32f4xx_hal_tim.o
                0x0000000008006a10                HAL_TIM_TriggerCallback
 .text.TIM_Base_SetConfig
                0x0000000008006a24      0x118 ./Drivers/STM32F4xx_HAL_Driver/Src/stm32f4xx_hal_tim.o
                0x0000000008006a24                TIM_Base_SetConfig
 .text.TIM_TI1_ConfigInputStage
                0x0000000008006b3c       0x5e ./Drivers/STM32F4xx_HAL_Driver/Src/stm32f4xx_hal_tim.o
 .text.TIM_TI2_ConfigInputStage
                0x0000000008006b9a       0x60 ./Drivers/STM32F4xx_HAL_Driver/Src/stm32f4xx_hal_tim.o
 .text.TIM_ITRx_SetConfig
                0x0000000008006bfa       0x36 ./Drivers/STM32F4xx_HAL_Driver/Src/stm32f4xx_hal_tim.o
 .text.TIM_ETR_SetConfig
                0x0000000008006c30       0x40 ./Drivers/STM32F4xx_HAL_Driver/Src/stm32f4xx_hal_tim.o
                0x0000000008006c30                TIM_ETR_SetConfig
 .text.HAL_TIMEx_MasterConfigSynchronization
                0x0000000008006c70       0xdc ./Drivers/STM32F4xx_HAL_Driver/Src/stm32f4xx_hal_tim_ex.o
                0x0000000008006c70                HAL_TIMEx_MasterConfigSynchronization
 .text.HAL_TIMEx_CommutCallback
                0x0000000008006d4c       0x14 ./Drivers/STM32F4xx_HAL_Driver/Src/stm32f4xx_hal_tim_ex.o
                0x0000000008006d4c                HAL_TIMEx_CommutCallback
 .text.HAL_TIMEx_BreakCallback
                0x0000000008006d60       0x14 ./Drivers/STM32F4xx_HAL_Driver/Src/stm32f4xx_hal_tim_ex.o
                0x0000000008006d60                HAL_TIMEx_BreakCallback
 .text.HAL_UART_Init
                0x0000000008006d74       0xa0 ./Drivers/STM32F4xx_HAL_Driver/Src/stm32f4xx_hal_uart.o
                0x0000000008006d74                HAL_UART_Init
 .text.HAL_UART_Transmit
                0x0000000008006e14      0x116 ./Drivers/STM32F4xx_HAL_Driver/Src/stm32f4xx_hal_uart.o
                0x0000000008006e14                HAL_UART_Transmit
 .text.HAL_UART_Receive_IT
                0x0000000008006f2a       0x4a ./Drivers/STM32F4xx_HAL_Driver/Src/stm32f4xx_hal_uart.o
                0x0000000008006f2a                HAL_UART_Receive_IT
 .text.HAL_UART_IRQHandler
                0x0000000008006f74      0x524 ./Drivers/STM32F4xx_HAL_Driver/Src/stm32f4xx_hal_uart.o
                0x0000000008006f74                HAL_UART_IRQHandler
 .text.HAL_UART_TxCpltCallback
                0x0000000008007498       0x14 ./Drivers/STM32F4xx_HAL_Driver/Src/stm32f4xx_hal_uart.o
                0x0000000008007498                HAL_UART_TxCpltCallback
 .text.HAL_UART_ErrorCallback
                0x00000000080074ac       0x14 ./Drivers/STM32F4xx_HAL_Driver/Src/stm32f4xx_hal_uart.o
                0x00000000080074ac                HAL_UART_ErrorCallback
 .text.HAL_UARTEx_RxEventCallback
                0x00000000080074c0       0x18 ./Drivers/STM32F4xx_HAL_Driver/Src/stm32f4xx_hal_uart.o
                0x00000000080074c0                HAL_UARTEx_RxEventCallback
 .text.UART_WaitOnFlagUntilTimeout
                0x00000000080074d8       0xb2 ./Drivers/STM32F4xx_HAL_Driver/Src/stm32f4xx_hal_uart.o
 .text.UART_Start_Receive_IT
                0x000000000800758a       0x74 ./Drivers/STM32F4xx_HAL_Driver/Src/stm32f4xx_hal_uart.o
                0x000000000800758a                UART_Start_Receive_IT
 .text.UART_EndRxTransfer
                0x00000000080075fe       0xc6 ./Drivers/STM32F4xx_HAL_Driver/Src/stm32f4xx_hal_uart.o
 .text.UART_DMAAbortOnError
                0x00000000080076c4       0x28 ./Drivers/STM32F4xx_HAL_Driver/Src/stm32f4xx_hal_uart.o
 .text.UART_Transmit_IT
                0x00000000080076ec       0xa0 ./Drivers/STM32F4xx_HAL_Driver/Src/stm32f4xx_hal_uart.o
 .text.UART_EndTransmit_IT
                0x000000000800778c       0x30 ./Drivers/STM32F4xx_HAL_Driver/Src/stm32f4xx_hal_uart.o
 .text.UART_Receive_IT
                0x00000000080077bc      0x17c ./Drivers/STM32F4xx_HAL_Driver/Src/stm32f4xx_hal_uart.o
 .text.UART_SetConfig
                0x0000000008007938      0x4e8 ./Drivers/STM32F4xx_HAL_Driver/Src/stm32f4xx_hal_uart.o
 .text.MX_FATFS_Init
                0x0000000008007e20       0x24 ./FATFS/App/fatfs.o
                0x0000000008007e20                MX_FATFS_Init
 .text.get_fattime
                0x0000000008007e44       0x10 ./FATFS/App/fatfs.o
                0x0000000008007e44                get_fattime
 .text.USER_initialize
                0x0000000008007e54       0x1c ./FATFS/Target/user_diskio.o
                0x0000000008007e54                USER_initialize
 .text.USER_status
                0x0000000008007e70       0x1c ./FATFS/Target/user_diskio.o
                0x0000000008007e70                USER_status
 .text.USER_read
                0x0000000008007e8c       0x26 ./FATFS/Target/user_diskio.o
                0x0000000008007e8c                USER_read
 .text.USER_write
                0x0000000008007eb2       0x26 ./FATFS/Target/user_diskio.o
                0x0000000008007eb2                USER_write
 .text.USER_ioctl
                0x0000000008007ed8       0x26 ./FATFS/Target/user_diskio.o
                0x0000000008007ed8                USER_ioctl
 *fill*         0x0000000008007efe        0x2 
 .text.disk_status
                0x0000000008007f00       0x34 ./Middlewares/Third_Party/FatFs/src/diskio.o
                0x0000000008007f00                disk_status
 .text.disk_initialize
                0x0000000008007f34       0x50 ./Middlewares/Third_Party/FatFs/src/diskio.o
                0x0000000008007f34                disk_initialize
 .text.disk_read
                0x0000000008007f84       0x40 ./Middlewares/Third_Party/FatFs/src/diskio.o
                0x0000000008007f84                disk_read
 .text.disk_write
                0x0000000008007fc4       0x40 ./Middlewares/Third_Party/FatFs/src/diskio.o
                0x0000000008007fc4                disk_write
 .text.disk_ioctl
                0x0000000008008004       0x3c ./Middlewares/Third_Party/FatFs/src/diskio.o
                0x0000000008008004                disk_ioctl
 .text.ld_word  0x0000000008008040       0x30 ./Middlewares/Third_Party/FatFs/src/ff.o
 .text.ld_dword
                0x0000000008008070       0x46 ./Middlewares/Third_Party/FatFs/src/ff.o
 .text.st_word  0x00000000080080b6       0x36 ./Middlewares/Third_Party/FatFs/src/ff.o
 .text.st_dword
                0x00000000080080ec       0x58 ./Middlewares/Third_Party/FatFs/src/ff.o
 .text.mem_cpy  0x0000000008008144       0x42 ./Middlewares/Third_Party/FatFs/src/ff.o
 .text.mem_set  0x0000000008008186       0x36 ./Middlewares/Third_Party/FatFs/src/ff.o
 .text.mem_cmp  0x00000000080081bc       0x4e ./Middlewares/Third_Party/FatFs/src/ff.o
 .text.chk_chr  0x000000000800820a       0x36 ./Middlewares/Third_Party/FatFs/src/ff.o
 .text.chk_lock
                0x0000000008008240       0xb8 ./Middlewares/Third_Party/FatFs/src/ff.o
 .text.enq_lock
                0x00000000080082f8       0x44 ./Middlewares/Third_Party/FatFs/src/ff.o
 .text.inc_lock
                0x000000000800833c      0x11c ./Middlewares/Third_Party/FatFs/src/ff.o
 .text.dec_lock
                0x0000000008008458       0x78 ./Middlewares/Third_Party/FatFs/src/ff.o
 .text.clear_lock
                0x00000000080084d0       0x48 ./Middlewares/Third_Party/FatFs/src/ff.o
 .text.sync_window
                0x0000000008008518       0x88 ./Middlewares/Third_Party/FatFs/src/ff.o
 .text.move_window
                0x00000000080085a0       0x5a ./Middlewares/Third_Party/FatFs/src/ff.o
 *fill*         0x00000000080085fa        0x2 
 .text.sync_fs  0x00000000080085fc       0xe0 ./Middlewares/Third_Party/FatFs/src/ff.o
 .text.clust2sect
                0x00000000080086dc       0x3e ./Middlewares/Third_Party/FatFs/src/ff.o
 .text.get_fat  0x000000000800871a      0x1a8 ./Middlewares/Third_Party/FatFs/src/ff.o
 .text.put_fat  0x00000000080088c2      0x234 ./Middlewares/Third_Party/FatFs/src/ff.o
 .text.remove_chain
                0x0000000008008af6       0xca ./Middlewares/Third_Party/FatFs/src/ff.o
 .text.create_chain
                0x0000000008008bc0      0x130 ./Middlewares/Third_Party/FatFs/src/ff.o
 .text.clmt_clust
                0x0000000008008cf0       0x70 ./Middlewares/Third_Party/FatFs/src/ff.o
 .text.dir_sdi  0x0000000008008d60      0x112 ./Middlewares/Third_Party/FatFs/src/ff.o
 .text.dir_next
                0x0000000008008e72      0x1ac ./Middlewares/Third_Party/FatFs/src/ff.o
 .text.dir_alloc
                0x000000000800901e       0x8e ./Middlewares/Third_Party/FatFs/src/ff.o
 .text.ld_clust
                0x00000000080090ac       0x3e ./Middlewares/Third_Party/FatFs/src/ff.o
 .text.st_clust
                0x00000000080090ea       0x40 ./Middlewares/Third_Party/FatFs/src/ff.o
 *fill*         0x000000000800912a        0x2 
 .text.cmp_lfn  0x000000000800912c       0xe0 ./Middlewares/Third_Party/FatFs/src/ff.o
 .text.pick_lfn
                0x000000000800920c       0xc8 ./Middlewares/Third_Party/FatFs/src/ff.o
 .text.put_lfn  0x00000000080092d4       0xd0 ./Middlewares/Third_Party/FatFs/src/ff.o
 .text.gen_numname
                0x00000000080093a4      0x11c ./Middlewares/Third_Party/FatFs/src/ff.o
 .text.sum_sfn  0x00000000080094c0       0x42 ./Middlewares/Third_Party/FatFs/src/ff.o
 .text.dir_read
                0x0000000008009502      0x14e ./Middlewares/Third_Party/FatFs/src/ff.o
 .text.dir_find
                0x0000000008009650      0x180 ./Middlewares/Third_Party/FatFs/src/ff.o
 .text.dir_register
                0x00000000080097d0      0x1f0 ./Middlewares/Third_Party/FatFs/src/ff.o
 .text.dir_remove
                0x00000000080099c0       0x94 ./Middlewares/Third_Party/FatFs/src/ff.o
 .text.get_fileinfo
                0x0000000008009a54      0x1ba ./Middlewares/Third_Party/FatFs/src/ff.o
 *fill*         0x0000000008009c0e        0x2 
 .text.create_name
                0x0000000008009c10      0x370 ./Middlewares/Third_Party/FatFs/src/ff.o
 .text.follow_path
                0x0000000008009f80       0xec ./Middlewares/Third_Party/FatFs/src/ff.o
 .text.get_ldnumber
                0x000000000800a06c       0x88 ./Middlewares/Third_Party/FatFs/src/ff.o
 .text.check_fs
                0x000000000800a0f4       0xac ./Middlewares/Third_Party/FatFs/src/ff.o
 .text.find_volume
                0x000000000800a1a0      0x50c ./Middlewares/Third_Party/FatFs/src/ff.o
 .text.validate
                0x000000000800a6ac       0x6a ./Middlewares/Third_Party/FatFs/src/ff.o
 *fill*         0x000000000800a716        0x2 
 .text.f_mount  0x000000000800a718       0x8c ./Middlewares/Third_Party/FatFs/src/ff.o
                0x000000000800a718                f_mount
 .text.f_open   0x000000000800a7a4      0x398 ./Middlewares/Third_Party/FatFs/src/ff.o
                0x000000000800a7a4                f_open
 .text.f_read   0x000000000800ab3c      0x2be ./Middlewares/Third_Party/FatFs/src/ff.o
                0x000000000800ab3c                f_read
 .text.f_write  0x000000000800adfa      0x328 ./Middlewares/Third_Party/FatFs/src/ff.o
                0x000000000800adfa                f_write
 .text.f_sync   0x000000000800b122       0xfc ./Middlewares/Third_Party/FatFs/src/ff.o
                0x000000000800b122                f_sync
 .text.f_close  0x000000000800b21e       0x54 ./Middlewares/Third_Party/FatFs/src/ff.o
                0x000000000800b21e                f_close
 .text.f_lseek  0x000000000800b272      0x448 ./Middlewares/Third_Party/FatFs/src/ff.o
                0x000000000800b272                f_lseek
 .text.f_opendir
                0x000000000800b6ba       0xe6 ./Middlewares/Third_Party/FatFs/src/ff.o
                0x000000000800b6ba                f_opendir
 .text.f_closedir
                0x000000000800b7a0       0x4c ./Middlewares/Third_Party/FatFs/src/ff.o
                0x000000000800b7a0                f_closedir
 .text.f_readdir
                0x000000000800b7ec       0x7a ./Middlewares/Third_Party/FatFs/src/ff.o
                0x000000000800b7ec                f_readdir
 .text.f_getfree
                0x000000000800b866      0x16a ./Middlewares/Third_Party/FatFs/src/ff.o
                0x000000000800b866                f_getfree
 .text.f_unlink
                0x000000000800b9d0      0x156 ./Middlewares/Third_Party/FatFs/src/ff.o
                0x000000000800b9d0                f_unlink
 .text.putc_bfd
                0x000000000800bb26       0x7a ./Middlewares/Third_Party/FatFs/src/ff.o
 .text.putc_flush
                0x000000000800bba0       0x4a ./Middlewares/Third_Party/FatFs/src/ff.o
 .text.putc_init
                0x000000000800bbea       0x2a ./Middlewares/Third_Party/FatFs/src/ff.o
 .text.f_puts   0x000000000800bc14       0x48 ./Middlewares/Third_Party/FatFs/src/ff.o
                0x000000000800bc14                f_puts
 .text.FATFS_LinkDriverEx
                0x000000000800bc5c       0x98 ./Middlewares/Third_Party/FatFs/src/ff_gen_drv.o
                0x000000000800bc5c                FATFS_LinkDriverEx
 .text.FATFS_LinkDriver
                0x000000000800bcf4       0x1e ./Middlewares/Third_Party/FatFs/src/ff_gen_drv.o
                0x000000000800bcf4                FATFS_LinkDriver
 *fill*         0x000000000800bd12        0x2 
 .text.ff_convert
                0x000000000800bd14       0x78 ./Middlewares/Third_Party/FatFs/src/option/ccsbcs.o
                0x000000000800bd14                ff_convert
 .text.ff_wtoupper
                0x000000000800bd8c      0x114 ./Middlewares/Third_Party/FatFs/src/option/ccsbcs.o
                0x000000000800bd8c                ff_wtoupper
 .text.RFM95_Reset
                0x000000000800bea0       0x34 ./RFM95_API/src/RFM95.o
                0x000000000800bea0                RFM95_Reset
 .text.RFM95_LoRa_setOpMode
                0x000000000800bed4       0x98 ./RFM95_API/src/RFM95.o
                0x000000000800bed4                RFM95_LoRa_setOpMode
 .text.RFM95_setModem
                0x000000000800bf6c       0x74 ./RFM95_API/src/RFM95.o
                0x000000000800bf6c                RFM95_setModem
 .text.RFM95_setFrequency
                0x000000000800bfe0       0x68 ./RFM95_API/src/RFM95.o
                0x000000000800bfe0                RFM95_setFrequency
 .text.RFM95_getFrequency
                0x000000000800c048       0x78 ./RFM95_API/src/RFM95.o
                0x000000000800c048                RFM95_getFrequency
 .text.RFM95_setTXPower
                0x000000000800c0c0      0x192 ./RFM95_API/src/RFM95.o
                0x000000000800c0c0                RFM95_setTXPower
 *fill*         0x000000000800c252        0x2 
 .text.RFM95_setOCP
                0x000000000800c254       0x90 ./RFM95_API/src/RFM95.o
                0x000000000800c254                RFM95_setOCP
 .text.RFM95_setLNAGain
                0x000000000800c2e4       0xae ./RFM95_API/src/RFM95.o
                0x000000000800c2e4                RFM95_setLNAGain
 .text.RFM95_LoRa_setSpreadingFactor
                0x000000000800c392       0x78 ./RFM95_API/src/RFM95.o
                0x000000000800c392                RFM95_LoRa_setSpreadingFactor
 .text.RFM95_LoRa_setRxPayloadCrcOn
                0x000000000800c40a       0x68 ./RFM95_API/src/RFM95.o
                0x000000000800c40a                RFM95_LoRa_setRxPayloadCrcOn
 .text.rfm95_lora_symb_timout
                0x000000000800c472       0x92 ./RFM95_API/src/RFM95.o
                0x000000000800c472                rfm95_lora_symb_timout
 .text.RFM95_LoRa_setBandwidth
                0x000000000800c504       0xd8 ./RFM95_API/src/RFM95.o
                0x000000000800c504                RFM95_LoRa_setBandwidth
 .text.RFM95_LoRa_setCodingRate
                0x000000000800c5dc       0x98 ./RFM95_API/src/RFM95.o
                0x000000000800c5dc                RFM95_LoRa_setCodingRate
 .text.RFM95_LoRa_setHeaderMode
                0x000000000800c674       0x64 ./RFM95_API/src/RFM95.o
                0x000000000800c674                RFM95_LoRa_setHeaderMode
 .text.RFM95_LoRa_setPreamble
                0x000000000800c6d8       0x5c ./RFM95_API/src/RFM95.o
                0x000000000800c6d8                RFM95_LoRa_setPreamble
 .text.RFM95_LoRa_setLowDataRateOpt
                0x000000000800c734       0x66 ./RFM95_API/src/RFM95.o
                0x000000000800c734                RFM95_LoRa_setLowDataRateOpt
 .text.rfm95_lora_dio_mapping
                0x000000000800c79a       0xdc ./RFM95_API/src/RFM95.o
                0x000000000800c79a                rfm95_lora_dio_mapping
 .text.RFM95_checkVersion
                0x000000000800c876       0x34 ./RFM95_API/src/RFM95.o
                0x000000000800c876                RFM95_checkVersion
 .text.RFM95_LoRa_prepareReceive
                0x000000000800c8aa       0xe4 ./RFM95_API/src/RFM95.o
                0x000000000800c8aa                RFM95_LoRa_prepareReceive
 *fill*         0x000000000800c98e        0x2 
 .text.RFM95_LoRa_receive
                0x000000000800c990       0xec ./RFM95_API/src/RFM95.o
                0x000000000800c990                RFM95_LoRa_receive
 .text.RFM95_LoRa_setSyncWord
                0x000000000800ca7c       0x2c ./RFM95_API/src/RFM95.o
                0x000000000800ca7c                RFM95_LoRa_setSyncWord
 .text.RFM95_getPcktSNR
                0x000000000800caa8       0x54 ./RFM95_API/src/RFM95.o
                0x000000000800caa8                RFM95_getPcktSNR
 .text.RFM95_getPcktRSSI
                0x000000000800cafc      0x140 ./RFM95_API/src/RFM95.o
                0x000000000800cafc                RFM95_getPcktRSSI
 .text.RFM95_LoRa_Init
                0x000000000800cc3c      0x1b4 ./RFM95_API/src/RFM95.o
                0x000000000800cc3c                RFM95_LoRa_Init
 .text.rfm95_readReg
                0x000000000800cdf0       0x5c ./RFM95_API/src/RFM95.o
                0x000000000800cdf0                rfm95_readReg
 .text.rfm95_writeReg
                0x000000000800ce4c       0x60 ./RFM95_API/src/RFM95.o
                0x000000000800ce4c                rfm95_writeReg
 .text.rfm95_burst_readReg
                0x000000000800ceac       0x82 ./RFM95_API/src/RFM95.o
                0x000000000800ceac                rfm95_burst_readReg
 .text.rfm95_burst_writeReg
                0x000000000800cf2e       0x9e ./RFM95_API/src/RFM95.o
                0x000000000800cf2e                rfm95_burst_writeReg
 .text.rfm95_fifo_readReg
                0x000000000800cfcc       0x24 ./RFM95_API/src/RFM95.o
                0x000000000800cfcc                rfm95_fifo_readReg
 .text.atoi     0x000000000800cff0        0x8 /home/huang/st/stm32cubeide_1.14.0/plugins/com.st.stm32cube.ide.mcu.externaltools.gnu-tools-for-stm32.11.3.rel1.linux64_1.1.100.202309141235/tools/bin/../lib/gcc/arm-none-eabi/11.3.1/../../../../arm-none-eabi/lib/thumb/v7e-m+fp/hard/libc_nano.a(libc_a-atoi.o)
                0x000000000800cff0                atoi
 .text.malloc   0x000000000800cff8       0x10 /home/huang/st/stm32cubeide_1.14.0/plugins/com.st.stm32cube.ide.mcu.externaltools.gnu-tools-for-stm32.11.3.rel1.linux64_1.1.100.202309141235/tools/bin/../lib/gcc/arm-none-eabi/11.3.1/../../../../arm-none-eabi/lib/thumb/v7e-m+fp/hard/libc_nano.a(libc_a-malloc.o)
                0x000000000800cff8                malloc
 .text.free     0x000000000800d008       0x10 /home/huang/st/stm32cubeide_1.14.0/plugins/com.st.stm32cube.ide.mcu.externaltools.gnu-tools-for-stm32.11.3.rel1.linux64_1.1.100.202309141235/tools/bin/../lib/gcc/arm-none-eabi/11.3.1/../../../../arm-none-eabi/lib/thumb/v7e-m+fp/hard/libc_nano.a(libc_a-malloc.o)
                0x000000000800d008                free
 .text.sbrk_aligned
                0x000000000800d018       0x40 /home/huang/st/stm32cubeide_1.14.0/plugins/com.st.stm32cube.ide.mcu.externaltools.gnu-tools-for-stm32.11.3.rel1.linux64_1.1.100.202309141235/tools/bin/../lib/gcc/arm-none-eabi/11.3.1/../../../../arm-none-eabi/lib/thumb/v7e-m+fp/hard/libc_nano.a(libc_a-mallocr.o)
 .text._malloc_r
                0x000000000800d058      0x100 /home/huang/st/stm32cubeide_1.14.0/plugins/com.st.stm32cube.ide.mcu.externaltools.gnu-tools-for-stm32.11.3.rel1.linux64_1.1.100.202309141235/tools/bin/../lib/gcc/arm-none-eabi/11.3.1/../../../../arm-none-eabi/lib/thumb/v7e-m+fp/hard/libc_nano.a(libc_a-mallocr.o)
                0x000000000800d058                _malloc_r
 .text.__malloc_lock
                0x000000000800d158        0xc /home/huang/st/stm32cubeide_1.14.0/plugins/com.st.stm32cube.ide.mcu.externaltools.gnu-tools-for-stm32.11.3.rel1.linux64_1.1.100.202309141235/tools/bin/../lib/gcc/arm-none-eabi/11.3.1/../../../../arm-none-eabi/lib/thumb/v7e-m+fp/hard/libc_nano.a(libc_a-mlock.o)
                0x000000000800d158                __malloc_lock
 .text.__malloc_unlock
                0x000000000800d164        0xc /home/huang/st/stm32cubeide_1.14.0/plugins/com.st.stm32cube.ide.mcu.externaltools.gnu-tools-for-stm32.11.3.rel1.linux64_1.1.100.202309141235/tools/bin/../lib/gcc/arm-none-eabi/11.3.1/../../../../arm-none-eabi/lib/thumb/v7e-m+fp/hard/libc_nano.a(libc_a-mlock.o)
                0x000000000800d164                __malloc_unlock
 .text._strtol_l.constprop.0
                0x000000000800d170      0x104 /home/huang/st/stm32cubeide_1.14.0/plugins/com.st.stm32cube.ide.mcu.externaltools.gnu-tools-for-stm32.11.3.rel1.linux64_1.1.100.202309141235/tools/bin/../lib/gcc/arm-none-eabi/11.3.1/../../../../arm-none-eabi/lib/thumb/v7e-m+fp/hard/libc_nano.a(libc_a-strtol.o)
 .text._strtol_r
                0x000000000800d274        0x4 /home/huang/st/stm32cubeide_1.14.0/plugins/com.st.stm32cube.ide.mcu.externaltools.gnu-tools-for-stm32.11.3.rel1.linux64_1.1.100.202309141235/tools/bin/../lib/gcc/arm-none-eabi/11.3.1/../../../../arm-none-eabi/lib/thumb/v7e-m+fp/hard/libc_nano.a(libc_a-strtol.o)
                0x000000000800d274                _strtol_r
 .text.strtol   0x000000000800d278       0x14 /home/huang/st/stm32cubeide_1.14.0/plugins/com.st.stm32cube.ide.mcu.externaltools.gnu-tools-for-stm32.11.3.rel1.linux64_1.1.100.202309141235/tools/bin/../lib/gcc/arm-none-eabi/11.3.1/../../../../arm-none-eabi/lib/thumb/v7e-m+fp/hard/libc_nano.a(libc_a-strtol.o)
                0x000000000800d278                strtol
 .text.__cvt    0x000000000800d28c       0xc4 /home/huang/st/stm32cubeide_1.14.0/plugins/com.st.stm32cube.ide.mcu.externaltools.gnu-tools-for-stm32.11.3.rel1.linux64_1.1.100.202309141235/tools/bin/../lib/gcc/arm-none-eabi/11.3.1/../../../../arm-none-eabi/lib/thumb/v7e-m+fp/hard/libc_nano.a(libc_a-nano-vfprintf_float.o)
                0x000000000800d28c                __cvt
 .text.__exponent
                0x000000000800d350       0x7c /home/huang/st/stm32cubeide_1.14.0/plugins/com.st.stm32cube.ide.mcu.externaltools.gnu-tools-for-stm32.11.3.rel1.linux64_1.1.100.202309141235/tools/bin/../lib/gcc/arm-none-eabi/11.3.1/../../../../arm-none-eabi/lib/thumb/v7e-m+fp/hard/libc_nano.a(libc_a-nano-vfprintf_float.o)
                0x000000000800d350                __exponent
 .text._printf_float
                0x000000000800d3cc      0x46c /home/huang/st/stm32cubeide_1.14.0/plugins/com.st.stm32cube.ide.mcu.externaltools.gnu-tools-for-stm32.11.3.rel1.linux64_1.1.100.202309141235/tools/bin/../lib/gcc/arm-none-eabi/11.3.1/../../../../arm-none-eabi/lib/thumb/v7e-m+fp/hard/libc_nano.a(libc_a-nano-vfprintf_float.o)
                0x000000000800d3cc                _printf_float
 .text._printf_common
                0x000000000800d838       0xda /home/huang/st/stm32cubeide_1.14.0/plugins/com.st.stm32cube.ide.mcu.externaltools.gnu-tools-for-stm32.11.3.rel1.linux64_1.1.100.202309141235/tools/bin/../lib/gcc/arm-none-eabi/11.3.1/../../../../arm-none-eabi/lib/thumb/v7e-m+fp/hard/libc_nano.a(libc_a-nano-vfprintf_i.o)
                0x000000000800d838                _printf_common
 *fill*         0x000000000800d912        0x2 
 .text._printf_i
                0x000000000800d914      0x244 /home/huang/st/stm32cubeide_1.14.0/plugins/com.st.stm32cube.ide.mcu.externaltools.gnu-tools-for-stm32.11.3.rel1.linux64_1.1.100.202309141235/tools/bin/../lib/gcc/arm-none-eabi/11.3.1/../../../../arm-none-eabi/lib/thumb/v7e-m+fp/hard/libc_nano.a(libc_a-nano-vfprintf_i.o)
                0x000000000800d914                _printf_i
 .text._scanf_float
                0x000000000800db58      0x420 /home/huang/st/stm32cubeide_1.14.0/plugins/com.st.stm32cube.ide.mcu.externaltools.gnu-tools-for-stm32.11.3.rel1.linux64_1.1.100.202309141235/tools/bin/../lib/gcc/arm-none-eabi/11.3.1/../../../../arm-none-eabi/lib/thumb/v7e-m+fp/hard/libc_nano.a(libc_a-nano-vfscanf_float.o)
                0x000000000800db58                _scanf_float
 .text.std      0x000000000800df78       0x6c /home/huang/st/stm32cubeide_1.14.0/plugins/com.st.stm32cube.ide.mcu.externaltools.gnu-tools-for-stm32.11.3.rel1.linux64_1.1.100.202309141235/tools/bin/../lib/gcc/arm-none-eabi/11.3.1/../../../../arm-none-eabi/lib/thumb/v7e-m+fp/hard/libc_nano.a(libc_a-findfp.o)
 .text.stdio_exit_handler
                0x000000000800dfe4       0x18 /home/huang/st/stm32cubeide_1.14.0/plugins/com.st.stm32cube.ide.mcu.externaltools.gnu-tools-for-stm32.11.3.rel1.linux64_1.1.100.202309141235/tools/bin/../lib/gcc/arm-none-eabi/11.3.1/../../../../arm-none-eabi/lib/thumb/v7e-m+fp/hard/libc_nano.a(libc_a-findfp.o)
 .text.cleanup_stdio
                0x000000000800dffc       0x40 /home/huang/st/stm32cubeide_1.14.0/plugins/com.st.stm32cube.ide.mcu.externaltools.gnu-tools-for-stm32.11.3.rel1.linux64_1.1.100.202309141235/tools/bin/../lib/gcc/arm-none-eabi/11.3.1/../../../../arm-none-eabi/lib/thumb/v7e-m+fp/hard/libc_nano.a(libc_a-findfp.o)
 .text.global_stdio_init.part.0
                0x000000000800e03c       0x3c /home/huang/st/stm32cubeide_1.14.0/plugins/com.st.stm32cube.ide.mcu.externaltools.gnu-tools-for-stm32.11.3.rel1.linux64_1.1.100.202309141235/tools/bin/../lib/gcc/arm-none-eabi/11.3.1/../../../../arm-none-eabi/lib/thumb/v7e-m+fp/hard/libc_nano.a(libc_a-findfp.o)
 .text.__sfp_lock_acquire
                0x000000000800e078        0xc /home/huang/st/stm32cubeide_1.14.0/plugins/com.st.stm32cube.ide.mcu.externaltools.gnu-tools-for-stm32.11.3.rel1.linux64_1.1.100.202309141235/tools/bin/../lib/gcc/arm-none-eabi/11.3.1/../../../../arm-none-eabi/lib/thumb/v7e-m+fp/hard/libc_nano.a(libc_a-findfp.o)
                0x000000000800e078                __sfp_lock_acquire
 .text.__sfp_lock_release
                0x000000000800e084        0xc /home/huang/st/stm32cubeide_1.14.0/plugins/com.st.stm32cube.ide.mcu.externaltools.gnu-tools-for-stm32.11.3.rel1.linux64_1.1.100.202309141235/tools/bin/../lib/gcc/arm-none-eabi/11.3.1/../../../../arm-none-eabi/lib/thumb/v7e-m+fp/hard/libc_nano.a(libc_a-findfp.o)
                0x000000000800e084                __sfp_lock_release
 .text.__sinit  0x000000000800e090       0x30 /home/huang/st/stm32cubeide_1.14.0/plugins/com.st.stm32cube.ide.mcu.externaltools.gnu-tools-for-stm32.11.3.rel1.linux64_1.1.100.202309141235/tools/bin/../lib/gcc/arm-none-eabi/11.3.1/../../../../arm-none-eabi/lib/thumb/v7e-m+fp/hard/libc_nano.a(libc_a-findfp.o)
                0x000000000800e090                __sinit
 .text._fwalk_sglue
                0x000000000800e0c0       0x3c /home/huang/st/stm32cubeide_1.14.0/plugins/com.st.stm32cube.ide.mcu.externaltools.gnu-tools-for-stm32.11.3.rel1.linux64_1.1.100.202309141235/tools/bin/../lib/gcc/arm-none-eabi/11.3.1/../../../../arm-none-eabi/lib/thumb/v7e-m+fp/hard/libc_nano.a(libc_a-fwalk.o)
                0x000000000800e0c0                _fwalk_sglue
 .text.printf   0x000000000800e0fc       0x24 /home/huang/st/stm32cubeide_1.14.0/plugins/com.st.stm32cube.ide.mcu.externaltools.gnu-tools-for-stm32.11.3.rel1.linux64_1.1.100.202309141235/tools/bin/../lib/gcc/arm-none-eabi/11.3.1/../../../../arm-none-eabi/lib/thumb/v7e-m+fp/hard/libc_nano.a(libc_a-printf.o)
                0x000000000800e0fc                printf
                0x000000000800e0fc                iprintf
 .text.putchar  0x000000000800e120       0x10 /home/huang/st/stm32cubeide_1.14.0/plugins/com.st.stm32cube.ide.mcu.externaltools.gnu-tools-for-stm32.11.3.rel1.linux64_1.1.100.202309141235/tools/bin/../lib/gcc/arm-none-eabi/11.3.1/../../../../arm-none-eabi/lib/thumb/v7e-m+fp/hard/libc_nano.a(libc_a-putchar.o)
                0x000000000800e120                putchar
 .text._puts_r  0x000000000800e130       0xa8 /home/huang/st/stm32cubeide_1.14.0/plugins/com.st.stm32cube.ide.mcu.externaltools.gnu-tools-for-stm32.11.3.rel1.linux64_1.1.100.202309141235/tools/bin/../lib/gcc/arm-none-eabi/11.3.1/../../../../arm-none-eabi/lib/thumb/v7e-m+fp/hard/libc_nano.a(libc_a-puts.o)
                0x000000000800e130                _puts_r
 .text.puts     0x000000000800e1d8       0x10 /home/huang/st/stm32cubeide_1.14.0/plugins/com.st.stm32cube.ide.mcu.externaltools.gnu-tools-for-stm32.11.3.rel1.linux64_1.1.100.202309141235/tools/bin/../lib/gcc/arm-none-eabi/11.3.1/../../../../arm-none-eabi/lib/thumb/v7e-m+fp/hard/libc_nano.a(libc_a-puts.o)
                0x000000000800e1d8                puts
 .text.sprintf  0x000000000800e1e8       0x40 /home/huang/st/stm32cubeide_1.14.0/plugins/com.st.stm32cube.ide.mcu.externaltools.gnu-tools-for-stm32.11.3.rel1.linux64_1.1.100.202309141235/tools/bin/../lib/gcc/arm-none-eabi/11.3.1/../../../../arm-none-eabi/lib/thumb/v7e-m+fp/hard/libc_nano.a(libc_a-sprintf.o)
                0x000000000800e1e8                sprintf
                0x000000000800e1e8                siprintf
 .text.__sread  0x000000000800e228       0x22 /home/huang/st/stm32cubeide_1.14.0/plugins/com.st.stm32cube.ide.mcu.externaltools.gnu-tools-for-stm32.11.3.rel1.linux64_1.1.100.202309141235/tools/bin/../lib/gcc/arm-none-eabi/11.3.1/../../../../arm-none-eabi/lib/thumb/v7e-m+fp/hard/libc_nano.a(libc_a-stdio.o)
                0x000000000800e228                __sread
 .text.__swrite
                0x000000000800e24a       0x38 /home/huang/st/stm32cubeide_1.14.0/plugins/com.st.stm32cube.ide.mcu.externaltools.gnu-tools-for-stm32.11.3.rel1.linux64_1.1.100.202309141235/tools/bin/../lib/gcc/arm-none-eabi/11.3.1/../../../../arm-none-eabi/lib/thumb/v7e-m+fp/hard/libc_nano.a(libc_a-stdio.o)
                0x000000000800e24a                __swrite
 .text.__sseek  0x000000000800e282       0x24 /home/huang/st/stm32cubeide_1.14.0/plugins/com.st.stm32cube.ide.mcu.externaltools.gnu-tools-for-stm32.11.3.rel1.linux64_1.1.100.202309141235/tools/bin/../lib/gcc/arm-none-eabi/11.3.1/../../../../arm-none-eabi/lib/thumb/v7e-m+fp/hard/libc_nano.a(libc_a-stdio.o)
                0x000000000800e282                __sseek
 .text.__sclose
                0x000000000800e2a6        0x8 /home/huang/st/stm32cubeide_1.14.0/plugins/com.st.stm32cube.ide.mcu.externaltools.gnu-tools-for-stm32.11.3.rel1.linux64_1.1.100.202309141235/tools/bin/../lib/gcc/arm-none-eabi/11.3.1/../../../../arm-none-eabi/lib/thumb/v7e-m+fp/hard/libc_nano.a(libc_a-stdio.o)
                0x000000000800e2a6                __sclose
 .text.__swbuf_r
                0x000000000800e2ae       0x7a /home/huang/st/stm32cubeide_1.14.0/plugins/com.st.stm32cube.ide.mcu.externaltools.gnu-tools-for-stm32.11.3.rel1.linux64_1.1.100.202309141235/tools/bin/../lib/gcc/arm-none-eabi/11.3.1/../../../../arm-none-eabi/lib/thumb/v7e-m+fp/hard/libc_nano.a(libc_a-wbuf.o)
                0x000000000800e2ae                __swbuf_r
 .text.__swsetup_r
                0x000000000800e328       0xb0 /home/huang/st/stm32cubeide_1.14.0/plugins/com.st.stm32cube.ide.mcu.externaltools.gnu-tools-for-stm32.11.3.rel1.linux64_1.1.100.202309141235/tools/bin/../lib/gcc/arm-none-eabi/11.3.1/../../../../arm-none-eabi/lib/thumb/v7e-m+fp/hard/libc_nano.a(libc_a-wsetup.o)
                0x000000000800e328                __swsetup_r
 .text.memset   0x000000000800e3d8       0x10 /home/huang/st/stm32cubeide_1.14.0/plugins/com.st.stm32cube.ide.mcu.externaltools.gnu-tools-for-stm32.11.3.rel1.linux64_1.1.100.202309141235/tools/bin/../lib/gcc/arm-none-eabi/11.3.1/../../../../arm-none-eabi/lib/thumb/v7e-m+fp/hard/libc_nano.a(libc_a-memset.o)
                0x000000000800e3d8                memset
 .text.strncmp  0x000000000800e3e8       0x24 /home/huang/st/stm32cubeide_1.14.0/plugins/com.st.stm32cube.ide.mcu.externaltools.gnu-tools-for-stm32.11.3.rel1.linux64_1.1.100.202309141235/tools/bin/../lib/gcc/arm-none-eabi/11.3.1/../../../../arm-none-eabi/lib/thumb/v7e-m+fp/hard/libc_nano.a(libc_a-strncmp.o)
                0x000000000800e3e8                strncmp
 .text._localeconv_r
                0x000000000800e40c        0x8 /home/huang/st/stm32cubeide_1.14.0/plugins/com.st.stm32cube.ide.mcu.externaltools.gnu-tools-for-stm32.11.3.rel1.linux64_1.1.100.202309141235/tools/bin/../lib/gcc/arm-none-eabi/11.3.1/../../../../arm-none-eabi/lib/thumb/v7e-m+fp/hard/libc_nano.a(libc_a-localeconv.o)
                0x000000000800e40c                _localeconv_r
 .text._close_r
                0x000000000800e414       0x20 /home/huang/st/stm32cubeide_1.14.0/plugins/com.st.stm32cube.ide.mcu.externaltools.gnu-tools-for-stm32.11.3.rel1.linux64_1.1.100.202309141235/tools/bin/../lib/gcc/arm-none-eabi/11.3.1/../../../../arm-none-eabi/lib/thumb/v7e-m+fp/hard/libc_nano.a(libc_a-closer.o)
                0x000000000800e414                _close_r
 .text._lseek_r
                0x000000000800e434       0x24 /home/huang/st/stm32cubeide_1.14.0/plugins/com.st.stm32cube.ide.mcu.externaltools.gnu-tools-for-stm32.11.3.rel1.linux64_1.1.100.202309141235/tools/bin/../lib/gcc/arm-none-eabi/11.3.1/../../../../arm-none-eabi/lib/thumb/v7e-m+fp/hard/libc_nano.a(libc_a-lseekr.o)
                0x000000000800e434                _lseek_r
 .text._read_r  0x000000000800e458       0x24 /home/huang/st/stm32cubeide_1.14.0/plugins/com.st.stm32cube.ide.mcu.externaltools.gnu-tools-for-stm32.11.3.rel1.linux64_1.1.100.202309141235/tools/bin/../lib/gcc/arm-none-eabi/11.3.1/../../../../arm-none-eabi/lib/thumb/v7e-m+fp/hard/libc_nano.a(libc_a-readr.o)
                0x000000000800e458                _read_r
 .text._sbrk_r  0x000000000800e47c       0x20 /home/huang/st/stm32cubeide_1.14.0/plugins/com.st.stm32cube.ide.mcu.externaltools.gnu-tools-for-stm32.11.3.rel1.linux64_1.1.100.202309141235/tools/bin/../lib/gcc/arm-none-eabi/11.3.1/../../../../arm-none-eabi/lib/thumb/v7e-m+fp/hard/libc_nano.a(libc_a-sbrkr.o)
                0x000000000800e47c                _sbrk_r
 .text._write_r
                0x000000000800e49c       0x24 /home/huang/st/stm32cubeide_1.14.0/plugins/com.st.stm32cube.ide.mcu.externaltools.gnu-tools-for-stm32.11.3.rel1.linux64_1.1.100.202309141235/tools/bin/../lib/gcc/arm-none-eabi/11.3.1/../../../../arm-none-eabi/lib/thumb/v7e-m+fp/hard/libc_nano.a(libc_a-writer.o)
                0x000000000800e49c                _write_r
 .text.__errno  0x000000000800e4c0        0xc /home/huang/st/stm32cubeide_1.14.0/plugins/com.st.stm32cube.ide.mcu.externaltools.gnu-tools-for-stm32.11.3.rel1.linux64_1.1.100.202309141235/tools/bin/../lib/gcc/arm-none-eabi/11.3.1/../../../../arm-none-eabi/lib/thumb/v7e-m+fp/hard/libc_nano.a(libc_a-errno.o)
                0x000000000800e4c0                __errno
 .text.__libc_init_array
                0x000000000800e4cc       0x48 /home/huang/st/stm32cubeide_1.14.0/plugins/com.st.stm32cube.ide.mcu.externaltools.gnu-tools-for-stm32.11.3.rel1.linux64_1.1.100.202309141235/tools/bin/../lib/gcc/arm-none-eabi/11.3.1/../../../../arm-none-eabi/lib/thumb/v7e-m+fp/hard/libc_nano.a(libc_a-init.o)
                0x000000000800e4cc                __libc_init_array
 .text.__retarget_lock_init_recursive
                0x000000000800e514        0x2 /home/huang/st/stm32cubeide_1.14.0/plugins/com.st.stm32cube.ide.mcu.externaltools.gnu-tools-for-stm32.11.3.rel1.linux64_1.1.100.202309141235/tools/bin/../lib/gcc/arm-none-eabi/11.3.1/../../../../arm-none-eabi/lib/thumb/v7e-m+fp/hard/libc_nano.a(libc_a-lock.o)
                0x000000000800e514                __retarget_lock_init_recursive
 .text.__retarget_lock_acquire_recursive
                0x000000000800e516        0x2 /home/huang/st/stm32cubeide_1.14.0/plugins/com.st.stm32cube.ide.mcu.externaltools.gnu-tools-for-stm32.11.3.rel1.linux64_1.1.100.202309141235/tools/bin/../lib/gcc/arm-none-eabi/11.3.1/../../../../arm-none-eabi/lib/thumb/v7e-m+fp/hard/libc_nano.a(libc_a-lock.o)
                0x000000000800e516                __retarget_lock_acquire_recursive
 .text.__retarget_lock_release_recursive
                0x000000000800e518        0x2 /home/huang/st/stm32cubeide_1.14.0/plugins/com.st.stm32cube.ide.mcu.externaltools.gnu-tools-for-stm32.11.3.rel1.linux64_1.1.100.202309141235/tools/bin/../lib/gcc/arm-none-eabi/11.3.1/../../../../arm-none-eabi/lib/thumb/v7e-m+fp/hard/libc_nano.a(libc_a-lock.o)
                0x000000000800e518                __retarget_lock_release_recursive
 .text.memcpy   0x000000000800e51a       0x1c /home/huang/st/stm32cubeide_1.14.0/plugins/com.st.stm32cube.ide.mcu.externaltools.gnu-tools-for-stm32.11.3.rel1.linux64_1.1.100.202309141235/tools/bin/../lib/gcc/arm-none-eabi/11.3.1/../../../../arm-none-eabi/lib/thumb/v7e-m+fp/hard/libc_nano.a(libc_a-memcpy-stub.o)
                0x000000000800e51a                memcpy
 *fill*         0x000000000800e536        0x2 
 .text.nanf     0x000000000800e538        0xc /home/huang/st/stm32cubeide_1.14.0/plugins/com.st.stm32cube.ide.mcu.externaltools.gnu-tools-for-stm32.11.3.rel1.linux64_1.1.100.202309141235/tools/bin/../lib/gcc/arm-none-eabi/11.3.1/../../../../arm-none-eabi/lib/thumb/v7e-m+fp/hard/libc_nano.a(libm_a-sf_nan.o)
                0x000000000800e538                nanf
 .text.quorem   0x000000000800e544      0x110 /home/huang/st/stm32cubeide_1.14.0/plugins/com.st.stm32cube.ide.mcu.externaltools.gnu-tools-for-stm32.11.3.rel1.linux64_1.1.100.202309141235/tools/bin/../lib/gcc/arm-none-eabi/11.3.1/../../../../arm-none-eabi/lib/thumb/v7e-m+fp/hard/libc_nano.a(libc_a-dtoa.o)
 *fill*         0x000000000800e654        0x4 
 .text._dtoa_r  0x000000000800e658      0xbe4 /home/huang/st/stm32cubeide_1.14.0/plugins/com.st.stm32cube.ide.mcu.externaltools.gnu-tools-for-stm32.11.3.rel1.linux64_1.1.100.202309141235/tools/bin/../lib/gcc/arm-none-eabi/11.3.1/../../../../arm-none-eabi/lib/thumb/v7e-m+fp/hard/libc_nano.a(libc_a-dtoa.o)
                0x000000000800e658                _dtoa_r
 .text._free_r  0x000000000800f23c       0x98 /home/huang/st/stm32cubeide_1.14.0/plugins/com.st.stm32cube.ide.mcu.externaltools.gnu-tools-for-stm32.11.3.rel1.linux64_1.1.100.202309141235/tools/bin/../lib/gcc/arm-none-eabi/11.3.1/../../../../arm-none-eabi/lib/thumb/v7e-m+fp/hard/libc_nano.a(libc_a-freer.o)
                0x000000000800f23c                _free_r
 .text._Balloc  0x000000000800f2d4       0x80 /home/huang/st/stm32cubeide_1.14.0/plugins/com.st.stm32cube.ide.mcu.externaltools.gnu-tools-for-stm32.11.3.rel1.linux64_1.1.100.202309141235/tools/bin/../lib/gcc/arm-none-eabi/11.3.1/../../../../arm-none-eabi/lib/thumb/v7e-m+fp/hard/libc_nano.a(libc_a-mprec.o)
                0x000000000800f2d4                _Balloc
 .text._Bfree   0x000000000800f354       0x44 /home/huang/st/stm32cubeide_1.14.0/plugins/com.st.stm32cube.ide.mcu.externaltools.gnu-tools-for-stm32.11.3.rel1.linux64_1.1.100.202309141235/tools/bin/../lib/gcc/arm-none-eabi/11.3.1/../../../../arm-none-eabi/lib/thumb/v7e-m+fp/hard/libc_nano.a(libc_a-mprec.o)
                0x000000000800f354                _Bfree
 .text.__multadd
                0x000000000800f398       0x8c /home/huang/st/stm32cubeide_1.14.0/plugins/com.st.stm32cube.ide.mcu.externaltools.gnu-tools-for-stm32.11.3.rel1.linux64_1.1.100.202309141235/tools/bin/../lib/gcc/arm-none-eabi/11.3.1/../../../../arm-none-eabi/lib/thumb/v7e-m+fp/hard/libc_nano.a(libc_a-mprec.o)
                0x000000000800f398                __multadd
 .text.__s2b    0x000000000800f424       0x94 /home/huang/st/stm32cubeide_1.14.0/plugins/com.st.stm32cube.ide.mcu.externaltools.gnu-tools-for-stm32.11.3.rel1.linux64_1.1.100.202309141235/tools/bin/../lib/gcc/arm-none-eabi/11.3.1/../../../../arm-none-eabi/lib/thumb/v7e-m+fp/hard/libc_nano.a(libc_a-mprec.o)
                0x000000000800f424                __s2b
 .text.__hi0bits
                0x000000000800f4b8       0x40 /home/huang/st/stm32cubeide_1.14.0/plugins/com.st.stm32cube.ide.mcu.externaltools.gnu-tools-for-stm32.11.3.rel1.linux64_1.1.100.202309141235/tools/bin/../lib/gcc/arm-none-eabi/11.3.1/../../../../arm-none-eabi/lib/thumb/v7e-m+fp/hard/libc_nano.a(libc_a-mprec.o)
                0x000000000800f4b8                __hi0bits
 .text.__lo0bits
                0x000000000800f4f8       0x5a /home/huang/st/stm32cubeide_1.14.0/plugins/com.st.stm32cube.ide.mcu.externaltools.gnu-tools-for-stm32.11.3.rel1.linux64_1.1.100.202309141235/tools/bin/../lib/gcc/arm-none-eabi/11.3.1/../../../../arm-none-eabi/lib/thumb/v7e-m+fp/hard/libc_nano.a(libc_a-mprec.o)
                0x000000000800f4f8                __lo0bits
 *fill*         0x000000000800f552        0x2 
 .text.__i2b    0x000000000800f554       0x2c /home/huang/st/stm32cubeide_1.14.0/plugins/com.st.stm32cube.ide.mcu.externaltools.gnu-tools-for-stm32.11.3.rel1.linux64_1.1.100.202309141235/tools/bin/../lib/gcc/arm-none-eabi/11.3.1/../../../../arm-none-eabi/lib/thumb/v7e-m+fp/hard/libc_nano.a(libc_a-mprec.o)
                0x000000000800f554                __i2b
 .text.__multiply
                0x000000000800f580      0x154 /home/huang/st/stm32cubeide_1.14.0/plugins/com.st.stm32cube.ide.mcu.externaltools.gnu-tools-for-stm32.11.3.rel1.linux64_1.1.100.202309141235/tools/bin/../lib/gcc/arm-none-eabi/11.3.1/../../../../arm-none-eabi/lib/thumb/v7e-m+fp/hard/libc_nano.a(libc_a-mprec.o)
                0x000000000800f580                __multiply
 .text.__pow5mult
                0x000000000800f6d4       0xb4 /home/huang/st/stm32cubeide_1.14.0/plugins/com.st.stm32cube.ide.mcu.externaltools.gnu-tools-for-stm32.11.3.rel1.linux64_1.1.100.202309141235/tools/bin/../lib/gcc/arm-none-eabi/11.3.1/../../../../arm-none-eabi/lib/thumb/v7e-m+fp/hard/libc_nano.a(libc_a-mprec.o)
                0x000000000800f6d4                __pow5mult
 .text.__lshift
                0x000000000800f788       0xd8 /home/huang/st/stm32cubeide_1.14.0/plugins/com.st.stm32cube.ide.mcu.externaltools.gnu-tools-for-stm32.11.3.rel1.linux64_1.1.100.202309141235/tools/bin/../lib/gcc/arm-none-eabi/11.3.1/../../../../arm-none-eabi/lib/thumb/v7e-m+fp/hard/libc_nano.a(libc_a-mprec.o)
                0x000000000800f788                __lshift
 .text.__mcmp   0x000000000800f860       0x38 /home/huang/st/stm32cubeide_1.14.0/plugins/com.st.stm32cube.ide.mcu.externaltools.gnu-tools-for-stm32.11.3.rel1.linux64_1.1.100.202309141235/tools/bin/../lib/gcc/arm-none-eabi/11.3.1/../../../../arm-none-eabi/lib/thumb/v7e-m+fp/hard/libc_nano.a(libc_a-mprec.o)
                0x000000000800f860                __mcmp
 .text.__mdiff  0x000000000800f898      0x114 /home/huang/st/stm32cubeide_1.14.0/plugins/com.st.stm32cube.ide.mcu.externaltools.gnu-tools-for-stm32.11.3.rel1.linux64_1.1.100.202309141235/tools/bin/../lib/gcc/arm-none-eabi/11.3.1/../../../../arm-none-eabi/lib/thumb/v7e-m+fp/hard/libc_nano.a(libc_a-mprec.o)
                0x000000000800f898                __mdiff
 .text.__ulp    0x000000000800f9ac       0x4c /home/huang/st/stm32cubeide_1.14.0/plugins/com.st.stm32cube.ide.mcu.externaltools.gnu-tools-for-stm32.11.3.rel1.linux64_1.1.100.202309141235/tools/bin/../lib/gcc/arm-none-eabi/11.3.1/../../../../arm-none-eabi/lib/thumb/v7e-m+fp/hard/libc_nano.a(libc_a-mprec.o)
                0x000000000800f9ac                __ulp
 .text.__b2d    0x000000000800f9f8       0x94 /home/huang/st/stm32cubeide_1.14.0/plugins/com.st.stm32cube.ide.mcu.externaltools.gnu-tools-for-stm32.11.3.rel1.linux64_1.1.100.202309141235/tools/bin/../lib/gcc/arm-none-eabi/11.3.1/../../../../arm-none-eabi/lib/thumb/v7e-m+fp/hard/libc_nano.a(libc_a-mprec.o)
                0x000000000800f9f8                __b2d
 .text.__d2b    0x000000000800fa8c       0xb4 /home/huang/st/stm32cubeide_1.14.0/plugins/com.st.stm32cube.ide.mcu.externaltools.gnu-tools-for-stm32.11.3.rel1.linux64_1.1.100.202309141235/tools/bin/../lib/gcc/arm-none-eabi/11.3.1/../../../../arm-none-eabi/lib/thumb/v7e-m+fp/hard/libc_nano.a(libc_a-mprec.o)
                0x000000000800fa8c                __d2b
 .text.__ratio  0x000000000800fb40       0x66 /home/huang/st/stm32cubeide_1.14.0/plugins/com.st.stm32cube.ide.mcu.externaltools.gnu-tools-for-stm32.11.3.rel1.linux64_1.1.100.202309141235/tools/bin/../lib/gcc/arm-none-eabi/11.3.1/../../../../arm-none-eabi/lib/thumb/v7e-m+fp/hard/libc_nano.a(libc_a-mprec.o)
                0x000000000800fb40                __ratio
 .text.__copybits
                0x000000000800fba6       0x46 /home/huang/st/stm32cubeide_1.14.0/plugins/com.st.stm32cube.ide.mcu.externaltools.gnu-tools-for-stm32.11.3.rel1.linux64_1.1.100.202309141235/tools/bin/../lib/gcc/arm-none-eabi/11.3.1/../../../../arm-none-eabi/lib/thumb/v7e-m+fp/hard/libc_nano.a(libc_a-mprec.o)
                0x000000000800fba6                __copybits
 .text.__any_on
                0x000000000800fbec       0x42 /home/huang/st/stm32cubeide_1.14.0/plugins/com.st.stm32cube.ide.mcu.externaltools.gnu-tools-for-stm32.11.3.rel1.linux64_1.1.100.202309141235/tools/bin/../lib/gcc/arm-none-eabi/11.3.1/../../../../arm-none-eabi/lib/thumb/v7e-m+fp/hard/libc_nano.a(libc_a-mprec.o)
                0x000000000800fbec                __any_on
 .text.sulp     0x000000000800fc2e       0x38 /home/huang/st/stm32cubeide_1.14.0/plugins/com.st.stm32cube.ide.mcu.externaltools.gnu-tools-for-stm32.11.3.rel1.linux64_1.1.100.202309141235/tools/bin/../lib/gcc/arm-none-eabi/11.3.1/../../../../arm-none-eabi/lib/thumb/v7e-m+fp/hard/libc_nano.a(libc_a-strtod.o)
 *fill*         0x000000000800fc66        0x2 
 .text._strtod_l
                0x000000000800fc68      0xbe0 /home/huang/st/stm32cubeide_1.14.0/plugins/com.st.stm32cube.ide.mcu.externaltools.gnu-tools-for-stm32.11.3.rel1.linux64_1.1.100.202309141235/tools/bin/../lib/gcc/arm-none-eabi/11.3.1/../../../../arm-none-eabi/lib/thumb/v7e-m+fp/hard/libc_nano.a(libc_a-strtod.o)
                0x000000000800fc68                _strtod_l
 .text._strtod_r
                0x0000000008010848        0xc /home/huang/st/stm32cubeide_1.14.0/plugins/com.st.stm32cube.ide.mcu.externaltools.gnu-tools-for-stm32.11.3.rel1.linux64_1.1.100.202309141235/tools/bin/../lib/gcc/arm-none-eabi/11.3.1/../../../../arm-none-eabi/lib/thumb/v7e-m+fp/hard/libc_nano.a(libc_a-strtod.o)
                0x0000000008010848                _strtod_r
 .text.__ssputs_r
                0x0000000008010854       0xb4 /home/huang/st/stm32cubeide_1.14.0/plugins/com.st.stm32cube.ide.mcu.externaltools.gnu-tools-for-stm32.11.3.rel1.linux64_1.1.100.202309141235/tools/bin/../lib/gcc/arm-none-eabi/11.3.1/../../../../arm-none-eabi/lib/thumb/v7e-m+fp/hard/libc_nano.a(libc_a-nano-svfprintf.o)
                0x0000000008010854                __ssputs_r
 .text._svfprintf_r
                0x0000000008010908      0x1fc /home/huang/st/stm32cubeide_1.14.0/plugins/com.st.stm32cube.ide.mcu.externaltools.gnu-tools-for-stm32.11.3.rel1.linux64_1.1.100.202309141235/tools/bin/../lib/gcc/arm-none-eabi/11.3.1/../../../../arm-none-eabi/lib/thumb/v7e-m+fp/hard/libc_nano.a(libc_a-nano-svfprintf.o)
                0x0000000008010908                _svfprintf_r
                0x0000000008010908                _svfiprintf_r
 .text.__sfputc_r
                0x0000000008010b04       0x2e /home/huang/st/stm32cubeide_1.14.0/plugins/com.st.stm32cube.ide.mcu.externaltools.gnu-tools-for-stm32.11.3.rel1.linux64_1.1.100.202309141235/tools/bin/../lib/gcc/arm-none-eabi/11.3.1/../../../../arm-none-eabi/lib/thumb/v7e-m+fp/hard/libc_nano.a(libc_a-nano-vfprintf.o)
 .text.__sfputs_r
                0x0000000008010b32       0x24 /home/huang/st/stm32cubeide_1.14.0/plugins/com.st.stm32cube.ide.mcu.externaltools.gnu-tools-for-stm32.11.3.rel1.linux64_1.1.100.202309141235/tools/bin/../lib/gcc/arm-none-eabi/11.3.1/../../../../arm-none-eabi/lib/thumb/v7e-m+fp/hard/libc_nano.a(libc_a-nano-vfprintf.o)
                0x0000000008010b32                __sfputs_r
 *fill*         0x0000000008010b56        0x2 
 .text._vfprintf_r
                0x0000000008010b58      0x234 /home/huang/st/stm32cubeide_1.14.0/plugins/com.st.stm32cube.ide.mcu.externaltools.gnu-tools-for-stm32.11.3.rel1.linux64_1.1.100.202309141235/tools/bin/../lib/gcc/arm-none-eabi/11.3.1/../../../../arm-none-eabi/lib/thumb/v7e-m+fp/hard/libc_nano.a(libc_a-nano-vfprintf.o)
                0x0000000008010b58                _vfiprintf_r
                0x0000000008010b58                _vfprintf_r
 .text.__sflush_r
                0x0000000008010d8c      0x10c /home/huang/st/stm32cubeide_1.14.0/plugins/com.st.stm32cube.ide.mcu.externaltools.gnu-tools-for-stm32.11.3.rel1.linux64_1.1.100.202309141235/tools/bin/../lib/gcc/arm-none-eabi/11.3.1/../../../../arm-none-eabi/lib/thumb/v7e-m+fp/hard/libc_nano.a(libc_a-fflush.o)
                0x0000000008010d8c                __sflush_r
 .text._fflush_r
                0x0000000008010e98       0x50 /home/huang/st/stm32cubeide_1.14.0/plugins/com.st.stm32cube.ide.mcu.externaltools.gnu-tools-for-stm32.11.3.rel1.linux64_1.1.100.202309141235/tools/bin/../lib/gcc/arm-none-eabi/11.3.1/../../../../arm-none-eabi/lib/thumb/v7e-m+fp/hard/libc_nano.a(libc_a-fflush.o)
                0x0000000008010e98                _fflush_r
 .text.__swhatbuf_r
                0x0000000008010ee8       0x4c /home/huang/st/stm32cubeide_1.14.0/plugins/com.st.stm32cube.ide.mcu.externaltools.gnu-tools-for-stm32.11.3.rel1.linux64_1.1.100.202309141235/tools/bin/../lib/gcc/arm-none-eabi/11.3.1/../../../../arm-none-eabi/lib/thumb/v7e-m+fp/hard/libc_nano.a(libc_a-makebuf.o)
                0x0000000008010ee8                __swhatbuf_r
 .text.__smakebuf_r
                0x0000000008010f34       0x78 /home/huang/st/stm32cubeide_1.14.0/plugins/com.st.stm32cube.ide.mcu.externaltools.gnu-tools-for-stm32.11.3.rel1.linux64_1.1.100.202309141235/tools/bin/../lib/gcc/arm-none-eabi/11.3.1/../../../../arm-none-eabi/lib/thumb/v7e-m+fp/hard/libc_nano.a(libc_a-makebuf.o)
                0x0000000008010f34                __smakebuf_r
 .text._putc_r  0x0000000008010fac       0x68 /home/huang/st/stm32cubeide_1.14.0/plugins/com.st.stm32cube.ide.mcu.externaltools.gnu-tools-for-stm32.11.3.rel1.linux64_1.1.100.202309141235/tools/bin/../lib/gcc/arm-none-eabi/11.3.1/../../../../arm-none-eabi/lib/thumb/v7e-m+fp/hard/libc_nano.a(libc_a-putc.o)
                0x0000000008010fac                _putc_r
 .text.memmove  0x0000000008011014       0x34 /home/huang/st/stm32cubeide_1.14.0/plugins/com.st.stm32cube.ide.mcu.externaltools.gnu-tools-for-stm32.11.3.rel1.linux64_1.1.100.202309141235/tools/bin/../lib/gcc/arm-none-eabi/11.3.1/../../../../arm-none-eabi/lib/thumb/v7e-m+fp/hard/libc_nano.a(libc_a-memmove.o)
                0x0000000008011014                memmove
 .text._fstat_r
                0x0000000008011048       0x24 /home/huang/st/stm32cubeide_1.14.0/plugins/com.st.stm32cube.ide.mcu.externaltools.gnu-tools-for-stm32.11.3.rel1.linux64_1.1.100.202309141235/tools/bin/../lib/gcc/arm-none-eabi/11.3.1/../../../../arm-none-eabi/lib/thumb/v7e-m+fp/hard/libc_nano.a(libc_a-fstatr.o)
                0x0000000008011048                _fstat_r
 .text._isatty_r
                0x000000000801106c       0x20 /home/huang/st/stm32cubeide_1.14.0/plugins/com.st.stm32cube.ide.mcu.externaltools.gnu-tools-for-stm32.11.3.rel1.linux64_1.1.100.202309141235/tools/bin/../lib/gcc/arm-none-eabi/11.3.1/../../../../arm-none-eabi/lib/thumb/v7e-m+fp/hard/libc_nano.a(libc_a-isattyr.o)
                0x000000000801106c                _isatty_r
 *fill*         0x000000000801108c        0x4 
 .text.nan      0x0000000008011090       0x10 /home/huang/st/stm32cubeide_1.14.0/plugins/com.st.stm32cube.ide.mcu.externaltools.gnu-tools-for-stm32.11.3.rel1.linux64_1.1.100.202309141235/tools/bin/../lib/gcc/arm-none-eabi/11.3.1/../../../../arm-none-eabi/lib/thumb/v7e-m+fp/hard/libc_nano.a(libm_a-s_nan.o)
                0x0000000008011090                nan
 .text.__assert_func
                0x00000000080110a0       0x3c /home/huang/st/stm32cubeide_1.14.0/plugins/com.st.stm32cube.ide.mcu.externaltools.gnu-tools-for-stm32.11.3.rel1.linux64_1.1.100.202309141235/tools/bin/../lib/gcc/arm-none-eabi/11.3.1/../../../../arm-none-eabi/lib/thumb/v7e-m+fp/hard/libc_nano.a(libc_a-assert.o)
                0x00000000080110a0                __assert_func
 .text._calloc_r
                0x00000000080110dc       0x2c /home/huang/st/stm32cubeide_1.14.0/plugins/com.st.stm32cube.ide.mcu.externaltools.gnu-tools-for-stm32.11.3.rel1.linux64_1.1.100.202309141235/tools/bin/../lib/gcc/arm-none-eabi/11.3.1/../../../../arm-none-eabi/lib/thumb/v7e-m+fp/hard/libc_nano.a(libc_a-callocr.o)
                0x00000000080110dc                _calloc_r
 .text.rshift   0x0000000008011108       0xa4 /home/huang/st/stm32cubeide_1.14.0/plugins/com.st.stm32cube.ide.mcu.externaltools.gnu-tools-for-stm32.11.3.rel1.linux64_1.1.100.202309141235/tools/bin/../lib/gcc/arm-none-eabi/11.3.1/../../../../arm-none-eabi/lib/thumb/v7e-m+fp/hard/libc_nano.a(libc_a-gdtoa-gethex.o)
 .text.__hexdig_fun
                0x00000000080111ac       0x2a /home/huang/st/stm32cubeide_1.14.0/plugins/com.st.stm32cube.ide.mcu.externaltools.gnu-tools-for-stm32.11.3.rel1.linux64_1.1.100.202309141235/tools/bin/../lib/gcc/arm-none-eabi/11.3.1/../../../../arm-none-eabi/lib/thumb/v7e-m+fp/hard/libc_nano.a(libc_a-gdtoa-gethex.o)
                0x00000000080111ac                __hexdig_fun
 *fill*         0x00000000080111d6        0x2 
 .text.__gethex
                0x00000000080111d8      0x45c /home/huang/st/stm32cubeide_1.14.0/plugins/com.st.stm32cube.ide.mcu.externaltools.gnu-tools-for-stm32.11.3.rel1.linux64_1.1.100.202309141235/tools/bin/../lib/gcc/arm-none-eabi/11.3.1/../../../../arm-none-eabi/lib/thumb/v7e-m+fp/hard/libc_nano.a(libc_a-gdtoa-gethex.o)
                0x00000000080111d8                __gethex
 .text.L_shift  0x0000000008011634       0x24 /home/huang/st/stm32cubeide_1.14.0/plugins/com.st.stm32cube.ide.mcu.externaltools.gnu-tools-for-stm32.11.3.rel1.linux64_1.1.100.202309141235/tools/bin/../lib/gcc/arm-none-eabi/11.3.1/../../../../arm-none-eabi/lib/thumb/v7e-m+fp/hard/libc_nano.a(libc_a-gdtoa-hexnan.o)
 .text.__match  0x0000000008011658       0x28 /home/huang/st/stm32cubeide_1.14.0/plugins/com.st.stm32cube.ide.mcu.externaltools.gnu-tools-for-stm32.11.3.rel1.linux64_1.1.100.202309141235/tools/bin/../lib/gcc/arm-none-eabi/11.3.1/../../../../arm-none-eabi/lib/thumb/v7e-m+fp/hard/libc_nano.a(libc_a-gdtoa-hexnan.o)
                0x0000000008011658                __match
 .text.__hexnan
                0x0000000008011680      0x136 /home/huang/st/stm32cubeide_1.14.0/plugins/com.st.stm32cube.ide.mcu.externaltools.gnu-tools-for-stm32.11.3.rel1.linux64_1.1.100.202309141235/tools/bin/../lib/gcc/arm-none-eabi/11.3.1/../../../../arm-none-eabi/lib/thumb/v7e-m+fp/hard/libc_nano.a(libc_a-gdtoa-hexnan.o)
                0x0000000008011680                __hexnan
 .text.__ascii_mbtowc
                0x00000000080117b6       0x24 /home/huang/st/stm32cubeide_1.14.0/plugins/com.st.stm32cube.ide.mcu.externaltools.gnu-tools-for-stm32.11.3.rel1.linux64_1.1.100.202309141235/tools/bin/../lib/gcc/arm-none-eabi/11.3.1/../../../../arm-none-eabi/lib/thumb/v7e-m+fp/hard/libc_nano.a(libc_a-mbtowc_r.o)
                0x00000000080117b6                __ascii_mbtowc
 .text._realloc_r
                0x00000000080117da       0x5e /home/huang/st/stm32cubeide_1.14.0/plugins/com.st.stm32cube.ide.mcu.externaltools.gnu-tools-for-stm32.11.3.rel1.linux64_1.1.100.202309141235/tools/bin/../lib/gcc/arm-none-eabi/11.3.1/../../../../arm-none-eabi/lib/thumb/v7e-m+fp/hard/libc_nano.a(libc_a-reallocr.o)
                0x00000000080117da                _realloc_r
 .text.__ascii_wctomb
                0x0000000008011838       0x1a /home/huang/st/stm32cubeide_1.14.0/plugins/com.st.stm32cube.ide.mcu.externaltools.gnu-tools-for-stm32.11.3.rel1.linux64_1.1.100.202309141235/tools/bin/../lib/gcc/arm-none-eabi/11.3.1/../../../../arm-none-eabi/lib/thumb/v7e-m+fp/hard/libc_nano.a(libc_a-wctomb_r.o)
                0x0000000008011838                __ascii_wctomb
 *fill*         0x0000000008011852        0x2 
 .text.fprintf  0x0000000008011854       0x24 /home/huang/st/stm32cubeide_1.14.0/plugins/com.st.stm32cube.ide.mcu.externaltools.gnu-tools-for-stm32.11.3.rel1.linux64_1.1.100.202309141235/tools/bin/../lib/gcc/arm-none-eabi/11.3.1/../../../../arm-none-eabi/lib/thumb/v7e-m+fp/hard/libc_nano.a(libc_a-fprintf.o)