Archive member included to satisfy reference by file (symbol)

/home/huang/st/stm32cubeide_1.14.0/plugins/com.st.stm32cube.ide.mcu.externaltools.gnu-tools-for-stm32.11.3.rel1.linux64_1.1.100.202309141235/tools/bin/../lib/gcc/arm-none-eabi/11.3.1/../../../../arm-none-eabi/lib/thumb/v7e-m+fp/hard/libc_nano.a(libc_a-atoi.o)
                              ./Core/Src/main.o (atoi)
/home/huang/st/stm32cubeide_1.14.0/plugins/com.st.stm32cube.ide.mcu.externaltools.gnu-tools-for-stm32.11.3.rel1.linux64_1.1.100.202309141235/tools/bin/../lib/gcc/arm-none-eabi/11.3.1/../../../../arm-none-eabi/lib/thumb/v7e-m+fp/hard/libc_nano.a(libc_a-exit.o)
                              /home/huang/st/stm32cubeide_1.14.0/plugins/com.st.stm32cube.ide.mcu.externaltools.gnu-tools-for-stm32.11.3.rel1.linux64_1.1.100.202309141235/tools/bin/../lib/gcc/arm-none-eabi/11.3.1/../../../../arm-none-eabi/lib/thumb/v7e-m+fp/hard/crt0.o (exit)
/home/huang/st/stm32cubeide_1.14.0/plugins/com.st.stm32cube.ide.mcu.externaltools.gnu-tools-for-stm32.11.3.rel1.linux64_1.1.100.202309141235/tools/bin/../lib/gcc/arm-none-eabi/11.3.1/../../../../arm-none-eabi/lib/thumb/v7e-m+fp/hard/libc_nano.a(libc_a-malloc.o)
                              ./Core/Src/main.o (malloc)
/home/huang/st/stm32cubeide_1.14.0/plugins/com.st.stm32cube.ide.mcu.externaltools.gnu-tools-for-stm32.11.3.rel1.linux64_1.1.100.202309141235/tools/bin/../lib/gcc/arm-none-eabi/11.3.1/../../../../arm-none-eabi/lib/thumb/v7e-m+fp/hard/libc_nano.a(libc_a-mallocr.o)
                              /home/huang/st/stm32cubeide_1.14.0/plugins/com.st.stm32cube.ide.mcu.externaltools.gnu-tools-for-stm32.11.3.rel1.linux64_1.1.100.202309141235/tools/bin/../lib/gcc/arm-none-eabi/11.3.1/../../../../arm-none-eabi/lib/thumb/v7e-m+fp/hard/libc_nano.a(libc_a-malloc.o) (_malloc_r)
/home/huang/st/stm32cubeide_1.14.0/plugins/com.st.stm32cube.ide.mcu.externaltools.gnu-tools-for-stm32.11.3.rel1.linux64_1.1.100.202309141235/tools/bin/../lib/gcc/arm-none-eabi/11.3.1/../../../../arm-none-eabi/lib/thumb/v7e-m+fp/hard/libc_nano.a(libc_a-mlock.o)
                              /home/huang/st/stm32cubeide_1.14.0/plugins/com.st.stm32cube.ide.mcu.externaltools.gnu-tools-for-stm32.11.3.rel1.linux64_1.1.100.202309141235/tools/bin/../lib/gcc/arm-none-eabi/11.3.1/../../../../arm-none-eabi/lib/thumb/v7e-m+fp/hard/libc_nano.a(libc_a-mallocr.o) (__malloc_lock)
/home/huang/st/stm32cubeide_1.14.0/plugins/com.st.stm32cube.ide.mcu.externaltools.gnu-tools-for-stm32.11.3.rel1.linux64_1.1.100.202309141235/tools/bin/../lib/gcc/arm-none-eabi/11.3.1/../../../../arm-none-eabi/lib/thumb/v7e-m+fp/hard/libc_nano.a(libc_a-strtol.o)
                              /home/huang/st/stm32cubeide_1.14.0/plugins/com.st.stm32cube.ide.mcu.externaltools.gnu-tools-for-stm32.11.3.rel1.linux64_1.1.100.202309141235/tools/bin/../lib/gcc/arm-none-eabi/11.3.1/../../../../arm-none-eabi/lib/thumb/v7e-m+fp/hard/libc_nano.a(libc_a-atoi.o) (_strtol_r)
/home/huang/st/stm32cubeide_1.14.0/plugins/com.st.stm32cube.ide.mcu.externaltools.gnu-tools-for-stm32.11.3.rel1.linux64_1.1.100.202309141235/tools/bin/../lib/gcc/arm-none-eabi/11.3.1/../../../../arm-none-eabi/lib/thumb/v7e-m+fp/hard/libc_nano.a(libc_a-ctype_.o)
                              /home/huang/st/stm32cubeide_1.14.0/plugins/com.st.stm32cube.ide.mcu.externaltools.gnu-tools-for-stm32.11.3.rel1.linux64_1.1.100.202309141235/tools/bin/../lib/gcc/arm-none-eabi/11.3.1/../../../../arm-none-eabi/lib/thumb/v7e-m+fp/hard/libc_nano.a(libc_a-strtol.o) (_ctype_)
/home/huang/st/stm32cubeide_1.14.0/plugins/com.st.stm32cube.ide.mcu.externaltools.gnu-tools-for-stm32.11.3.rel1.linux64_1.1.100.202309141235/tools/bin/../lib/gcc/arm-none-eabi/11.3.1/../../../../arm-none-eabi/lib/thumb/v7e-m+fp/hard/libc_nano.a(libc_a-nano-vfprintf_float.o)
                              (_printf_float)
/home/huang/st/stm32cubeide_1.14.0/plugins/com.st.stm32cube.ide.mcu.externaltools.gnu-tools-for-stm32.11.3.rel1.linux64_1.1.100.202309141235/tools/bin/../lib/gcc/arm-none-eabi/11.3.1/../../../../arm-none-eabi/lib/thumb/v7e-m+fp/hard/libc_nano.a(libc_a-nano-vfprintf_i.o)
                              /home/huang/st/stm32cubeide_1.14.0/plugins/com.st.stm32cube.ide.mcu.externaltools.gnu-tools-for-stm32.11.3.rel1.linux64_1.1.100.202309141235/tools/bin/../lib/gcc/arm-none-eabi/11.3.1/../../../../arm-none-eabi/lib/thumb/v7e-m+fp/hard/libc_nano.a(libc_a-nano-vfprintf_float.o) (_printf_common)
/home/huang/st/stm32cubeide_1.14.0/plugins/com.st.stm32cube.ide.mcu.externaltools.gnu-tools-for-stm32.11.3.rel1.linux64_1.1.100.202309141235/tools/bin/../lib/gcc/arm-none-eabi/11.3.1/../../../../arm-none-eabi/lib/thumb/v7e-m+fp/hard/libc_nano.a(libc_a-nano-vfscanf_float.o)
                              (_scanf_float)
/home/huang/st/stm32cubeide_1.14.0/plugins/com.st.stm32cube.ide.mcu.externaltools.gnu-tools-for-stm32.11.3.rel1.linux64_1.1.100.202309141235/tools/bin/../lib/gcc/arm-none-eabi/11.3.1/../../../../arm-none-eabi/lib/thumb/v7e-m+fp/hard/libc_nano.a(libc_a-findfp.o)
[...]
Memory Configuration

Name             Origin             Length             Attributes
RAM              0x0000000020000000 0x0000000000020000 xrw
FLASH            0x0000000008000000 0x0000000000080000 xr
*default*        0x0000000000000000 0xffffffffffffffff

Linker script and memory map

LOAD /home/huang/st/stm32cubeide_1.14.0/plugins/com.st.stm32cube.ide.mcu.externaltools.gnu-tools-for-stm32.11.3.rel1.linux64_1.1.100.202309141235/tools/bin/../lib/gcc/arm-none-eabi/11.3.1/thumb/v7e-m+fp/hard/crti.o
LOAD /home/huang/st/stm32cubeide_1.14.0/plugins/com.st.stm32cube.ide.mcu.externaltools.gnu-tools-for-stm32.11.3.rel1.linux64_1.1.100.202309141235/tools/bin/../lib/gcc/arm-none-eabi/11.3.1/thumb/v7e-m+fp/hard/crtbegin.o
LOAD /home/huang/st/stm32cubeide_1.14.0/plugins/com.st.stm32cube.ide.mcu.externaltools.gnu-tools-for-stm32.11.3.rel1.linux64_1.1.100.202309141235/tools/bin/../lib/gcc/arm-none-eabi/11.3.1/../../../../arm-none-eabi/lib/thumb/v7e-m+fp/hard/crt0.o
LOAD ./Core/Src/fatfs_sd.o
LOAD ./Core/Src/main.o
LOAD ./Core/Src/stm32f4xx_hal_msp.o
LOAD ./Core/Src/stm32f4xx_it.o
LOAD ./Core/Src/syscalls.o
LOAD ./Core/Src/sysmem.o
LOAD ./Core/Src/system_stm32f4xx.o
LOAD ./Core/Startup/startup_stm32f411ceux.o
LOAD ./Drivers/STM32F4xx_HAL_Driver/Src/stm32f4xx_hal.o
LOAD ./Drivers/STM32F4xx_HAL_Driver/Src/stm32f4xx_hal_cortex.o
LOAD ./Drivers/STM32F4xx_HAL_Driver/Src/stm32f4xx_hal_dma.o
LOAD ./Drivers/STM32F4xx_HAL_Driver/Src/stm32f4xx_hal_dma_ex.o
LOAD ./Drivers/STM32F4xx_HAL_Driver/Src/stm32f4xx_hal_exti.o
LOAD ./Drivers/STM32F4xx_HAL_Driver/Src/stm32f4xx_hal_flash.o
LOAD ./Drivers/STM32F4xx_HAL_Driver/Src/stm32f4xx_hal_flash_ex.o
LOAD ./Drivers/STM32F4xx_HAL_Driver/Src/stm32f4xx_hal_flash_ramfunc.o
LOAD ./Drivers/STM32F4xx_HAL_Driver/Src/stm32f4xx_hal_gpio.o
LOAD ./Drivers/STM32F4xx_HAL_Driver/Src/stm32f4xx_hal_pwr.o
LOAD ./Drivers/STM32F4xx_HAL_Driver/Src/stm32f4xx_hal_pwr_ex.o
LOAD ./Drivers/STM32F4xx_HAL_Driver/Src/stm32f4xx_hal_rcc.o
LOAD ./Drivers/STM32F4xx_HAL_Driver/Src/stm32f4xx_hal_rcc_ex.o
LOAD ./Drivers/STM32F4xx_HAL_Driver/Src/stm32f4xx_hal_rtc.o
LOAD ./Drivers/STM32F4xx_HAL_Driver/Src/stm32f4xx_hal_rtc_ex.o
LOAD ./Drivers/STM32F4xx_HAL_Driver/Src/stm32f4xx_hal_spi.o
LOAD ./Drivers/STM32F4xx_HAL_Driver/Src/stm32f4xx_hal_tim.o
LOAD ./Drivers/STM32F4xx_HAL_Driver/Src/stm32f4xx_hal_tim_ex.o
LOAD ./Drivers/STM32F4xx_HAL_Driver/Src/stm32f4xx_hal_uart.o
LOAD ./FATFS/App/fatfs.o
LOAD ./FATFS/Target/user_diskio.o
LOAD ./Middlewares/Third_Party/FatFs/src/diskio.o
LOAD ./Middlewares/Third_Party/FatFs/src/ff.o
LOAD ./Middlewares/Third_Party/FatFs/src/ff_gen_drv.o
LOAD ./Middlewares/Third_Party/FatFs/src/option/ccsbcs.o
LOAD ./Middlewares/Third_Party/FatFs/src/option/syscall.o
LOAD ./RFM95_API/src/RFM95.o
START GROUP
LOAD /home/huang/st/stm32cubeide_1.14.0/plugins/com.st.stm32cube.ide.mcu.externaltools.gnu-tools-for-stm32.11.3.rel1.linux64_1.1.100.202309141235/tools/bin/../lib/gcc/arm-none-eabi/11.3.1/../../../../arm-none-eabi/lib/thumb/v7e-m+fp/hard/libc_nano.a
LOAD /home/huang/st/stm32cubeide_1.14.0/plugins/com.st.stm32cube.ide.mcu.externaltools.gnu-tools-for-stm32.11.3.rel1.linux64_1.1.100.202309141235/tools/bin/../lib/gcc/arm-none-eabi/11.3.1/../../../../arm-none-eabi/lib/thumb/v7e-m+fp/hard/libm.a
END GROUP
START GROUP
LOAD /home/huang/st/stm32cubeide_1.14.0/plugins/com.st.stm32cube.ide.mcu.externaltools.gnu-tools-for-stm32.11.3.rel1.linux64_1.1.100.202309141235/tools/bin/../lib/gcc/arm-none-eabi/11.3.1/thumb/v7e-m+fp/hard/libgcc.a
LOAD /home/huang/st/stm32cubeide_1.14.0/plugins/com.st.stm32cube.ide.mcu.externaltools.gnu-tools-for-stm32.11.3.rel1.linux64_1.1.100.202309141235/tools/bin/../lib/gcc/arm-none-eabi/11.3.1/../../../../arm-none-eabi/lib/thumb/v7e-m+fp/hard/libc_nano.a
END GROUP
START GROUP
LOAD /home/huang/st/stm32cubeide_1.14.0/plugins/com.st.stm32cube.ide.mcu.externaltools.gnu-tools-for-stm32.11.3.rel1.linux64_1.1.100.202309141235/tools/bin/../lib/gcc/arm-none-eabi/11.3.1/thumb/v7e-m+fp/hard/libgcc.a
LOAD /home/huang/st/stm32cubeide_1.14.0/plugins/com.st.stm32cube.ide.mcu.externaltools.gnu-tools-for-stm32.11.3.rel1.linux64_1.1.100.202309141235/tools/bin/../lib/gcc/arm-none-eabi/11.3.1/../../../../arm-none-eabi/lib/thumb/v7e-m+fp/hard/libc_nano.a
LOAD /home/huang/st/stm32cubeide_1.14.0/plugins/com.st.stm32cube.ide.mcu.externaltools.gnu-tools-for-stm32.11.3.rel1.linux64_1.1.100.202309141235/tools/bin/../lib/gcc/arm-none-eabi/11.3.1/../../../../arm-none-eabi/lib/thumb/v7e-m+fp/hard/libnosys.a
END GROUP
START GROUP
LOAD /home/huang/st/stm32cubeide_1.14.0/plugins/com.st.stm32cube.ide.mcu.externaltools.gnu-tools-for-stm32.11.3.rel1.linux64_1.1.100.202309141235/tools/bin/../lib/gcc/arm-none-eabi/11.3.1/thumb/v7e-m+fp/hard/libgcc.a
LOAD /home/huang/st/stm32cubeide_1.14.0/plugins/com.st.stm32cube.ide.mcu.externaltools.gnu-tools-for-stm32.11.3.rel1.linux64_1.1.100.202309141235/tools/bin/../lib/gcc/arm-none-eabi/11.3.1/../../../../arm-none-eabi/lib/thumb/v7e-m+fp/hard/libc_nano.a
LOAD /home/huang/st/stm32cubeide_1.14.0/plugins/com.st.stm32cube.ide.mcu.externaltools.gnu-tools-for-stm32.11.3.rel1.linux64_1.1.100.202309141235/tools/bin/../lib/gcc/arm-none-eabi/11.3.1/../../../../arm-none-eabi/lib/thumb/v7e-m+fp/hard/libnosys.a
END GROUP
LOAD /home/huang/st/stm32cubeide_1.14.0/plugins/com.st.stm32cube.ide.mcu.externaltools.gnu-tools-for-stm32.11.3.rel1.linux64_1.1.100.202309141235/tools/bin/../lib/gcc/arm-none-eabi/11.3.1/thumb/v7e-m+fp/hard/crtend.o
LOAD /home/huang/st/stm32cubeide_1.14.0/plugins/com.st.stm32cube.ide.mcu.externaltools.gnu-tools-for-stm32.11.3.rel1.linux64_1.1.100.202309141235/tools/bin/../lib/gcc/arm-none-eabi/11.3.1/thumb/v7e-m+fp/hard/crtn.o
                0x0000000020020000                _estack = (ORIGIN (RAM) + LENGTH (RAM))
                0x0000000000000200                _Min_Heap_Size = 0x200
                0x0000000000000400                _Min_Stack_Size = 0x400

.isr_vector     0x0000000008000000      0x198
                0x0000000008000000                . = ALIGN (0x4)
 *(.isr_vector)
 .isr_vector    0x0000000008000000      0x198 ./Core/Startup/startup_stm32f411ceux.o
                0x0000000008000000                g_pfnVectors
                0x0000000008000198                . = ALIGN (0x4)

.text           0x00000000080001a0    0x114c0
                0x00000000080001a0                . = ALIGN (0x4)
 *(.text)
 .text          0x00000000080001a0       0x40 /home/huang/st/stm32cubeide_1.14.0/plugins/com.st.stm32cube.ide.mcu.externaltools.gnu-tools-for-stm32.11.3.rel1.linux64_1.1.100.202309141235/tools/bin/../lib/gcc/arm-none-eabi/11.3.1/thumb/v7e-m+fp/hard/crtbegin.o
 .text          0x00000000080001e0       0xa0 /home/huang/st/stm32cubeide_1.14.0/plugins/com.st.stm32cube.ide.mcu.externaltools.gnu-tools-for-stm32.11.3.rel1.linux64_1.1.100.202309141235/tools/bin/../lib/gcc/arm-none-eabi/11.3.1/../../../../arm-none-eabi/lib/thumb/v7e-m+fp/hard/libc_nano.a(libc_a-memchr.o)
                0x00000000080001e0                memchr
 .text          0x0000000008000280       0x10 /home/huang/st/stm32cubeide_1.14.0/plugins/com.st.stm32cube.ide.mcu.externaltools.gnu-tools-for-stm32.11.3.rel1.linux64_1.1.100.202309141235/tools/bin/../lib/gcc/arm-none-eabi/11.3.1/../../../../arm-none-eabi/lib/thumb/v7e-m+fp/hard/libc_nano.a(libc_a-strlen.o)
                0x0000000008000280                strlen
 .text          0x0000000008000290      0x378 /home/huang/st/stm32cubeide_1.14.0/plugins/com.st.stm32cube.ide.mcu.externaltools.gnu-tools-for-stm32.11.3.rel1.linux64_1.1.100.202309141235/tools/bin/../lib/gcc/arm-none-eabi/11.3.1/thumb/v7e-m+fp/hard/libgcc.a(_arm_addsubdf3.o)
                0x0000000008000290                __aeabi_drsub
                0x0000000008000298                __aeabi_dsub
                0x0000000008000298                __subdf3
                0x000000000800029c                __adddf3
                0x000000000800029c                __aeabi_dadd
                0x0000000008000514                __aeabi_ui2d
                0x0000000008000514                __floatunsidf
                0x0000000008000534                __floatsidf
                0x0000000008000534                __aeabi_i2d
                0x0000000008000558                __extendsfdf2
                0x0000000008000558                __aeabi_f2d
                0x000000000800059c                __aeabi_ul2d
                0x000000000800059c                __floatundidf
                0x00000000080005ac                __floatdidf
                0x00000000080005ac                __aeabi_l2d
 .text          0x0000000008000608      0x424 /home/huang/st/stm32cubeide_1.14.0/plugins/com.st.stm32cube.ide.mcu.externaltools.gnu-tools-for-stm32.11.3.rel1.linux64_1.1.100.202309141235/tools/bin/../lib/gcc/arm-none-eabi/11.3.1/thumb/v7e-m+fp/hard/libgcc.a(_arm_muldivdf3.o)
                0x0000000008000608                __aeabi_dmul
                0x0000000008000608                __muldf3
                0x000000000800085c                __aeabi_ddiv
                0x000000000800085c                __divdf3
 .text          0x0000000008000a2c      0x110 /home/huang/st/stm32cubeide_1.14.0/plugins/com.st.stm32cube.ide.mcu.externaltools.gnu-tools-for-stm32.11.3.rel1.linux64_1.1.100.202309141235/tools/bin/../lib/gcc/arm-none-eabi/11.3.1/thumb/v7e-m+fp/hard/libgcc.a(_arm_cmpdf2.o)
                0x0000000008000a2c                __gtdf2
                0x0000000008000a2c                __gedf2
                0x0000000008000a34                __ltdf2
                0x0000000008000a34                __ledf2
                0x0000000008000a3c                __cmpdf2
                0x0000000008000a3c                __eqdf2
                0x0000000008000a3c                __nedf2
                0x0000000008000ab8                __aeabi_cdrcmple
                0x0000000008000ac8                __aeabi_cdcmple
                0x0000000008000ac8                __aeabi_cdcmpeq
                0x0000000008000ad8                __aeabi_dcmpeq
                0x0000000008000aec                __aeabi_dcmplt
                0x0000000008000b00                __aeabi_dcmple
                0x0000000008000b14                __aeabi_dcmpge
                0x0000000008000b28                __aeabi_dcmpgt
 .text          0x0000000008000b3c       0x2c /home/huang/st/stm32cubeide_1.14.0/plugins/com.st.stm32cube.ide.mcu.externaltools.gnu-tools-for-stm32.11.3.rel1.linux64_1.1.100.202309141235/tools/bin/../lib/gcc/arm-none-eabi/11.3.1/thumb/v7e-m+fp/hard/libgcc.a(_arm_unorddf2.o)
                0x0000000008000b3c                __aeabi_dcmpun
                0x0000000008000b3c                __unorddf2
 .text          0x0000000008000b68       0x50 /home/huang/st/stm32cubeide_1.14.0/plugins/com.st.stm32cube.ide.mcu.externaltools.gnu-tools-for-stm32.11.3.rel1.linux64_1.1.100.202309141235/tools/bin/../lib/gcc/arm-none-eabi/11.3.1/thumb/v7e-m+fp/hard/libgcc.a(_arm_fixdfsi.o)
                0x0000000008000b68                __fixdfsi
                0x0000000008000b68                __aeabi_d2iz
 .text          0x0000000008000bb8       0x40 /home/huang/st/stm32cubeide_1.14.0/plugins/com.st.stm32cube.ide.mcu.externaltools.gnu-tools-for-stm32.11.3.rel1.linux64_1.1.100.202309141235/tools/bin/../lib/gcc/arm-none-eabi/11.3.1/thumb/v7e-m+fp/hard/libgcc.a(_arm_fixunsdfsi.o)
                0x0000000008000bb8                __fixunsdfsi
                0x0000000008000bb8                __aeabi_d2uiz
 .text          0x0000000008000bf8       0xa0 /home/huang/st/stm32cubeide_1.14.0/plugins/com.st.stm32cube.ide.mcu.externaltools.gnu-tools-for-stm32.11.3.rel1.linux64_1.1.100.202309141235/tools/bin/../lib/gcc/arm-none-eabi/11.3.1/thumb/v7e-m+fp/hard/libgcc.a(_arm_truncdfsf2.o)
                0x0000000008000bf8                __aeabi_d2f
                0x0000000008000bf8                __truncdfsf2
 .text          0x0000000008000c98       0x30 /home/huang/st/stm32cubeide_1.14.0/plugins/com.st.stm32cube.ide.mcu.externaltools.gnu-tools-for-stm32.11.3.rel1.linux64_1.1.100.202309141235/tools/bin/../lib/gcc/arm-none-eabi/11.3.1/thumb/v7e-m+fp/hard/libgcc.a(_aeabi_uldivmod.o)
                0x0000000008000c98                __aeabi_uldivmod
 .text          0x0000000008000cc8       0x30 /home/huang/st/stm32cubeide_1.14.0/plugins/com.st.stm32cube.ide.mcu.externaltools.gnu-tools-for-stm32.11.3.rel1.linux64_1.1.100.202309141235/tools/bin/../lib/gcc/arm-none-eabi/11.3.1/thumb/v7e-m+fp/hard/libgcc.a(_fixdfdi.o)
                0x0000000008000cc8                __aeabi_d2lz
                0x0000000008000cc8                __fixdfdi
 .text          0x0000000008000cf8       0x3c /home/huang/st/stm32cubeide_1.14.0/plugins/com.st.stm32cube.ide.mcu.externaltools.gnu-tools-for-stm32.11.3.rel1.linux64_1.1.100.202309141235/tools/bin/../lib/gcc/arm-none-eabi/11.3.1/thumb/v7e-m+fp/hard/libgcc.a(_fixunsdfdi.o)
                0x0000000008000cf8                __aeabi_d2ulz
                0x0000000008000cf8                __fixunsdfdi
 .text          0x0000000008000d34      0x2c8 /home/huang/st/stm32cubeide_1.14.0/plugins/com.st.stm32cube.ide.mcu.externaltools.gnu-tools-for-stm32.11.3.rel1.linux64_1.1.100.202309141235/tools/bin/../lib/gcc/arm-none-eabi/11.3.1/thumb/v7e-m+fp/hard/libgcc.a(_udivmoddi4.o)
                0x0000000008000d34                __udivmoddi4
 .text          0x0000000008000ffc        0x4 /home/huang/st/stm32cubeide_1.14.0/plugins/com.st.stm32cube.ide.mcu.externaltools.gnu-tools-for-stm32.11.3.rel1.linux64_1.1.100.202309141235/tools/bin/../lib/gcc/arm-none-eabi/11.3.1/thumb/v7e-m+fp/hard/libgcc.a(_dvmd_tls.o)
                0x0000000008000ffc                __aeabi_ldiv0
                0x0000000008000ffc                __aeabi_idiv0
 *(.text*)
 .text.SELECT   0x0000000008001000       0x18 ./Core/Src/fatfs_sd.o
 .text.DESELECT
                0x0000000008001018       0x18 ./Core/Src/fatfs_sd.o
 .text.SPI_TxByte
                0x0000000008001030       0x34 ./Core/Src/fatfs_sd.o
 .text.SPI_RxByte
                0x0000000008001064       0x3c ./Core/Src/fatfs_sd.o
 .text.SPI_RxBytePtr
                0x00000000080010a0       0x1c ./Core/Src/fatfs_sd.o
 .text.SD_ReadyWait
                0x00000000080010bc       0x38 ./Core/Src/fatfs_sd.o
 .text.SD_PowerOn
                0x00000000080010f4       0x98 ./Core/Src/fatfs_sd.o
 .text.SD_PowerOff
                0x000000000800118c       0x18 ./Core/Src/fatfs_sd.o
 .text.SD_CheckPower
                0x00000000080011a4       0x18 ./Core/Src/fatfs_sd.o
 .text.SD_RxDataBlock
                0x00000000080011bc       0x6c ./Core/Src/fatfs_sd.o
 .text.SD_TxDataBlock
                0x0000000008001228       0xa8 ./Core/Src/fatfs_sd.o
 .text.SD_SendCmd
                0x00000000080012d0       0xa4 ./Core/Src/fatfs_sd.o
 .text.SD_disk_initialize
                0x0000000008001374      0x1d4 ./Core/Src/fatfs_sd.o
                0x0000000008001374                SD_disk_initialize
 .text.SD_disk_status
                0x0000000008001548       0x2c ./Core/Src/fatfs_sd.o
                0x0000000008001548                SD_disk_status
 .text.SD_disk_read
                0x0000000008001574       0xd4 ./Core/Src/fatfs_sd.o
                0x0000000008001574                SD_disk_read
 .text.SD_disk_write
                0x0000000008001648      0x108 ./Core/Src/fatfs_sd.o
                0x0000000008001648                SD_disk_write
 .text.SD_disk_ioctl
                0x0000000008001750      0x264 ./Core/Src/fatfs_sd.o
                0x0000000008001750                SD_disk_ioctl
 .text.__io_putchar
                0x00000000080019b4       0x24 ./Core/Src/main.o
                0x00000000080019b4                __io_putchar
 .text.HAL_GPIO_EXTI_Callback
                0x00000000080019d8       0x38 ./Core/Src/main.o
                0x00000000080019d8                HAL_GPIO_EXTI_Callback
 .text.HAL_UART_RxCpltCallback
                0x0000000008001a10      0x184 ./Core/Src/main.o
                0x0000000008001a10                HAL_UART_RxCpltCallback
 .text.main     0x0000000008001b94     0x1208 ./Core/Src/main.o
                0x0000000008001b94                main
 .text.SystemClock_Config
                0x0000000008002d9c       0xd4 ./Core/Src/main.o
                0x0000000008002d9c                SystemClock_Config
 .text.MX_RTC_Init
                0x0000000008002e70       0xb4 ./Core/Src/main.o
 .text.MX_SPI1_Init
                0x0000000008002f24       0x6c ./Core/Src/main.o
 .text.MX_TIM1_Init
                0x0000000008002f90       0xa0 ./Core/Src/main.o
 .text.MX_TIM2_Init
                0x0000000008003030       0x9c ./Core/Src/main.o
 .text.MX_TIM3_Init
                0x00000000080030cc       0x9c ./Core/Src/main.o
 .text.MX_USART1_UART_Init
                0x0000000008003168       0x54 ./Core/Src/main.o
 .text.MX_GPIO_Init
                0x00000000080031bc      0x144 ./Core/Src/main.o
 .text.HAL_TIM_PeriodElapsedCallback
                0x0000000008003300       0x40 ./Core/Src/main.o
                0x0000000008003300                HAL_TIM_PeriodElapsedCallback
 .text.Cmd_display
                0x0000000008003340       0x8c ./Core/Src/main.o
                0x0000000008003340                Cmd_display
 .text.SD_init  0x00000000080033cc      0x1f4 ./Core/Src/main.o
                0x00000000080033cc                SD_init
 .text.init_Date_Time
                0x00000000080035c0       0x40 ./Core/Src/main.o
                0x00000000080035c0                init_Date_Time
 .text.get_Date_Time
                0x0000000008003600       0x28 ./Core/Src/main.o
                0x0000000008003600                get_Date_Time
 .text.STM32_DIO0
                0x0000000008003628       0x20 ./Core/Src/main.o
                0x0000000008003628                STM32_DIO0
 .text.STM32_NRST
                0x0000000008003648       0x24 ./Core/Src/main.o
                0x0000000008003648                STM32_NRST
 .text.STM32_NSEL
                0x000000000800366c       0x24 ./Core/Src/main.o
                0x000000000800366c                STM32_NSEL
 .text.STM32_DelayUs
                0x0000000008003690       0x30 ./Core/Src/main.o
                0x0000000008003690                STM32_DelayUs
 .text.STM32_SPI_Write
                0x00000000080036c0       0x2c ./Core/Src/main.o
                0x00000000080036c0                STM32_SPI_Write
 .text.STM32_SPI_Read
                0x00000000080036ec       0x2c ./Core/Src/main.o
                0x00000000080036ec                STM32_SPI_Read
 .text.STM32_SPI_WriteRead
                0x0000000008003718       0x70 ./Core/Src/main.o
                0x0000000008003718                STM32_SPI_WriteRead
 .text.STM32_SPI_CheckState
                0x0000000008003788       0x14 ./Core/Src/main.o
                0x0000000008003788                STM32_SPI_CheckState
 .text.Error_Handler
                0x000000000800379c        0xa ./Core/Src/main.o
                0x000000000800379c                Error_Handler
 *fill*         0x00000000080037a6        0x2 
 .text.HAL_MspInit
                0x00000000080037a8       0x50 ./Core/Src/stm32f4xx_hal_msp.o
                0x00000000080037a8                HAL_MspInit
 .text.HAL_RTC_MspInit
                0x00000000080037f8       0x58 ./Core/Src/stm32f4xx_hal_msp.o
                0x00000000080037f8                HAL_RTC_MspInit
 .text.HAL_SPI_MspInit
                0x0000000008003850       0x90 ./Core/Src/stm32f4xx_hal_msp.o
                0x0000000008003850                HAL_SPI_MspInit
 .text.HAL_TIM_Base_MspInit
                0x00000000080038e0       0xb4 ./Core/Src/stm32f4xx_hal_msp.o
                0x00000000080038e0                HAL_TIM_Base_MspInit
 .text.HAL_UART_MspInit
                0x0000000008003994       0xa0 ./Core/Src/stm32f4xx_hal_msp.o
                0x0000000008003994                HAL_UART_MspInit
 .text.SDTimer_Handler
                0x0000000008003a34       0x48 ./Core/Src/stm32f4xx_it.o
                0x0000000008003a34                SDTimer_Handler
 .text.NMI_Handler
                0x0000000008003a7c        0x6 ./Core/Src/stm32f4xx_it.o
                0x0000000008003a7c                NMI_Handler
 .text.HardFault_Handler
                0x0000000008003a82        0x6 ./Core/Src/stm32f4xx_it.o
                0x0000000008003a82                HardFault_Handler
 .text.MemManage_Handler
                0x0000000008003a88        0x6 ./Core/Src/stm32f4xx_it.o
                0x0000000008003a88                MemManage_Handler
 .text.BusFault_Handler
                0x0000000008003a8e        0x6 ./Core/Src/stm32f4xx_it.o
                0x0000000008003a8e                BusFault_Handler
 .text.UsageFault_Handler
                0x0000000008003a94        0x6 ./Core/Src/stm32f4xx_it.o
                0x0000000008003a94                UsageFault_Handler
 .text.SVC_Handler
                0x0000000008003a9a        0xe ./Core/Src/stm32f4xx_it.o
                0x0000000008003a9a                SVC_Handler
 .text.DebugMon_Handler
                0x0000000008003aa8        0xe ./Core/Src/stm32f4xx_it.o
                0x0000000008003aa8                DebugMon_Handler
 .text.PendSV_Handler
                0x0000000008003ab6        0xe ./Core/Src/stm32f4xx_it.o
                0x0000000008003ab6                PendSV_Handler
 .text.SysTick_Handler
                0x0000000008003ac4       0x34 ./Core/Src/stm32f4xx_it.o
                0x0000000008003ac4                SysTick_Handler
 .text.EXTI0_IRQHandler
                0x0000000008003af8        0xe ./Core/Src/stm32f4xx_it.o
                0x0000000008003af8                EXTI0_IRQHandler
 .text.EXTI4_IRQHandler
                0x0000000008003b06        0xe ./Core/Src/stm32f4xx_it.o
                0x0000000008003b06                EXTI4_IRQHandler
 .text.TIM2_IRQHandler
                0x0000000008003b14       0x14 ./Core/Src/stm32f4xx_it.o
                0x0000000008003b14                TIM2_IRQHandler
 .text.TIM3_IRQHandler
                0x0000000008003b28       0x14 ./Core/Src/stm32f4xx_it.o
                0x0000000008003b28                TIM3_IRQHandler
 .text.USART1_IRQHandler
                0x0000000008003b3c       0x14 ./Core/Src/stm32f4xx_it.o
                0x0000000008003b3c                USART1_IRQHandler
 .text._getpid  0x0000000008003b50       0x10 ./Core/Src/syscalls.o
                0x0000000008003b50                _getpid
 .text._kill    0x0000000008003b60       0x20 ./Core/Src/syscalls.o
                0x0000000008003b60                _kill
 .text._exit    0x0000000008003b80       0x14 ./Core/Src/syscalls.o
                0x0000000008003b80                _exit
 .text._read    0x0000000008003b94       0x3a ./Core/Src/syscalls.o
                0x0000000008003b94                _read
 .text._write   0x0000000008003bce       0x38 ./Core/Src/syscalls.o
                0x0000000008003bce                _write
 .text._close   0x0000000008003c06       0x18 ./Core/Src/syscalls.o
                0x0000000008003c06                _close
 .text._fstat   0x0000000008003c1e       0x20 ./Core/Src/syscalls.o
                0x0000000008003c1e                _fstat
 .text._isatty  0x0000000008003c3e       0x16 ./Core/Src/syscalls.o
                0x0000000008003c3e                _isatty
 .text._lseek   0x0000000008003c54       0x1a ./Core/Src/syscalls.o
                0x0000000008003c54                _lseek
 *fill*         0x0000000008003c6e        0x2 
 .text._sbrk    0x0000000008003c70       0x6c ./Core/Src/sysmem.o
                0x0000000008003c70                _sbrk
 .text.SystemInit
                0x0000000008003cdc       0x24 ./Core/Src/system_stm32f4xx.o
                0x0000000008003cdc                SystemInit
 .text.Reset_Handler
                0x0000000008003d00       0x50 ./Core/Startup/startup_stm32f411ceux.o
                0x0000000008003d00                Reset_Handler
 .text.Default_Handler
                0x0000000008003d50        0x2 ./Core/Startup/startup_stm32f411ceux.o
                0x0000000008003d50                RTC_Alarm_IRQHandler
                0x0000000008003d50                EXTI2_IRQHandler
                0x0000000008003d50                SPI4_IRQHandler
                0x0000000008003d50                TIM1_CC_IRQHandler
                0x0000000008003d50                DMA2_Stream5_IRQHandler
                0x0000000008003d50                DMA1_Stream5_IRQHandler
                0x0000000008003d50                PVD_IRQHandler
                0x0000000008003d50                SDIO_IRQHandler
                0x0000000008003d50                TAMP_STAMP_IRQHandler
                0x0000000008003d50                EXTI3_IRQHandler
                0x0000000008003d50                TIM1_UP_TIM10_IRQHandler
                0x0000000008003d50                I2C3_ER_IRQHandler
                0x0000000008003d50                I2C2_EV_IRQHandler
                0x0000000008003d50                DMA1_Stream2_IRQHandler
                0x0000000008003d50                FPU_IRQHandler
                0x0000000008003d50                DMA2_Stream2_IRQHandler
                0x0000000008003d50                SPI1_IRQHandler
                0x0000000008003d50                TIM1_BRK_TIM9_IRQHandler
                0x0000000008003d50                DMA2_Stream3_IRQHandler
                0x0000000008003d50                USART6_IRQHandler
                0x0000000008003d50                DMA2_Stream0_IRQHandler
                0x0000000008003d50                TIM4_IRQHandler
                0x0000000008003d50                I2C1_EV_IRQHandler
                0x0000000008003d50                DMA1_Stream6_IRQHandler
                0x0000000008003d50                DMA1_Stream1_IRQHandler
                0x0000000008003d50                RCC_IRQHandler
                0x0000000008003d50                Default_Handler
                0x0000000008003d50                EXTI15_10_IRQHandler
                0x0000000008003d50                ADC_IRQHandler
                0x0000000008003d50                DMA1_Stream7_IRQHandler
                0x0000000008003d50                SPI5_IRQHandler
                0x0000000008003d50                TIM5_IRQHandler
                0x0000000008003d50                DMA2_Stream7_IRQHandler
                0x0000000008003d50                I2C3_EV_IRQHandler
                0x0000000008003d50                EXTI9_5_IRQHandler
                0x0000000008003d50                RTC_WKUP_IRQHandler
                0x0000000008003d50                SPI2_IRQHandler
                0x0000000008003d50                DMA1_Stream0_IRQHandler
                0x0000000008003d50                WWDG_IRQHandler
                0x0000000008003d50                OTG_FS_WKUP_IRQHandler
                0x0000000008003d50                TIM1_TRG_COM_TIM11_IRQHandler
                0x0000000008003d50                EXTI1_IRQHandler
                0x0000000008003d50                USART2_IRQHandler
                0x0000000008003d50                I2C2_ER_IRQHandler
                0x0000000008003d50                DMA2_Stream1_IRQHandler
                0x0000000008003d50                FLASH_IRQHandler
                0x0000000008003d50                DMA2_Stream4_IRQHandler
                0x0000000008003d50                OTG_FS_IRQHandler
                0x0000000008003d50                SPI3_IRQHandler
                0x0000000008003d50                DMA1_Stream4_IRQHandler
                0x0000000008003d50                I2C1_ER_IRQHandler
                0x0000000008003d50                DMA2_Stream6_IRQHandler
                0x0000000008003d50                DMA1_Stream3_IRQHandler
 *fill*         0x0000000008003d52        0x2 
 .text.HAL_Init
                0x0000000008003d54       0x44 ./Drivers/STM32F4xx_HAL_Driver/Src/stm32f4xx_hal.o
                0x0000000008003d54                HAL_Init
 .text.HAL_InitTick
                0x0000000008003d98       0x60 ./Drivers/STM32F4xx_HAL_Driver/Src/stm32f4xx_hal.o
                0x0000000008003d98                HAL_InitTick
 .text.HAL_IncTick
                0x0000000008003df8       0x28 ./Drivers/STM32F4xx_HAL_Driver/Src/stm32f4xx_hal.o
                0x0000000008003df8                HAL_IncTick
 .text.HAL_GetTick
                0x0000000008003e20       0x18 ./Drivers/STM32F4xx_HAL_Driver/Src/stm32f4xx_hal.o
                0x0000000008003e20                HAL_GetTick
 .text.HAL_Delay
                0x0000000008003e38       0x48 ./Drivers/STM32F4xx_HAL_Driver/Src/stm32f4xx_hal.o
                0x0000000008003e38                HAL_Delay
 .text.__NVIC_SetPriorityGrouping
                0x0000000008003e80       0x48 ./Drivers/STM32F4xx_HAL_Driver/Src/stm32f4xx_hal_cortex.o
 .text.__NVIC_GetPriorityGrouping
                0x0000000008003ec8       0x1c ./Drivers/STM32F4xx_HAL_Driver/Src/stm32f4xx_hal_cortex.o
 .text.__NVIC_EnableIRQ
                0x0000000008003ee4       0x3c ./Drivers/STM32F4xx_HAL_Driver/Src/stm32f4xx_hal_cortex.o
 .text.__NVIC_SetPriority
                0x0000000008003f20       0x54 ./Drivers/STM32F4xx_HAL_Driver/Src/stm32f4xx_hal_cortex.o
 .text.NVIC_EncodePriority
                0x0000000008003f74       0x66 ./Drivers/STM32F4xx_HAL_Driver/Src/stm32f4xx_hal_cortex.o
 *fill*         0x0000000008003fda        0x2 
 .text.SysTick_Config
                0x0000000008003fdc       0x44 ./Drivers/STM32F4xx_HAL_Driver/Src/stm32f4xx_hal_cortex.o
 .text.HAL_NVIC_SetPriorityGrouping
                0x0000000008004020       0x16 ./Drivers/STM32F4xx_HAL_Driver/Src/stm32f4xx_hal_cortex.o
                0x0000000008004020                HAL_NVIC_SetPriorityGrouping
 .text.HAL_NVIC_SetPriority
                0x0000000008004036       0x38 ./Drivers/STM32F4xx_HAL_Driver/Src/stm32f4xx_hal_cortex.o
                0x0000000008004036                HAL_NVIC_SetPriority
 .text.HAL_NVIC_EnableIRQ
                0x000000000800406e       0x1c ./Drivers/STM32F4xx_HAL_Driver/Src/stm32f4xx_hal_cortex.o
                0x000000000800406e                HAL_NVIC_EnableIRQ
 .text.HAL_SYSTICK_Config
                0x000000000800408a       0x18 ./Drivers/STM32F4xx_HAL_Driver/Src/stm32f4xx_hal_cortex.o
                0x000000000800408a                HAL_SYSTICK_Config
 .text.HAL_DMA_Abort
                0x00000000080040a2       0xe0 ./Drivers/STM32F4xx_HAL_Driver/Src/stm32f4xx_hal_dma.o
                0x00000000080040a2                HAL_DMA_Abort
 .text.HAL_DMA_Abort_IT
                0x0000000008004182       0x44 ./Drivers/STM32F4xx_HAL_Driver/Src/stm32f4xx_hal_dma.o
                0x0000000008004182                HAL_DMA_Abort_IT
 *fill*         0x00000000080041c6        0x2 
 .text.HAL_GPIO_Init
                0x00000000080041c8      0x308 ./Drivers/STM32F4xx_HAL_Driver/Src/stm32f4xx_hal_gpio.o
                0x00000000080041c8                HAL_GPIO_Init
 .text.HAL_GPIO_ReadPin
                0x00000000080044d0       0x30 ./Drivers/STM32F4xx_HAL_Driver/Src/stm32f4xx_hal_gpio.o
                0x00000000080044d0                HAL_GPIO_ReadPin
 .text.HAL_GPIO_WritePin
                0x0000000008004500       0x32 ./Drivers/STM32F4xx_HAL_Driver/Src/stm32f4xx_hal_gpio.o
                0x0000000008004500                HAL_GPIO_WritePin
 *fill*         0x0000000008004532        0x2 
 .text.HAL_GPIO_EXTI_IRQHandler
                0x0000000008004534       0x30 ./Drivers/STM32F4xx_HAL_Driver/Src/stm32f4xx_hal_gpio.o
                0x0000000008004534                HAL_GPIO_EXTI_IRQHandler
 .text.HAL_RCC_OscConfig
                0x0000000008004564      0x4f0 ./Drivers/STM32F4xx_HAL_Driver/Src/stm32f4xx_hal_rcc.o
                0x0000000008004564                HAL_RCC_OscConfig
 .text.HAL_RCC_ClockConfig
                0x0000000008004a54      0x1cc ./Drivers/STM32F4xx_HAL_Driver/Src/stm32f4xx_hal_rcc.o
                0x0000000008004a54                HAL_RCC_ClockConfig
 .text.HAL_RCC_GetSysClockFreq
                0x0000000008004c20      0x18c ./Drivers/STM32F4xx_HAL_Driver/Src/stm32f4xx_hal_rcc.o
                0x0000000008004c20                HAL_RCC_GetSysClockFreq
 .text.HAL_RCC_GetHCLKFreq
                0x0000000008004dac       0x18 ./Drivers/STM32F4xx_HAL_Driver/Src/stm32f4xx_hal_rcc.o
                0x0000000008004dac                HAL_RCC_GetHCLKFreq
 .text.HAL_RCC_GetPCLK1Freq
                0x0000000008004dc4       0x28 ./Drivers/STM32F4xx_HAL_Driver/Src/stm32f4xx_hal_rcc.o
                0x0000000008004dc4                HAL_RCC_GetPCLK1Freq
 .text.HAL_RCC_GetPCLK2Freq
                0x0000000008004dec       0x28 ./Drivers/STM32F4xx_HAL_Driver/Src/stm32f4xx_hal_rcc.o
                0x0000000008004dec                HAL_RCC_GetPCLK2Freq
 .text.HAL_RCCEx_PeriphCLKConfig
                0x0000000008004e14      0x1e0 ./Drivers/STM32F4xx_HAL_Driver/Src/stm32f4xx_hal_rcc_ex.o
                0x0000000008004e14                HAL_RCCEx_PeriphCLKConfig
 .text.HAL_RTC_Init
                0x0000000008004ff4      0x106 ./Drivers/STM32F4xx_HAL_Driver/Src/stm32f4xx_hal_rtc.o
                0x0000000008004ff4                HAL_RTC_Init
 .text.HAL_RTC_SetTime
                0x00000000080050fa      0x134 ./Drivers/STM32F4xx_HAL_Driver/Src/stm32f4xx_hal_rtc.o
                0x00000000080050fa                HAL_RTC_SetTime
 .text.HAL_RTC_GetTime
                0x000000000800522e       0xbc ./Drivers/STM32F4xx_HAL_Driver/Src/stm32f4xx_hal_rtc.o
                0x000000000800522e                HAL_RTC_GetTime
 .text.HAL_RTC_SetDate
                0x00000000080052ea      0x108 ./Drivers/STM32F4xx_HAL_Driver/Src/stm32f4xx_hal_rtc.o
                0x00000000080052ea                HAL_RTC_SetDate
 .text.HAL_RTC_GetDate
                0x00000000080053f2       0x9e ./Drivers/STM32F4xx_HAL_Driver/Src/stm32f4xx_hal_rtc.o
                0x00000000080053f2                HAL_RTC_GetDate
 .text.HAL_RTC_WaitForSynchro
                0x0000000008005490       0x4c ./Drivers/STM32F4xx_HAL_Driver/Src/stm32f4xx_hal_rtc.o
                0x0000000008005490                HAL_RTC_WaitForSynchro
 .text.RTC_EnterInitMode
                0x00000000080054dc       0x6e ./Drivers/STM32F4xx_HAL_Driver/Src/stm32f4xx_hal_rtc.o
                0x00000000080054dc                RTC_EnterInitMode
 .text.RTC_ExitInitMode
                0x000000000800554a       0x4a ./Drivers/STM32F4xx_HAL_Driver/Src/stm32f4xx_hal_rtc.o
                0x000000000800554a                RTC_ExitInitMode
 .text.RTC_ByteToBcd2
                0x0000000008005594       0x3c ./Drivers/STM32F4xx_HAL_Driver/Src/stm32f4xx_hal_rtc.o
                0x0000000008005594                RTC_ByteToBcd2
 .text.RTC_Bcd2ToByte
                0x00000000080055d0       0x3c ./Drivers/STM32F4xx_HAL_Driver/Src/stm32f4xx_hal_rtc.o
                0x00000000080055d0                RTC_Bcd2ToByte
 .text.HAL_SPI_Init
                0x000000000800560c      0x112 ./Drivers/STM32F4xx_HAL_Driver/Src/stm32f4xx_hal_spi.o
                0x000000000800560c                HAL_SPI_Init
 .text.HAL_SPI_Transmit
                0x000000000800571e      0x286 ./Drivers/STM32F4xx_HAL_Driver/Src/stm32f4xx_hal_spi.o
                0x000000000800571e                HAL_SPI_Transmit
 .text.HAL_SPI_Receive
                0x00000000080059a4      0x230 ./Drivers/STM32F4xx_HAL_Driver/Src/stm32f4xx_hal_spi.o
                0x00000000080059a4                HAL_SPI_Receive
 .text.HAL_SPI_TransmitReceive
                0x0000000008005bd4      0x360 ./Drivers/STM32F4xx_HAL_Driver/Src/stm32f4xx_hal_spi.o
                0x0000000008005bd4                HAL_SPI_TransmitReceive
 .text.HAL_SPI_GetState
                0x0000000008005f34       0x1c ./Drivers/STM32F4xx_HAL_Driver/Src/stm32f4xx_hal_spi.o
                0x0000000008005f34                HAL_SPI_GetState
 .text.SPI_WaitFlagStateUntilTimeout
                0x0000000008005f50      0x110 ./Drivers/STM32F4xx_HAL_Driver/Src/stm32f4xx_hal_spi.o
 .text.SPI_EndRxTransaction
                0x0000000008006060       0xca ./Drivers/STM32F4xx_HAL_Driver/Src/stm32f4xx_hal_spi.o
 *fill*         0x000000000800612a        0x2 
 .text.SPI_EndRxTxTransaction
                0x000000000800612c       0xa8 ./Drivers/STM32F4xx_HAL_Driver/Src/stm32f4xx_hal_spi.o
 .text.HAL_TIM_Base_Init
                0x00000000080061d4       0x9e ./Drivers/STM32F4xx_HAL_Driver/Src/stm32f4xx_hal_tim.o
                0x00000000080061d4                HAL_TIM_Base_Init
 *fill*         0x0000000008006272        0x2 
 .text.HAL_TIM_Base_Start
                0x0000000008006274       0xb4 ./Drivers/STM32F4xx_HAL_Driver/Src/stm32f4xx_hal_tim.o
                0x0000000008006274                HAL_TIM_Base_Start
 .text.HAL_TIM_Base_Start_IT
                0x0000000008006328       0xc4 ./Drivers/STM32F4xx_HAL_Driver/Src/stm32f4xx_hal_tim.o
                0x0000000008006328                HAL_TIM_Base_Start_IT
 .text.HAL_TIM_Base_Stop_IT
                0x00000000080063ec       0x5e ./Drivers/STM32F4xx_HAL_Driver/Src/stm32f4xx_hal_tim.o
                0x00000000080063ec                HAL_TIM_Base_Stop_IT
 .text.HAL_TIM_IRQHandler
                0x000000000800644a      0x1e0 ./Drivers/STM32F4xx_HAL_Driver/Src/stm32f4xx_hal_tim.o
                0x000000000800644a                HAL_TIM_IRQHandler
 .text.HAL_TIM_ConfigClockSource
                0x000000000800662a      0x18e ./Drivers/STM32F4xx_HAL_Driver/Src/stm32f4xx_hal_tim.o
                0x000000000800662a                HAL_TIM_ConfigClockSource
 .text.HAL_TIM_OC_DelayElapsedCallback
                0x00000000080067b8       0x14 ./Drivers/STM32F4xx_HAL_Driver/Src/stm32f4xx_hal_tim.o
                0x00000000080067b8                HAL_TIM_OC_DelayElapsedCallback
 .text.HAL_TIM_IC_CaptureCallback
                0x00000000080067cc       0x14 ./Drivers/STM32F4xx_HAL_Driver/Src/stm32f4xx_hal_tim.o
                0x00000000080067cc                HAL_TIM_IC_CaptureCallback
 .text.HAL_TIM_PWM_PulseFinishedCallback
                0x00000000080067e0       0x14 ./Drivers/STM32F4xx_HAL_Driver/Src/stm32f4xx_hal_tim.o
                0x00000000080067e0                HAL_TIM_PWM_PulseFinishedCallback
 .text.HAL_TIM_TriggerCallback
                0x00000000080067f4       0x14 ./Drivers/STM32F4xx_HAL_Driver/Src/stm32f4xx_hal_tim.o
                0x00000000080067f4                HAL_TIM_TriggerCallback
 .text.TIM_Base_SetConfig
                0x0000000008006808      0x118 ./Drivers/STM32F4xx_HAL_Driver/Src/stm32f4xx_hal_tim.o
                0x0000000008006808                TIM_Base_SetConfig
 .text.TIM_TI1_ConfigInputStage
                0x0000000008006920       0x5e ./Drivers/STM32F4xx_HAL_Driver/Src/stm32f4xx_hal_tim.o
 .text.TIM_TI2_ConfigInputStage
                0x000000000800697e       0x60 ./Drivers/STM32F4xx_HAL_Driver/Src/stm32f4xx_hal_tim.o
 .text.TIM_ITRx_SetConfig
                0x00000000080069de       0x36 ./Drivers/STM32F4xx_HAL_Driver/Src/stm32f4xx_hal_tim.o
 .text.TIM_ETR_SetConfig
                0x0000000008006a14       0x40 ./Drivers/STM32F4xx_HAL_Driver/Src/stm32f4xx_hal_tim.o
                0x0000000008006a14                TIM_ETR_SetConfig
 .text.HAL_TIMEx_MasterConfigSynchronization
                0x0000000008006a54       0xdc ./Drivers/STM32F4xx_HAL_Driver/Src/stm32f4xx_hal_tim_ex.o
                0x0000000008006a54                HAL_TIMEx_MasterConfigSynchronization
 .text.HAL_TIMEx_CommutCallback
                0x0000000008006b30       0x14 ./Drivers/STM32F4xx_HAL_Driver/Src/stm32f4xx_hal_tim_ex.o
                0x0000000008006b30                HAL_TIMEx_CommutCallback
 .text.HAL_TIMEx_BreakCallback
                0x0000000008006b44       0x14 ./Drivers/STM32F4xx_HAL_Driver/Src/stm32f4xx_hal_tim_ex.o
                0x0000000008006b44                HAL_TIMEx_BreakCallback
 .text.HAL_UART_Init
                0x0000000008006b58       0xa0 ./Drivers/STM32F4xx_HAL_Driver/Src/stm32f4xx_hal_uart.o
                0x0000000008006b58                HAL_UART_Init
 .text.HAL_UART_Transmit
                0x0000000008006bf8      0x116 ./Drivers/STM32F4xx_HAL_Driver/Src/stm32f4xx_hal_uart.o
                0x0000000008006bf8                HAL_UART_Transmit
 .text.HAL_UART_Receive_IT
                0x0000000008006d0e       0x4a ./Drivers/STM32F4xx_HAL_Driver/Src/stm32f4xx_hal_uart.o
                0x0000000008006d0e                HAL_UART_Receive_IT
 .text.HAL_UART_IRQHandler
                0x0000000008006d58      0x524 ./Drivers/STM32F4xx_HAL_Driver/Src/stm32f4xx_hal_uart.o
                0x0000000008006d58                HAL_UART_IRQHandler
 .text.HAL_UART_TxCpltCallback
                0x000000000800727c       0x14 ./Drivers/STM32F4xx_HAL_Driver/Src/stm32f4xx_hal_uart.o
                0x000000000800727c                HAL_UART_TxCpltCallback
 .text.HAL_UART_ErrorCallback
                0x0000000008007290       0x14 ./Drivers/STM32F4xx_HAL_Driver/Src/stm32f4xx_hal_uart.o
                0x0000000008007290                HAL_UART_ErrorCallback
 .text.HAL_UARTEx_RxEventCallback
                0x00000000080072a4       0x18 ./Drivers/STM32F4xx_HAL_Driver/Src/stm32f4xx_hal_uart.o
                0x00000000080072a4                HAL_UARTEx_RxEventCallback
 .text.UART_WaitOnFlagUntilTimeout
                0x00000000080072bc       0xb2 ./Drivers/STM32F4xx_HAL_Driver/Src/stm32f4xx_hal_uart.o
 .text.UART_Start_Receive_IT
                0x000000000800736e       0x74 ./Drivers/STM32F4xx_HAL_Driver/Src/stm32f4xx_hal_uart.o
                0x000000000800736e                UART_Start_Receive_IT
 .text.UART_EndRxTransfer
                0x00000000080073e2       0xc6 ./Drivers/STM32F4xx_HAL_Driver/Src/stm32f4xx_hal_uart.o
 .text.UART_DMAAbortOnError
                0x00000000080074a8       0x28 ./Drivers/STM32F4xx_HAL_Driver/Src/stm32f4xx_hal_uart.o
 .text.UART_Transmit_IT
                0x00000000080074d0       0xa0 ./Drivers/STM32F4xx_HAL_Driver/Src/stm32f4xx_hal_uart.o
 .text.UART_EndTransmit_IT
                0x0000000008007570       0x30 ./Drivers/STM32F4xx_HAL_Driver/Src/stm32f4xx_hal_uart.o
 .text.UART_Receive_IT
                0x00000000080075a0      0x17c ./Drivers/STM32F4xx_HAL_Driver/Src/stm32f4xx_hal_uart.o
 .text.UART_SetConfig
                0x000000000800771c      0x4e8 ./Drivers/STM32F4xx_HAL_Driver/Src/stm32f4xx_hal_uart.o
 .text.MX_FATFS_Init
                0x0000000008007c04       0x24 ./FATFS/App/fatfs.o
                0x0000000008007c04                MX_FATFS_Init
 .text.get_fattime
                0x0000000008007c28       0x10 ./FATFS/App/fatfs.o
                0x0000000008007c28                get_fattime
 .text.USER_initialize
                0x0000000008007c38       0x1c ./FATFS/Target/user_diskio.o
                0x0000000008007c38                USER_initialize
 .text.USER_status
                0x0000000008007c54       0x1c ./FATFS/Target/user_diskio.o
                0x0000000008007c54                USER_status
 .text.USER_read
                0x0000000008007c70       0x26 ./FATFS/Target/user_diskio.o
                0x0000000008007c70                USER_read
 .text.USER_write
                0x0000000008007c96       0x26 ./FATFS/Target/user_diskio.o
                0x0000000008007c96                USER_write
 .text.USER_ioctl
                0x0000000008007cbc       0x26 ./FATFS/Target/user_diskio.o
                0x0000000008007cbc                USER_ioctl
 *fill*         0x0000000008007ce2        0x2 
 .text.disk_status
                0x0000000008007ce4       0x34 ./Middlewares/Third_Party/FatFs/src/diskio.o
                0x0000000008007ce4                disk_status
 .text.disk_initialize
                0x0000000008007d18       0x50 ./Middlewares/Third_Party/FatFs/src/diskio.o
                0x0000000008007d18                disk_initialize
 .text.disk_read
                0x0000000008007d68       0x40 ./Middlewares/Third_Party/FatFs/src/diskio.o
                0x0000000008007d68                disk_read
 .text.disk_write
                0x0000000008007da8       0x40 ./Middlewares/Third_Party/FatFs/src/diskio.o
                0x0000000008007da8                disk_write
 .text.disk_ioctl
                0x0000000008007de8       0x3c ./Middlewares/Third_Party/FatFs/src/diskio.o
                0x0000000008007de8                disk_ioctl
 .text.ld_word  0x0000000008007e24       0x30 ./Middlewares/Third_Party/FatFs/src/ff.o
 .text.ld_dword
                0x0000000008007e54       0x46 ./Middlewares/Third_Party/FatFs/src/ff.o
 .text.st_word  0x0000000008007e9a       0x36 ./Middlewares/Third_Party/FatFs/src/ff.o
 .text.st_dword
                0x0000000008007ed0       0x58 ./Middlewares/Third_Party/FatFs/src/ff.o
 .text.mem_cpy  0x0000000008007f28       0x42 ./Middlewares/Third_Party/FatFs/src/ff.o
 .text.mem_set  0x0000000008007f6a       0x36 ./Middlewares/Third_Party/FatFs/src/ff.o
 .text.mem_cmp  0x0000000008007fa0       0x4e ./Middlewares/Third_Party/FatFs/src/ff.o
 .text.chk_chr  0x0000000008007fee       0x36 ./Middlewares/Third_Party/FatFs/src/ff.o
 .text.chk_lock
                0x0000000008008024       0xb8 ./Middlewares/Third_Party/FatFs/src/ff.o
 .text.enq_lock
                0x00000000080080dc       0x44 ./Middlewares/Third_Party/FatFs/src/ff.o
 .text.inc_lock
                0x0000000008008120      0x11c ./Middlewares/Third_Party/FatFs/src/ff.o
 .text.dec_lock
                0x000000000800823c       0x78 ./Middlewares/Third_Party/FatFs/src/ff.o
 .text.clear_lock
                0x00000000080082b4       0x48 ./Middlewares/Third_Party/FatFs/src/ff.o
 .text.sync_window
                0x00000000080082fc       0x88 ./Middlewares/Third_Party/FatFs/src/ff.o
 .text.move_window
                0x0000000008008384       0x5a ./Middlewares/Third_Party/FatFs/src/ff.o
 *fill*         0x00000000080083de        0x2 
 .text.sync_fs  0x00000000080083e0       0xe0 ./Middlewares/Third_Party/FatFs/src/ff.o
 .text.clust2sect
                0x00000000080084c0       0x3e ./Middlewares/Third_Party/FatFs/src/ff.o
 .text.get_fat  0x00000000080084fe      0x1a8 ./Middlewares/Third_Party/FatFs/src/ff.o
 .text.put_fat  0x00000000080086a6      0x234 ./Middlewares/Third_Party/FatFs/src/ff.o
 .text.remove_chain
                0x00000000080088da       0xca ./Middlewares/Third_Party/FatFs/src/ff.o
 .text.create_chain
                0x00000000080089a4      0x130 ./Middlewares/Third_Party/FatFs/src/ff.o
 .text.clmt_clust
                0x0000000008008ad4       0x70 ./Middlewares/Third_Party/FatFs/src/ff.o
 .text.dir_sdi  0x0000000008008b44      0x112 ./Middlewares/Third_Party/FatFs/src/ff.o
 .text.dir_next
                0x0000000008008c56      0x1ac ./Middlewares/Third_Party/FatFs/src/ff.o
 .text.dir_alloc
                0x0000000008008e02       0x8e ./Middlewares/Third_Party/FatFs/src/ff.o
 .text.ld_clust
                0x0000000008008e90       0x3e ./Middlewares/Third_Party/FatFs/src/ff.o
 .text.st_clust
                0x0000000008008ece       0x40 ./Middlewares/Third_Party/FatFs/src/ff.o
 *fill*         0x0000000008008f0e        0x2 
 .text.cmp_lfn  0x0000000008008f10       0xe0 ./Middlewares/Third_Party/FatFs/src/ff.o
 .text.pick_lfn
                0x0000000008008ff0       0xc8 ./Middlewares/Third_Party/FatFs/src/ff.o
 .text.put_lfn  0x00000000080090b8       0xd0 ./Middlewares/Third_Party/FatFs/src/ff.o
 .text.gen_numname
                0x0000000008009188      0x11c ./Middlewares/Third_Party/FatFs/src/ff.o
 .text.sum_sfn  0x00000000080092a4       0x42 ./Middlewares/Third_Party/FatFs/src/ff.o
 .text.dir_read
                0x00000000080092e6      0x14e ./Middlewares/Third_Party/FatFs/src/ff.o
 .text.dir_find
                0x0000000008009434      0x180 ./Middlewares/Third_Party/FatFs/src/ff.o
 .text.dir_register
                0x00000000080095b4      0x1f0 ./Middlewares/Third_Party/FatFs/src/ff.o
 .text.dir_remove
                0x00000000080097a4       0x94 ./Middlewares/Third_Party/FatFs/src/ff.o
 .text.get_fileinfo
                0x0000000008009838      0x1ba ./Middlewares/Third_Party/FatFs/src/ff.o
 *fill*         0x00000000080099f2        0x2 
 .text.create_name
                0x00000000080099f4      0x370 ./Middlewares/Third_Party/FatFs/src/ff.o
 .text.follow_path
                0x0000000008009d64       0xec ./Middlewares/Third_Party/FatFs/src/ff.o
 .text.get_ldnumber
                0x0000000008009e50       0x88 ./Middlewares/Third_Party/FatFs/src/ff.o
 .text.check_fs
                0x0000000008009ed8       0xac ./Middlewares/Third_Party/FatFs/src/ff.o
 .text.find_volume
                0x0000000008009f84      0x50c ./Middlewares/Third_Party/FatFs/src/ff.o
 .text.validate
                0x000000000800a490       0x6a ./Middlewares/Third_Party/FatFs/src/ff.o
 *fill*         0x000000000800a4fa        0x2 
 .text.f_mount  0x000000000800a4fc       0x8c ./Middlewares/Third_Party/FatFs/src/ff.o
                0x000000000800a4fc                f_mount
 .text.f_open   0x000000000800a588      0x398 ./Middlewares/Third_Party/FatFs/src/ff.o
                0x000000000800a588                f_open
 .text.f_read   0x000000000800a920      0x2be ./Middlewares/Third_Party/FatFs/src/ff.o
                0x000000000800a920                f_read
 .text.f_write  0x000000000800abde      0x328 ./Middlewares/Third_Party/FatFs/src/ff.o
                0x000000000800abde                f_write
 .text.f_sync   0x000000000800af06       0xfc ./Middlewares/Third_Party/FatFs/src/ff.o
                0x000000000800af06                f_sync
 .text.f_close  0x000000000800b002       0x54 ./Middlewares/Third_Party/FatFs/src/ff.o
                0x000000000800b002                f_close
 .text.f_lseek  0x000000000800b056      0x448 ./Middlewares/Third_Party/FatFs/src/ff.o
                0x000000000800b056                f_lseek
 .text.f_opendir
                0x000000000800b49e       0xe6 ./Middlewares/Third_Party/FatFs/src/ff.o
                0x000000000800b49e                f_opendir
 .text.f_closedir
                0x000000000800b584       0x4c ./Middlewares/Third_Party/FatFs/src/ff.o
                0x000000000800b584                f_closedir
 .text.f_readdir
                0x000000000800b5d0       0x7a ./Middlewares/Third_Party/FatFs/src/ff.o
                0x000000000800b5d0                f_readdir
 .text.f_getfree
                0x000000000800b64a      0x16a ./Middlewares/Third_Party/FatFs/src/ff.o
                0x000000000800b64a                f_getfree
 .text.f_unlink
                0x000000000800b7b4      0x156 ./Middlewares/Third_Party/FatFs/src/ff.o
                0x000000000800b7b4                f_unlink
 .text.putc_bfd
                0x000000000800b90a       0x7a ./Middlewares/Third_Party/FatFs/src/ff.o
 .text.putc_flush
                0x000000000800b984       0x4a ./Middlewares/Third_Party/FatFs/src/ff.o
 .text.putc_init
                0x000000000800b9ce       0x2a ./Middlewares/Third_Party/FatFs/src/ff.o
 .text.f_puts   0x000000000800b9f8       0x48 ./Middlewares/Third_Party/FatFs/src/ff.o
                0x000000000800b9f8                f_puts
 .text.FATFS_LinkDriverEx
                0x000000000800ba40       0x98 ./Middlewares/Third_Party/FatFs/src/ff_gen_drv.o
                0x000000000800ba40                FATFS_LinkDriverEx
 .text.FATFS_LinkDriver
                0x000000000800bad8       0x1e ./Middlewares/Third_Party/FatFs/src/ff_gen_drv.o
                0x000000000800bad8                FATFS_LinkDriver
 *fill*         0x000000000800baf6        0x2 
 .text.ff_convert
                0x000000000800baf8       0x78 ./Middlewares/Third_Party/FatFs/src/option/ccsbcs.o
                0x000000000800baf8                ff_convert
 .text.ff_wtoupper
                0x000000000800bb70      0x114 ./Middlewares/Third_Party/FatFs/src/option/ccsbcs.o
                0x000000000800bb70                ff_wtoupper
 .text.RFM95_Reset
                0x000000000800bc84       0x34 ./RFM95_API/src/RFM95.o
                0x000000000800bc84                RFM95_Reset
 .text.RFM95_LoRa_setOpMode
                0x000000000800bcb8       0x98 ./RFM95_API/src/RFM95.o
                0x000000000800bcb8                RFM95_LoRa_setOpMode
 .text.RFM95_setModem
                0x000000000800bd50       0x74 ./RFM95_API/src/RFM95.o
                0x000000000800bd50                RFM95_setModem
 .text.RFM95_setFrequency
                0x000000000800bdc4       0x68 ./RFM95_API/src/RFM95.o
                0x000000000800bdc4                RFM95_setFrequency
 .text.RFM95_getFrequency
                0x000000000800be2c       0x78 ./RFM95_API/src/RFM95.o
                0x000000000800be2c                RFM95_getFrequency
 .text.RFM95_setTXPower
                0x000000000800bea4      0x192 ./RFM95_API/src/RFM95.o
                0x000000000800bea4                RFM95_setTXPower
 *fill*         0x000000000800c036        0x2 
 .text.RFM95_setOCP
                0x000000000800c038       0x90 ./RFM95_API/src/RFM95.o
                0x000000000800c038                RFM95_setOCP
 .text.RFM95_setLNAGain
                0x000000000800c0c8       0xae ./RFM95_API/src/RFM95.o
                0x000000000800c0c8                RFM95_setLNAGain
 .text.RFM95_LoRa_setSpreadingFactor
                0x000000000800c176       0x78 ./RFM95_API/src/RFM95.o
                0x000000000800c176                RFM95_LoRa_setSpreadingFactor
 .text.RFM95_LoRa_setRxPayloadCrcOn
                0x000000000800c1ee       0x68 ./RFM95_API/src/RFM95.o
                0x000000000800c1ee                RFM95_LoRa_setRxPayloadCrcOn
 .text.rfm95_lora_symb_timout
                0x000000000800c256       0x92 ./RFM95_API/src/RFM95.o
                0x000000000800c256                rfm95_lora_symb_timout
 .text.RFM95_LoRa_setBandwidth
                0x000000000800c2e8       0xd8 ./RFM95_API/src/RFM95.o
                0x000000000800c2e8                RFM95_LoRa_setBandwidth
 .text.RFM95_LoRa_setCodingRate
                0x000000000800c3c0       0x98 ./RFM95_API/src/RFM95.o
                0x000000000800c3c0                RFM95_LoRa_setCodingRate
 .text.RFM95_LoRa_setHeaderMode
                0x000000000800c458       0x64 ./RFM95_API/src/RFM95.o
                0x000000000800c458                RFM95_LoRa_setHeaderMode
 .text.RFM95_LoRa_setPreamble
                0x000000000800c4bc       0x5c ./RFM95_API/src/RFM95.o
                0x000000000800c4bc                RFM95_LoRa_setPreamble
 .text.rfm95_lora_dio_mapping
                0x000000000800c518       0xdc ./RFM95_API/src/RFM95.o
                0x000000000800c518                rfm95_lora_dio_mapping
 .text.RFM95_checkVersion
                0x000000000800c5f4       0x34 ./RFM95_API/src/RFM95.o
                0x000000000800c5f4                RFM95_checkVersion
 .text.RFM95_LoRa_prepareReceive
                0x000000000800c628       0xc4 ./RFM95_API/src/RFM95.o
                0x000000000800c628                RFM95_LoRa_prepareReceive
 .text.RFM95_LoRa_receive
                0x000000000800c6ec       0xd0 ./RFM95_API/src/RFM95.o
                0x000000000800c6ec                RFM95_LoRa_receive
 .text.RFM95_LoRa_setSyncWord
                0x000000000800c7bc       0x2c ./RFM95_API/src/RFM95.o
                0x000000000800c7bc                RFM95_LoRa_setSyncWord
 .text.RFM95_getPcktSNR
                0x000000000800c7e8       0x54 ./RFM95_API/src/RFM95.o
                0x000000000800c7e8                RFM95_getPcktSNR
 .text.RFM95_getPcktRSSI
                0x000000000800c83c      0x140 ./RFM95_API/src/RFM95.o
                0x000000000800c83c                RFM95_getPcktRSSI
 .text.RFM95_LoRa_Init
                0x000000000800c97c      0x19c ./RFM95_API/src/RFM95.o
                0x000000000800c97c                RFM95_LoRa_Init
 .text.rfm95_readReg
                0x000000000800cb18       0x5c ./RFM95_API/src/RFM95.o
                0x000000000800cb18                rfm95_readReg
 .text.rfm95_writeReg
                0x000000000800cb74       0x60 ./RFM95_API/src/RFM95.o
                0x000000000800cb74                rfm95_writeReg
 .text.rfm95_burst_readReg
                0x000000000800cbd4       0x82 ./RFM95_API/src/RFM95.o
                0x000000000800cbd4                rfm95_burst_readReg
 .text.rfm95_burst_writeReg
                0x000000000800cc56       0x9e ./RFM95_API/src/RFM95.o
                0x000000000800cc56                rfm95_burst_writeReg
 .text.rfm95_fifo_readReg
                0x000000000800ccf4       0x24 ./RFM95_API/src/RFM95.o
                0x000000000800ccf4                rfm95_fifo_readReg
 .text.atoi     0x000000000800cd18        0x8 /home/huang/st/stm32cubeide_1.14.0/plugins/com.st.stm32cube.ide.mcu.externaltools.gnu-tools-for-stm32.11.3.rel1.linux64_1.1.100.202309141235/tools/bin/../lib/gcc/arm-none-eabi/11.3.1/../../../../arm-none-eabi/lib/thumb/v7e-m+fp/hard/libc_nano.a(libc_a-atoi.o)
                0x000000000800cd18                atoi
 .text.malloc   0x000000000800cd20       0x10 /home/huang/st/stm32cubeide_1.14.0/plugins/com.st.stm32cube.ide.mcu.externaltools.gnu-tools-for-stm32.11.3.rel1.linux64_1.1.100.202309141235/tools/bin/../lib/gcc/arm-none-eabi/11.3.1/../../../../arm-none-eabi/lib/thumb/v7e-m+fp/hard/libc_nano.a(libc_a-malloc.o)
                0x000000000800cd20                malloc
 .text.free     0x000000000800cd30       0x10 /home/huang/st/stm32cubeide_1.14.0/plugins/com.st.stm32cube.ide.mcu.externaltools.gnu-tools-for-stm32.11.3.rel1.linux64_1.1.100.202309141235/tools/bin/../lib/gcc/arm-none-eabi/11.3.1/../../../../arm-none-eabi/lib/thumb/v7e-m+fp/hard/libc_nano.a(libc_a-malloc.o)
                0x000000000800cd30                free
 .text.sbrk_aligned
                0x000000000800cd40       0x40 /home/huang/st/stm32cubeide_1.14.0/plugins/com.st.stm32cube.ide.mcu.externaltools.gnu-tools-for-stm32.11.3.rel1.linux64_1.1.100.202309141235/tools/bin/../lib/gcc/arm-none-eabi/11.3.1/../../../../arm-none-eabi/lib/thumb/v7e-m+fp/hard/libc_nano.a(libc_a-mallocr.o)
 .text._malloc_r
                0x000000000800cd80      0x100 /home/huang/st/stm32cubeide_1.14.0/plugins/com.st.stm32cube.ide.mcu.externaltools.gnu-tools-for-stm32.11.3.rel1.linux64_1.1.100.202309141235/tools/bin/../lib/gcc/arm-none-eabi/11.3.1/../../../../arm-none-eabi/lib/thumb/v7e-m+fp/hard/libc_nano.a(libc_a-mallocr.o)
                0x000000000800cd80                _malloc_r
 .text.__malloc_lock
                0x000000000800ce80        0xc /home/huang/st/stm32cubeide_1.14.0/plugins/com.st.stm32cube.ide.mcu.externaltools.gnu-tools-for-stm32.11.3.rel1.linux64_1.1.100.202309141235/tools/bin/../lib/gcc/arm-none-eabi/11.3.1/../../../../arm-none-eabi/lib/thumb/v7e-m+fp/hard/libc_nano.a(libc_a-mlock.o)
                0x000000000800ce80                __malloc_lock
 .text.__malloc_unlock
                0x000000000800ce8c        0xc /home/huang/st/stm32cubeide_1.14.0/plugins/com.st.stm32cube.ide.mcu.externaltools.gnu-tools-for-stm32.11.3.rel1.linux64_1.1.100.202309141235/tools/bin/../lib/gcc/arm-none-eabi/11.3.1/../../../../arm-none-eabi/lib/thumb/v7e-m+fp/hard/libc_nano.a(libc_a-mlock.o)
                0x000000000800ce8c                __malloc_unlock
 .text._strtol_l.constprop.0
                0x000000000800ce98      0x104 /home/huang/st/stm32cubeide_1.14.0/plugins/com.st.stm32cube.ide.mcu.externaltools.gnu-tools-for-stm32.11.3.rel1.linux64_1.1.100.202309141235/tools/bin/../lib/gcc/arm-none-eabi/11.3.1/../../../../arm-none-eabi/lib/thumb/v7e-m+fp/hard/libc_nano.a(libc_a-strtol.o)
 .text._strtol_r
                0x000000000800cf9c        0x4 /home/huang/st/stm32cubeide_1.14.0/plugins/com.st.stm32cube.ide.mcu.externaltools.gnu-tools-for-stm32.11.3.rel1.linux64_1.1.100.202309141235/tools/bin/../lib/gcc/arm-none-eabi/11.3.1/../../../../arm-none-eabi/lib/thumb/v7e-m+fp/hard/libc_nano.a(libc_a-strtol.o)
                0x000000000800cf9c                _strtol_r
 .text.strtol   0x000000000800cfa0       0x14 /home/huang/st/stm32cubeide_1.14.0/plugins/com.st.stm32cube.ide.mcu.externaltools.gnu-tools-for-stm32.11.3.rel1.linux64_1.1.100.202309141235/tools/bin/../lib/gcc/arm-none-eabi/11.3.1/../../../../arm-none-eabi/lib/thumb/v7e-m+fp/hard/libc_nano.a(libc_a-strtol.o)
                0x000000000800cfa0                strtol
 .text.__cvt    0x000000000800cfb4       0xc4 /home/huang/st/stm32cubeide_1.14.0/plugins/com.st.stm32cube.ide.mcu.externaltools.gnu-tools-for-stm32.11.3.rel1.linux64_1.1.100.202309141235/tools/bin/../lib/gcc/arm-none-eabi/11.3.1/../../../../arm-none-eabi/lib/thumb/v7e-m+fp/hard/libc_nano.a(libc_a-nano-vfprintf_float.o)
                0x000000000800cfb4                __cvt
 .text.__exponent
                0x000000000800d078       0x7c /home/huang/st/stm32cubeide_1.14.0/plugins/com.st.stm32cube.ide.mcu.externaltools.gnu-tools-for-stm32.11.3.rel1.linux64_1.1.100.202309141235/tools/bin/../lib/gcc/arm-none-eabi/11.3.1/../../../../arm-none-eabi/lib/thumb/v7e-m+fp/hard/libc_nano.a(libc_a-nano-vfprintf_float.o)
                0x000000000800d078                __exponent
 .text._printf_float
                0x000000000800d0f4      0x46c /home/huang/st/stm32cubeide_1.14.0/plugins/com.st.stm32cube.ide.mcu.externaltools.gnu-tools-for-stm32.11.3.rel1.linux64_1.1.100.202309141235/tools/bin/../lib/gcc/arm-none-eabi/11.3.1/../../../../arm-none-eabi/lib/thumb/v7e-m+fp/hard/libc_nano.a(libc_a-nano-vfprintf_float.o)
                0x000000000800d0f4                _printf_float
 .text._printf_common
                0x000000000800d560       0xda /home/huang/st/stm32cubeide_1.14.0/plugins/com.st.stm32cube.ide.mcu.externaltools.gnu-tools-for-stm32.11.3.rel1.linux64_1.1.100.202309141235/tools/bin/../lib/gcc/arm-none-eabi/11.3.1/../../../../arm-none-eabi/lib/thumb/v7e-m+fp/hard/libc_nano.a(libc_a-nano-vfprintf_i.o)
                0x000000000800d560                _printf_common
 *fill*         0x000000000800d63a        0x2 
 .text._printf_i
                0x000000000800d63c      0x244 /home/huang/st/stm32cubeide_1.14.0/plugins/com.st.stm32cube.ide.mcu.externaltools.gnu-tools-for-stm32.11.3.rel1.linux64_1.1.100.202309141235/tools/bin/../lib/gcc/arm-none-eabi/11.3.1/../../../../arm-none-eabi/lib/thumb/v7e-m+fp/hard/libc_nano.a(libc_a-nano-vfprintf_i.o)
                0x000000000800d63c                _printf_i
 .text._scanf_float
                0x000000000800d880      0x420 /home/huang/st/stm32cubeide_1.14.0/plugins/com.st.stm32cube.ide.mcu.externaltools.gnu-tools-for-stm32.11.3.rel1.linux64_1.1.100.202309141235/tools/bin/../lib/gcc/arm-none-eabi/11.3.1/../../../../arm-none-eabi/lib/thumb/v7e-m+fp/hard/libc_nano.a(libc_a-nano-vfscanf_float.o)
                0x000000000800d880                _scanf_float
 .text.std      0x000000000800dca0       0x6c /home/huang/st/stm32cubeide_1.14.0/plugins/com.st.stm32cube.ide.mcu.externaltools.gnu-tools-for-stm32.11.3.rel1.linux64_1.1.100.202309141235/tools/bin/../lib/gcc/arm-none-eabi/11.3.1/../../../../arm-none-eabi/lib/thumb/v7e-m+fp/hard/libc_nano.a(libc_a-findfp.o)
 .text.stdio_exit_handler
                0x000000000800dd0c       0x18 /home/huang/st/stm32cubeide_1.14.0/plugins/com.st.stm32cube.ide.mcu.externaltools.gnu-tools-for-stm32.11.3.rel1.linux64_1.1.100.202309141235/tools/bin/../lib/gcc/arm-none-eabi/11.3.1/../../../../arm-none-eabi/lib/thumb/v7e-m+fp/hard/libc_nano.a(libc_a-findfp.o)
 .text.cleanup_stdio
                0x000000000800dd24       0x40 /home/huang/st/stm32cubeide_1.14.0/plugins/com.st.stm32cube.ide.mcu.externaltools.gnu-tools-for-stm32.11.3.rel1.linux64_1.1.100.202309141235/tools/bin/../lib/gcc/arm-none-eabi/11.3.1/../../../../arm-none-eabi/lib/thumb/v7e-m+fp/hard/libc_nano.a(libc_a-findfp.o)
 .text.global_stdio_init.part.0
                0x000000000800dd64       0x3c /home/huang/st/stm32cubeide_1.14.0/plugins/com.st.stm32cube.ide.mcu.externaltools.gnu-tools-for-stm32.11.3.rel1.linux64_1.1.100.202309141235/tools/bin/../lib/gcc/arm-none-eabi/11.3.1/../../../../arm-none-eabi/lib/thumb/v7e-m+fp/hard/libc_nano.a(libc_a-findfp.o)
 .text.__sfp_lock_acquire
                0x000000000800dda0        0xc /home/huang/st/stm32cubeide_1.14.0/plugins/com.st.stm32cube.ide.mcu.externaltools.gnu-tools-for-stm32.11.3.rel1.linux64_1.1.100.202309141235/tools/bin/../lib/gcc/arm-none-eabi/11.3.1/../../../../arm-none-eabi/lib/thumb/v7e-m+fp/hard/libc_nano.a(libc_a-findfp.o)
                0x000000000800dda0                __sfp_lock_acquire
 .text.__sfp_lock_release
                0x000000000800ddac        0xc /home/huang/st/stm32cubeide_1.14.0/plugins/com.st.stm32cube.ide.mcu.externaltools.gnu-tools-for-stm32.11.3.rel1.linux64_1.1.100.202309141235/tools/bin/../lib/gcc/arm-none-eabi/11.3.1/../../../../arm-none-eabi/lib/thumb/v7e-m+fp/hard/libc_nano.a(libc_a-findfp.o)
                0x000000000800ddac                __sfp_lock_release
 .text.__sinit  0x000000000800ddb8       0x30 /home/huang/st/stm32cubeide_1.14.0/plugins/com.st.stm32cube.ide.mcu.externaltools.gnu-tools-for-stm32.11.3.rel1.linux64_1.1.100.202309141235/tools/bin/../lib/gcc/arm-none-eabi/11.3.1/../../../../arm-none-eabi/lib/thumb/v7e-m+fp/hard/libc_nano.a(libc_a-findfp.o)
                0x000000000800ddb8                __sinit
 .text._fwalk_sglue
                0x000000000800dde8       0x3c /home/huang/st/stm32cubeide_1.14.0/plugins/com.st.stm32cube.ide.mcu.externaltools.gnu-tools-for-stm32.11.3.rel1.linux64_1.1.100.202309141235/tools/bin/../lib/gcc/arm-none-eabi/11.3.1/../../../../arm-none-eabi/lib/thumb/v7e-m+fp/hard/libc_nano.a(libc_a-fwalk.o)
                0x000000000800dde8                _fwalk_sglue
 .text.printf   0x000000000800de24       0x24 /home/huang/st/stm32cubeide_1.14.0/plugins/com.st.stm32cube.ide.mcu.externaltools.gnu-tools-for-stm32.11.3.rel1.linux64_1.1.100.202309141235/tools/bin/../lib/gcc/arm-none-eabi/11.3.1/../../../../arm-none-eabi/lib/thumb/v7e-m+fp/hard/libc_nano.a(libc_a-printf.o)
                0x000000000800de24                printf
                0x000000000800de24                iprintf
 .text.putchar  0x000000000800de48       0x10 /home/huang/st/stm32cubeide_1.14.0/plugins/com.st.stm32cube.ide.mcu.externaltools.gnu-tools-for-stm32.11.3.rel1.linux64_1.1.100.202309141235/tools/bin/../lib/gcc/arm-none-eabi/11.3.1/../../../../arm-none-eabi/lib/thumb/v7e-m+fp/hard/libc_nano.a(libc_a-putchar.o)
                0x000000000800de48                putchar
 .text._puts_r  0x000000000800de58       0xa8 /home/huang/st/stm32cubeide_1.14.0/plugins/com.st.stm32cube.ide.mcu.externaltools.gnu-tools-for-stm32.11.3.rel1.linux64_1.1.100.202309141235/tools/bin/../lib/gcc/arm-none-eabi/11.3.1/../../../../arm-none-eabi/lib/thumb/v7e-m+fp/hard/libc_nano.a(libc_a-puts.o)
                0x000000000800de58                _puts_r
 .text.puts     0x000000000800df00       0x10 /home/huang/st/stm32cubeide_1.14.0/plugins/com.st.stm32cube.ide.mcu.externaltools.gnu-tools-for-stm32.11.3.rel1.linux64_1.1.100.202309141235/tools/bin/../lib/gcc/arm-none-eabi/11.3.1/../../../../arm-none-eabi/lib/thumb/v7e-m+fp/hard/libc_nano.a(libc_a-puts.o)
                0x000000000800df00                puts
 .text.sprintf  0x000000000800df10       0x40 /home/huang/st/stm32cubeide_1.14.0/plugins/com.st.stm32cube.ide.mcu.externaltools.gnu-tools-for-stm32.11.3.rel1.linux64_1.1.100.202309141235/tools/bin/../lib/gcc/arm-none-eabi/11.3.1/../../../../arm-none-eabi/lib/thumb/v7e-m+fp/hard/libc_nano.a(libc_a-sprintf.o)
                0x000000000800df10                sprintf
                0x000000000800df10                siprintf
 .text.__sread  0x000000000800df50       0x22 /home/huang/st/stm32cubeide_1.14.0/plugins/com.st.stm32cube.ide.mcu.externaltools.gnu-tools-for-stm32.11.3.rel1.linux64_1.1.100.202309141235/tools/bin/../lib/gcc/arm-none-eabi/11.3.1/../../../../arm-none-eabi/lib/thumb/v7e-m+fp/hard/libc_nano.a(libc_a-stdio.o)
                0x000000000800df50                __sread
 .text.__swrite
                0x000000000800df72       0x38 /home/huang/st/stm32cubeide_1.14.0/plugins/com.st.stm32cube.ide.mcu.externaltools.gnu-tools-for-stm32.11.3.rel1.linux64_1.1.100.202309141235/tools/bin/../lib/gcc/arm-none-eabi/11.3.1/../../../../arm-none-eabi/lib/thumb/v7e-m+fp/hard/libc_nano.a(libc_a-stdio.o)
                0x000000000800df72                __swrite
 .text.__sseek  0x000000000800dfaa       0x24 /home/huang/st/stm32cubeide_1.14.0/plugins/com.st.stm32cube.ide.mcu.externaltools.gnu-tools-for-stm32.11.3.rel1.linux64_1.1.100.202309141235/tools/bin/../lib/gcc/arm-none-eabi/11.3.1/../../../../arm-none-eabi/lib/thumb/v7e-m+fp/hard/libc_nano.a(libc_a-stdio.o)
                0x000000000800dfaa                __sseek
 .text.__sclose
                0x000000000800dfce        0x8 /home/huang/st/stm32cubeide_1.14.0/plugins/com.st.stm32cube.ide.mcu.externaltools.gnu-tools-for-stm32.11.3.rel1.linux64_1.1.100.202309141235/tools/bin/../lib/gcc/arm-none-eabi/11.3.1/../../../../arm-none-eabi/lib/thumb/v7e-m+fp/hard/libc_nano.a(libc_a-stdio.o)
                0x000000000800dfce                __sclose
 .text.__swbuf_r
                0x000000000800dfd6       0x7a /home/huang/st/stm32cubeide_1.14.0/plugins/com.st.stm32cube.ide.mcu.externaltools.gnu-tools-for-stm32.11.3.rel1.linux64_1.1.100.202309141235/tools/bin/../lib/gcc/arm-none-eabi/11.3.1/../../../../arm-none-eabi/lib/thumb/v7e-m+fp/hard/libc_nano.a(libc_a-wbuf.o)
                0x000000000800dfd6                __swbuf_r
 .text.__swsetup_r
                0x000000000800e050       0xb0 /home/huang/st/stm32cubeide_1.14.0/plugins/com.st.stm32cube.ide.mcu.externaltools.gnu-tools-for-stm32.11.3.rel1.linux64_1.1.100.202309141235/tools/bin/../lib/gcc/arm-none-eabi/11.3.1/../../../../arm-none-eabi/lib/thumb/v7e-m+fp/hard/libc_nano.a(libc_a-wsetup.o)
                0x000000000800e050                __swsetup_r
 .text.memset   0x000000000800e100       0x10 /home/huang/st/stm32cubeide_1.14.0/plugins/com.st.stm32cube.ide.mcu.externaltools.gnu-tools-for-stm32.11.3.rel1.linux64_1.1.100.202309141235/tools/bin/../lib/gcc/arm-none-eabi/11.3.1/../../../../arm-none-eabi/lib/thumb/v7e-m+fp/hard/libc_nano.a(libc_a-memset.o)
                0x000000000800e100                memset
 .text.strncmp  0x000000000800e110       0x24 /home/huang/st/stm32cubeide_1.14.0/plugins/com.st.stm32cube.ide.mcu.externaltools.gnu-tools-for-stm32.11.3.rel1.linux64_1.1.100.202309141235/tools/bin/../lib/gcc/arm-none-eabi/11.3.1/../../../../arm-none-eabi/lib/thumb/v7e-m+fp/hard/libc_nano.a(libc_a-strncmp.o)
                0x000000000800e110                strncmp
 .text._localeconv_r
                0x000000000800e134        0x8 /home/huang/st/stm32cubeide_1.14.0/plugins/com.st.stm32cube.ide.mcu.externaltools.gnu-tools-for-stm32.11.3.rel1.linux64_1.1.100.202309141235/tools/bin/../lib/gcc/arm-none-eabi/11.3.1/../../../../arm-none-eabi/lib/thumb/v7e-m+fp/hard/libc_nano.a(libc_a-localeconv.o)
                0x000000000800e134                _localeconv_r
 .text._close_r
                0x000000000800e13c       0x20 /home/huang/st/stm32cubeide_1.14.0/plugins/com.st.stm32cube.ide.mcu.externaltools.gnu-tools-for-stm32.11.3.rel1.linux64_1.1.100.202309141235/tools/bin/../lib/gcc/arm-none-eabi/11.3.1/../../../../arm-none-eabi/lib/thumb/v7e-m+fp/hard/libc_nano.a(libc_a-closer.o)
                0x000000000800e13c                _close_r
 .text._lseek_r
                0x000000000800e15c       0x24 /home/huang/st/stm32cubeide_1.14.0/plugins/com.st.stm32cube.ide.mcu.externaltools.gnu-tools-for-stm32.11.3.rel1.linux64_1.1.100.202309141235/tools/bin/../lib/gcc/arm-none-eabi/11.3.1/../../../../arm-none-eabi/lib/thumb/v7e-m+fp/hard/libc_nano.a(libc_a-lseekr.o)
                0x000000000800e15c                _lseek_r
 .text._read_r  0x000000000800e180       0x24 /home/huang/st/stm32cubeide_1.14.0/plugins/com.st.stm32cube.ide.mcu.externaltools.gnu-tools-for-stm32.11.3.rel1.linux64_1.1.100.202309141235/tools/bin/../lib/gcc/arm-none-eabi/11.3.1/../../../../arm-none-eabi/lib/thumb/v7e-m+fp/hard/libc_nano.a(libc_a-readr.o)
                0x000000000800e180                _read_r
 .text._sbrk_r  0x000000000800e1a4       0x20 /home/huang/st/stm32cubeide_1.14.0/plugins/com.st.stm32cube.ide.mcu.externaltools.gnu-tools-for-stm32.11.3.rel1.linux64_1.1.100.202309141235/tools/bin/../lib/gcc/arm-none-eabi/11.3.1/../../../../arm-none-eabi/lib/thumb/v7e-m+fp/hard/libc_nano.a(libc_a-sbrkr.o)
                0x000000000800e1a4                _sbrk_r
 .text._write_r
                0x000000000800e1c4       0x24 /home/huang/st/stm32cubeide_1.14.0/plugins/com.st.stm32cube.ide.mcu.externaltools.gnu-tools-for-stm32.11.3.rel1.linux64_1.1.100.202309141235/tools/bin/../lib/gcc/arm-none-eabi/11.3.1/../../../../arm-none-eabi/lib/thumb/v7e-m+fp/hard/libc_nano.a(libc_a-writer.o)
                0x000000000800e1c4                _write_r
 .text.__errno  0x000000000800e1e8        0xc /home/huang/st/stm32cubeide_1.14.0/plugins/com.st.stm32cube.ide.mcu.externaltools.gnu-tools-for-stm32.11.3.rel1.linux64_1.1.100.202309141235/tools/bin/../lib/gcc/arm-none-eabi/11.3.1/../../../../arm-none-eabi/lib/thumb/v7e-m+fp/hard/libc_nano.a(libc_a-errno.o)
                0x000000000800e1e8                __errno
 .text.__libc_init_array
                0x000000000800e1f4       0x48 /home/huang/st/stm32cubeide_1.14.0/plugins/com.st.stm32cube.ide.mcu.externaltools.gnu-tools-for-stm32.11.3.rel1.linux64_1.1.100.202309141235/tools/bin/../lib/gcc/arm-none-eabi/11.3.1/../../../../arm-none-eabi/lib/thumb/v7e-m+fp/hard/libc_nano.a(libc_a-init.o)
                0x000000000800e1f4                __libc_init_array
 .text.__retarget_lock_init_recursive
                0x000000000800e23c        0x2 /home/huang/st/stm32cubeide_1.14.0/plugins/com.st.stm32cube.ide.mcu.externaltools.gnu-tools-for-stm32.11.3.rel1.linux64_1.1.100.202309141235/tools/bin/../lib/gcc/arm-none-eabi/11.3.1/../../../../arm-none-eabi/lib/thumb/v7e-m+fp/hard/libc_nano.a(libc_a-lock.o)
                0x000000000800e23c                __retarget_lock_init_recursive
 .text.__retarget_lock_acquire_recursive
                0x000000000800e23e        0x2 /home/huang/st/stm32cubeide_1.14.0/plugins/com.st.stm32cube.ide.mcu.externaltools.gnu-tools-for-stm32.11.3.rel1.linux64_1.1.100.202309141235/tools/bin/../lib/gcc/arm-none-eabi/11.3.1/../../../../arm-none-eabi/lib/thumb/v7e-m+fp/hard/libc_nano.a(libc_a-lock.o)
                0x000000000800e23e                __retarget_lock_acquire_recursive
 .text.__retarget_lock_release_recursive
                0x000000000800e240        0x2 /home/huang/st/stm32cubeide_1.14.0/plugins/com.st.stm32cube.ide.mcu.externaltools.gnu-tools-for-stm32.11.3.rel1.linux64_1.1.100.202309141235/tools/bin/../lib/gcc/arm-none-eabi/11.3.1/../../../../arm-none-eabi/lib/thumb/v7e-m+fp/hard/libc_nano.a(libc_a-lock.o)
                0x000000000800e240                __retarget_lock_release_recursive
 .text.memcpy   0x000000000800e242       0x1c /home/huang/st/stm32cubeide_1.14.0/plugins/com.st.stm32cube.ide.mcu.externaltools.gnu-tools-for-stm32.11.3.rel1.linux64_1.1.100.202309141235/tools/bin/../lib/gcc/arm-none-eabi/11.3.1/../../../../arm-none-eabi/lib/thumb/v7e-m+fp/hard/libc_nano.a(libc_a-memcpy-stub.o)
                0x000000000800e242                memcpy
 *fill*         0x000000000800e25e        0x2 
 .text.nanf     0x000000000800e260        0xc /home/huang/st/stm32cubeide_1.14.0/plugins/com.st.stm32cube.ide.mcu.externaltools.gnu-tools-for-stm32.11.3.rel1.linux64_1.1.100.202309141235/tools/bin/../lib/gcc/arm-none-eabi/11.3.1/../../../../arm-none-eabi/lib/thumb/v7e-m+fp/hard/libc_nano.a(libm_a-sf_nan.o)
                0x000000000800e260                nanf
 .text.quorem   0x000000000800e26c      0x110 /home/huang/st/stm32cubeide_1.14.0/plugins/com.st.stm32cube.ide.mcu.externaltools.gnu-tools-for-stm32.11.3.rel1.linux64_1.1.100.202309141235/tools/bin/../lib/gcc/arm-none-eabi/11.3.1/../../../../arm-none-eabi/lib/thumb/v7e-m+fp/hard/libc_nano.a(libc_a-dtoa.o)
 *fill*         0x000000000800e37c        0x4 
 .text._dtoa_r  0x000000000800e380      0xbe4 /home/huang/st/stm32cubeide_1.14.0/plugins/com.st.stm32cube.ide.mcu.externaltools.gnu-tools-for-stm32.11.3.rel1.linux64_1.1.100.202309141235/tools/bin/../lib/gcc/arm-none-eabi/11.3.1/../../../../arm-none-eabi/lib/thumb/v7e-m+fp/hard/libc_nano.a(libc_a-dtoa.o)
                0x000000000800e380                _dtoa_r
 .text._free_r  0x000000000800ef64       0x98 /home/huang/st/stm32cubeide_1.14.0/plugins/com.st.stm32cube.ide.mcu.externaltools.gnu-tools-for-stm32.11.3.rel1.linux64_1.1.100.202309141235/tools/bin/../lib/gcc/arm-none-eabi/11.3.1/../../../../arm-none-eabi/lib/thumb/v7e-m+fp/hard/libc_nano.a(libc_a-freer.o)
                0x000000000800ef64                _free_r
 .text._Balloc  0x000000000800effc       0x80 /home/huang/st/stm32cubeide_1.14.0/plugins/com.st.stm32cube.ide.mcu.externaltools.gnu-tools-for-stm32.11.3.rel1.linux64_1.1.100.202309141235/tools/bin/../lib/gcc/arm-none-eabi/11.3.1/../../../../arm-none-eabi/lib/thumb/v7e-m+fp/hard/libc_nano.a(libc_a-mprec.o)
                0x000000000800effc                _Balloc
 .text._Bfree   0x000000000800f07c       0x44 /home/huang/st/stm32cubeide_1.14.0/plugins/com.st.stm32cube.ide.mcu.externaltools.gnu-tools-for-stm32.11.3.rel1.linux64_1.1.100.202309141235/tools/bin/../lib/gcc/arm-none-eabi/11.3.1/../../../../arm-none-eabi/lib/thumb/v7e-m+fp/hard/libc_nano.a(libc_a-mprec.o)
                0x000000000800f07c                _Bfree
 .text.__multadd
                0x000000000800f0c0       0x8c /home/huang/st/stm32cubeide_1.14.0/plugins/com.st.stm32cube.ide.mcu.externaltools.gnu-tools-for-stm32.11.3.rel1.linux64_1.1.100.202309141235/tools/bin/../lib/gcc/arm-none-eabi/11.3.1/../../../../arm-none-eabi/lib/thumb/v7e-m+fp/hard/libc_nano.a(libc_a-mprec.o)
                0x000000000800f0c0                __multadd
 .text.__s2b    0x000000000800f14c       0x94 /home/huang/st/stm32cubeide_1.14.0/plugins/com.st.stm32cube.ide.mcu.externaltools.gnu-tools-for-stm32.11.3.rel1.linux64_1.1.100.202309141235/tools/bin/../lib/gcc/arm-none-eabi/11.3.1/../../../../arm-none-eabi/lib/thumb/v7e-m+fp/hard/libc_nano.a(libc_a-mprec.o)
                0x000000000800f14c                __s2b
 .text.__hi0bits
                0x000000000800f1e0       0x40 /home/huang/st/stm32cubeide_1.14.0/plugins/com.st.stm32cube.ide.mcu.externaltools.gnu-tools-for-stm32.11.3.rel1.linux64_1.1.100.202309141235/tools/bin/../lib/gcc/arm-none-eabi/11.3.1/../../../../arm-none-eabi/lib/thumb/v7e-m+fp/hard/libc_nano.a(libc_a-mprec.o)
                0x000000000800f1e0                __hi0bits
 .text.__lo0bits
                0x000000000800f220       0x5a /home/huang/st/stm32cubeide_1.14.0/plugins/com.st.stm32cube.ide.mcu.externaltools.gnu-tools-for-stm32.11.3.rel1.linux64_1.1.100.202309141235/tools/bin/../lib/gcc/arm-none-eabi/11.3.1/../../../../arm-none-eabi/lib/thumb/v7e-m+fp/hard/libc_nano.a(libc_a-mprec.o)
                0x000000000800f220                __lo0bits
 *fill*         0x000000000800f27a        0x2 
 .text.__i2b    0x000000000800f27c       0x2c /home/huang/st/stm32cubeide_1.14.0/plugins/com.st.stm32cube.ide.mcu.externaltools.gnu-tools-for-stm32.11.3.rel1.linux64_1.1.100.202309141235/tools/bin/../lib/gcc/arm-none-eabi/11.3.1/../../../../arm-none-eabi/lib/thumb/v7e-m+fp/hard/libc_nano.a(libc_a-mprec.o)
                0x000000000800f27c                __i2b
 .text.__multiply
                0x000000000800f2a8      0x154 /home/huang/st/stm32cubeide_1.14.0/plugins/com.st.stm32cube.ide.mcu.externaltools.gnu-tools-for-stm32.11.3.rel1.linux64_1.1.100.202309141235/tools/bin/../lib/gcc/arm-none-eabi/11.3.1/../../../../arm-none-eabi/lib/thumb/v7e-m+fp/hard/libc_nano.a(libc_a-mprec.o)
                0x000000000800f2a8                __multiply
 .text.__pow5mult
                0x000000000800f3fc       0xb4 /home/huang/st/stm32cubeide_1.14.0/plugins/com.st.stm32cube.ide.mcu.externaltools.gnu-tools-for-stm32.11.3.rel1.linux64_1.1.100.202309141235/tools/bin/../lib/gcc/arm-none-eabi/11.3.1/../../../../arm-none-eabi/lib/thumb/v7e-m+fp/hard/libc_nano.a(libc_a-mprec.o)
                0x000000000800f3fc                __pow5mult
 .text.__lshift
                0x000000000800f4b0       0xd8 /home/huang/st/stm32cubeide_1.14.0/plugins/com.st.stm32cube.ide.mcu.externaltools.gnu-tools-for-stm32.11.3.rel1.linux64_1.1.100.202309141235/tools/bin/../lib/gcc/arm-none-eabi/11.3.1/../../../../arm-none-eabi/lib/thumb/v7e-m+fp/hard/libc_nano.a(libc_a-mprec.o)
                0x000000000800f4b0                __lshift
 .text.__mcmp   0x000000000800f588       0x38 /home/huang/st/stm32cubeide_1.14.0/plugins/com.st.stm32cube.ide.mcu.externaltools.gnu-tools-for-stm32.11.3.rel1.linux64_1.1.100.202309141235/tools/bin/../lib/gcc/arm-none-eabi/11.3.1/../../../../arm-none-eabi/lib/thumb/v7e-m+fp/hard/libc_nano.a(libc_a-mprec.o)
                0x000000000800f588                __mcmp
 .text.__mdiff  0x000000000800f5c0      0x114 /home/huang/st/stm32cubeide_1.14.0/plugins/com.st.stm32cube.ide.mcu.externaltools.gnu-tools-for-stm32.11.3.rel1.linux64_1.1.100.202309141235/tools/bin/../lib/gcc/arm-none-eabi/11.3.1/../../../../arm-none-eabi/lib/thumb/v7e-m+fp/hard/libc_nano.a(libc_a-mprec.o)
                0x000000000800f5c0                __mdiff
 .text.__ulp    0x000000000800f6d4       0x4c /home/huang/st/stm32cubeide_1.14.0/plugins/com.st.stm32cube.ide.mcu.externaltools.gnu-tools-for-stm32.11.3.rel1.linux64_1.1.100.202309141235/tools/bin/../lib/gcc/arm-none-eabi/11.3.1/../../../../arm-none-eabi/lib/thumb/v7e-m+fp/hard/libc_nano.a(libc_a-mprec.o)
                0x000000000800f6d4                __ulp
 .text.__b2d    0x000000000800f720       0x94 /home/huang/st/stm32cubeide_1.14.0/plugins/com.st.stm32cube.ide.mcu.externaltools.gnu-tools-for-stm32.11.3.rel1.linux64_1.1.100.202309141235/tools/bin/../lib/gcc/arm-none-eabi/11.3.1/../../../../arm-none-eabi/lib/thumb/v7e-m+fp/hard/libc_nano.a(libc_a-mprec.o)
                0x000000000800f720                __b2d
 .text.__d2b    0x000000000800f7b4       0xb4 /home/huang/st/stm32cubeide_1.14.0/plugins/com.st.stm32cube.ide.mcu.externaltools.gnu-tools-for-stm32.11.3.rel1.linux64_1.1.100.202309141235/tools/bin/../lib/gcc/arm-none-eabi/11.3.1/../../../../arm-none-eabi/lib/thumb/v7e-m+fp/hard/libc_nano.a(libc_a-mprec.o)
                0x000000000800f7b4                __d2b
 .text.__ratio  0x000000000800f868       0x66 /home/huang/st/stm32cubeide_1.14.0/plugins/com.st.stm32cube.ide.mcu.externaltools.gnu-tools-for-stm32.11.3.rel1.linux64_1.1.100.202309141235/tools/bin/../lib/gcc/arm-none-eabi/11.3.1/../../../../arm-none-eabi/lib/thumb/v7e-m+fp/hard/libc_nano.a(libc_a-mprec.o)
                0x000000000800f868                __ratio
 .text.__copybits
                0x000000000800f8ce       0x46 /home/huang/st/stm32cubeide_1.14.0/plugins/com.st.stm32cube.ide.mcu.externaltools.gnu-tools-for-stm32.11.3.rel1.linux64_1.1.100.202309141235/tools/bin/../lib/gcc/arm-none-eabi/11.3.1/../../../../arm-none-eabi/lib/thumb/v7e-m+fp/hard/libc_nano.a(libc_a-mprec.o)
                0x000000000800f8ce                __copybits
 .text.__any_on
                0x000000000800f914       0x42 /home/huang/st/stm32cubeide_1.14.0/plugins/com.st.stm32cube.ide.mcu.externaltools.gnu-tools-for-stm32.11.3.rel1.linux64_1.1.100.202309141235/tools/bin/../lib/gcc/arm-none-eabi/11.3.1/../../../../arm-none-eabi/lib/thumb/v7e-m+fp/hard/libc_nano.a(libc_a-mprec.o)
                0x000000000800f914                __any_on
 .text.sulp     0x000000000800f956       0x38 /home/huang/st/stm32cubeide_1.14.0/plugins/com.st.stm32cube.ide.mcu.externaltools.gnu-tools-for-stm32.11.3.rel1.linux64_1.1.100.202309141235/tools/bin/../lib/gcc/arm-none-eabi/11.3.1/../../../../arm-none-eabi/lib/thumb/v7e-m+fp/hard/libc_nano.a(libc_a-strtod.o)
 *fill*         0x000000000800f98e        0x2 
 .text._strtod_l
                0x000000000800f990      0xbe0 /home/huang/st/stm32cubeide_1.14.0/plugins/com.st.stm32cube.ide.mcu.externaltools.gnu-tools-for-stm32.11.3.rel1.linux64_1.1.100.202309141235/tools/bin/../lib/gcc/arm-none-eabi/11.3.1/../../../../arm-none-eabi/lib/thumb/v7e-m+fp/hard/libc_nano.a(libc_a-strtod.o)
                0x000000000800f990                _strtod_l
 .text._strtod_r
                0x0000000008010570        0xc /home/huang/st/stm32cubeide_1.14.0/plugins/com.st.stm32cube.ide.mcu.externaltools.gnu-tools-for-stm32.11.3.rel1.linux64_1.1.100.202309141235/tools/bin/../lib/gcc/arm-none-eabi/11.3.1/../../../../arm-none-eabi/lib/thumb/v7e-m+fp/hard/libc_nano.a(libc_a-strtod.o)
                0x0000000008010570                _strtod_r
 .text.__ssputs_r
                0x000000000801057c       0xb4 /home/huang/st/stm32cubeide_1.14.0/plugins/com.st.stm32cube.ide.mcu.externaltools.gnu-tools-for-stm32.11.3.rel1.linux64_1.1.100.202309141235/tools/bin/../lib/gcc/arm-none-eabi/11.3.1/../../../../arm-none-eabi/lib/thumb/v7e-m+fp/hard/libc_nano.a(libc_a-nano-svfprintf.o)
                0x000000000801057c                __ssputs_r
 .text._svfprintf_r
                0x0000000008010630      0x1fc /home/huang/st/stm32cubeide_1.14.0/plugins/com.st.stm32cube.ide.mcu.externaltools.gnu-tools-for-stm32.11.3.rel1.linux64_1.1.100.202309141235/tools/bin/../lib/gcc/arm-none-eabi/11.3.1/../../../../arm-none-eabi/lib/thumb/v7e-m+fp/hard/libc_nano.a(libc_a-nano-svfprintf.o)
                0x0000000008010630                _svfprintf_r
                0x0000000008010630                _svfiprintf_r
 .text.__sfputc_r
                0x000000000801082c       0x2e /home/huang/st/stm32cubeide_1.14.0/plugins/com.st.stm32cube.ide.mcu.externaltools.gnu-tools-for-stm32.11.3.rel1.linux64_1.1.100.202309141235/tools/bin/../lib/gcc/arm-none-eabi/11.3.1/../../../../arm-none-eabi/lib/thumb/v7e-m+fp/hard/libc_nano.a(libc_a-nano-vfprintf.o)
 .text.__sfputs_r
                0x000000000801085a       0x24 /home/huang/st/stm32cubeide_1.14.0/plugins/com.st.stm32cube.ide.mcu.externaltools.gnu-tools-for-stm32.11.3.rel1.linux64_1.1.100.202309141235/tools/bin/../lib/gcc/arm-none-eabi/11.3.1/../../../../arm-none-eabi/lib/thumb/v7e-m+fp/hard/libc_nano.a(libc_a-nano-vfprintf.o)
                0x000000000801085a                __sfputs_r
 *fill*         0x000000000801087e        0x2 
 .text._vfprintf_r
                0x0000000008010880      0x234 /home/huang/st/stm32cubeide_1.14.0/plugins/com.st.stm32cube.ide.mcu.externaltools.gnu-tools-for-stm32.11.3.rel1.linux64_1.1.100.202309141235/tools/bin/../lib/gcc/arm-none-eabi/11.3.1/../../../../arm-none-eabi/lib/thumb/v7e-m+fp/hard/libc_nano.a(libc_a-nano-vfprintf.o)
                0x0000000008010880                _vfiprintf_r
                0x0000000008010880                _vfprintf_r
 .text.__sflush_r
                0x0000000008010ab4      0x10c /home/huang/st/stm32cubeide_1.14.0/plugins/com.st.stm32cube.ide.mcu.externaltools.gnu-tools-for-stm32.11.3.rel1.linux64_1.1.100.202309141235/tools/bin/../lib/gcc/arm-none-eabi/11.3.1/../../../../arm-none-eabi/lib/thumb/v7e-m+fp/hard/libc_nano.a(libc_a-fflush.o)
                0x0000000008010ab4                __sflush_r
 .text._fflush_r
                0x0000000008010bc0       0x50 /home/huang/st/stm32cubeide_1.14.0/plugins/com.st.stm32cube.ide.mcu.externaltools.gnu-tools-for-stm32.11.3.rel1.linux64_1.1.100.202309141235/tools/bin/../lib/gcc/arm-none-eabi/11.3.1/../../../../arm-none-eabi/lib/thumb/v7e-m+fp/hard/libc_nano.a(libc_a-fflush.o)
                0x0000000008010bc0                _fflush_r
 .text.__swhatbuf_r
                0x0000000008010c10       0x4c /home/huang/st/stm32cubeide_1.14.0/plugins/com.st.stm32cube.ide.mcu.externaltools.gnu-tools-for-stm32.11.3.rel1.linux64_1.1.100.202309141235/tools/bin/../lib/gcc/arm-none-eabi/11.3.1/../../../../arm-none-eabi/lib/thumb/v7e-m+fp/hard/libc_nano.a(libc_a-makebuf.o)
                0x0000000008010c10                __swhatbuf_r
 .text.__smakebuf_r
                0x0000000008010c5c       0x78 /home/huang/st/stm32cubeide_1.14.0/plugins/com.st.stm32cube.ide.mcu.externaltools.gnu-tools-for-stm32.11.3.rel1.linux64_1.1.100.202309141235/tools/bin/../lib/gcc/arm-none-eabi/11.3.1/../../../../arm-none-eabi/lib/thumb/v7e-m+fp/hard/libc_nano.a(libc_a-makebuf.o)
                0x0000000008010c5c                __smakebuf_r
 .text._putc_r  0x0000000008010cd4       0x68 /home/huang/st/stm32cubeide_1.14.0/plugins/com.st.stm32cube.ide.mcu.externaltools.gnu-tools-for-stm32.11.3.rel1.linux64_1.1.100.202309141235/tools/bin/../lib/gcc/arm-none-eabi/11.3.1/../../../../arm-none-eabi/lib/thumb/v7e-m+fp/hard/libc_nano.a(libc_a-putc.o)
                0x0000000008010cd4                _putc_r
 .text.memmove  0x0000000008010d3c       0x34 /home/huang/st/stm32cubeide_1.14.0/plugins/com.st.stm32cube.ide.mcu.externaltools.gnu-tools-for-stm32.11.3.rel1.linux64_1.1.100.202309141235/tools/bin/../lib/gcc/arm-none-eabi/11.3.1/../../../../arm-none-eabi/lib/thumb/v7e-m+fp/hard/libc_nano.a(libc_a-memmove.o)
                0x0000000008010d3c                memmove
 .text._fstat_r
                0x0000000008010d70       0x24 /home/huang/st/stm32cubeide_1.14.0/plugins/com.st.stm32cube.ide.mcu.externaltools.gnu-tools-for-stm32.11.3.rel1.linux64_1.1.100.202309141235/tools/bin/../lib/gcc/arm-none-eabi/11.3.1/../../../../arm-none-eabi/lib/thumb/v7e-m+fp/hard/libc_nano.a(libc_a-fstatr.o)
                0x0000000008010d70                _fstat_r
 .text._isatty_r
                0x0000000008010d94       0x20 /home/huang/st/stm32cubeide_1.14.0/plugins/com.st.stm32cube.ide.mcu.externaltools.gnu-tools-for-stm32.11.3.rel1.linux64_1.1.100.202309141235/tools/bin/../lib/gcc/arm-none-eabi/11.3.1/../../../../arm-none-eabi/lib/thumb/v7e-m+fp/hard/libc_nano.a(libc_a-isattyr.o)
                0x0000000008010d94                _isatty_r
 *fill*         0x0000000008010db4        0x4 
 .text.nan      0x0000000008010db8       0x10 /home/huang/st/stm32cubeide_1.14.0/plugins/com.st.stm32cube.ide.mcu.externaltools.gnu-tools-for-stm32.11.3.rel1.linux64_1.1.100.202309141235/tools/bin/../lib/gcc/arm-none-eabi/11.3.1/../../../../arm-none-eabi/lib/thumb/v7e-m+fp/hard/libc_nano.a(libm_a-s_nan.o)
                0x0000000008010db8                nan
 .text.__assert_func
                0x0000000008010dc8       0x3c /home/huang/st/stm32cubeide_1.14.0/plugins/com.st.stm32cube.ide.mcu.externaltools.gnu-tools-for-stm32.11.3.rel1.linux64_1.1.100.202309141235/tools/bin/../lib/gcc/arm-none-eabi/11.3.1/../../../../arm-none-eabi/lib/thumb/v7e-m+fp/hard/libc_nano.a(libc_a-assert.o)
                0x0000000008010dc8                __assert_func
 .text._calloc_r
                0x0000000008010e04       0x2c /home/huang/st/stm32cubeide_1.14.0/plugins/com.st.stm32cube.ide.mcu.externaltools.gnu-tools-for-stm32.11.3.rel1.linux64_1.1.100.202309141235/tools/bin/../lib/gcc/arm-none-eabi/11.3.1/../../../../arm-none-eabi/lib/thumb/v7e-m+fp/hard/libc_nano.a(libc_a-callocr.o)
                0x0000000008010e04                _calloc_r
 .text.rshift   0x0000000008010e30       0xa4 /home/huang/st/stm32cubeide_1.14.0/plugins/com.st.stm32cube.ide.mcu.externaltools.gnu-tools-for-stm32.11.3.rel1.linux64_1.1.100.202309141235/tools/bin/../lib/gcc/arm-none-eabi/11.3.1/../../../../arm-none-eabi/lib/thumb/v7e-m+fp/hard/libc_nano.a(libc_a-gdtoa-gethex.o)
 .text.__hexdig_fun
                0x0000000008010ed4       0x2a /home/huang/st/stm32cubeide_1.14.0/plugins/com.st.stm32cube.ide.mcu.externaltools.gnu-tools-for-stm32.11.3.rel1.linux64_1.1.100.202309141235/tools/bin/../lib/gcc/arm-none-eabi/11.3.1/../../../../arm-none-eabi/lib/thumb/v7e-m+fp/hard/libc_nano.a(libc_a-gdtoa-gethex.o)
                0x0000000008010ed4                __hexdig_fun
 *fill*         0x0000000008010efe        0x2 
 .text.__gethex
                0x0000000008010f00      0x45c /home/huang/st/stm32cubeide_1.14.0/plugins/com.st.stm32cube.ide.mcu.externaltools.gnu-tools-for-stm32.11.3.rel1.linux64_1.1.100.202309141235/tools/bin/../lib/gcc/arm-none-eabi/11.3.1/../../../../arm-none-eabi/lib/thumb/v7e-m+fp/hard/libc_nano.a(libc_a-gdtoa-gethex.o)
                0x0000000008010f00                __gethex
 .text.L_shift  0x000000000801135c       0x24 /home/huang/st/stm32cubeide_1.14.0/plugins/com.st.stm32cube.ide.mcu.externaltools.gnu-tools-for-stm32.11.3.rel1.linux64_1.1.100.202309141235/tools/bin/../lib/gcc/arm-none-eabi/11.3.1/../../../../arm-none-eabi/lib/thumb/v7e-m+fp/hard/libc_nano.a(libc_a-gdtoa-hexnan.o)
 .text.__match  0x0000000008011380       0x28 /home/huang/st/stm32cubeide_1.14.0/plugins/com.st.stm32cube.ide.mcu.externaltools.gnu-tools-for-stm32.11.3.rel1.linux64_1.1.100.202309141235/tools/bin/../lib/gcc/arm-none-eabi/11.3.1/../../../../arm-none-eabi/lib/thumb/v7e-m+fp/hard/libc_nano.a(libc_a-gdtoa-hexnan.o)
                0x0000000008011380                __match
 .text.__hexnan
                0x00000000080113a8      0x136 /home/huang/st/stm32cubeide_1.14.0/plugins/com.st.stm32cube.ide.mcu.externaltools.gnu-tools-for-stm32.11.3.rel1.linux64_1.1.100.202309141235/tools/bin/../lib/gcc/arm-none-eabi/11.3.1/../../../../arm-none-eabi/lib/thumb/v7e-m+fp/hard/libc_nano.a(libc_a-gdtoa-hexnan.o)
                0x00000000080113a8                __hexnan
 .text.__ascii_mbtowc
                0x00000000080114de       0x24 /home/huang/st/stm32cubeide_1.14.0/plugins/com.st.stm32cube.ide.mcu.externaltools.gnu-tools-for-stm32.11.3.rel1.linux64_1.1.100.202309141235/tools/bin/../lib/gcc/arm-none-eabi/11.3.1/../../../../arm-none-eabi/lib/thumb/v7e-m+fp/hard/libc_nano.a(libc_a-mbtowc_r.o)
                0x00000000080114de                __ascii_mbtowc
 .text._realloc_r
                0x0000000008011502       0x5e /home/huang/st/stm32cubeide_1.14.0/plugins/com.st.stm32cube.ide.mcu.externaltools.gnu-tools-for-stm32.11.3.rel1.linux64_1.1.100.202309141235/tools/bin/../lib/gcc/arm-none-eabi/11.3.1/../../../../arm-none-eabi/lib/thumb/v7e-m+fp/hard/libc_nano.a(libc_a-reallocr.o)
                0x0000000008011502                _realloc_r
 .text.__ascii_wctomb
                0x0000000008011560       0x1a /home/huang/st/stm32cubeide_1.14.0/plugins/com.st.stm32cube.ide.mcu.externaltools.gnu-tools-for-stm32.11.3.rel1.linux64_1.1.100.202309141235/tools/bin/../lib/gcc/arm-none-eabi/11.3.1/../../../../arm-none-eabi/lib/thumb/v7e-m+fp/hard/libc_nano.a(libc_a-wctomb_r.o)
                0x0000000008011560                __ascii_wctomb
 *fill*         0x000000000801157a        0x2 
 .text.fprintf  0x000000000801157c       0x24 /home/huang/st/stm32cubeide_1.14.0/plugins/com.st.stm32cube.ide.mcu.externaltools.gnu-tools-for-stm32.11.3.rel1.linux64_1.1.100.202309141235/tools/bin/../lib/gcc/arm-none-eabi/11.3.1/../../../../arm-none-eabi/lib/thumb/v7e-m+fp/hard/libc_nano.a(libc_a-fprintf.o)
                0x000000000801157c                fprintf
                0x000000000801157c                fiprintf