../Core/Src/main.c:65:1:__io_putchar	16	static
../Core/Src/main.c:154:6:HAL_GPIO_EXTI_Callback	16	static
../Core/Src/main.c:167:6:HAL_UART_RxCpltCallback	16	static
../Core/Src/main.c:223:5:main	10384	static
../Core/Src/main.c:734:6:SystemClock_Config	88	static
../Core/Src/main.c:782:13:MX_RTC_Init	32	static
../Core/Src/main.c:845:13:MX_SPI1_Init	8	static
../Core/Src/main.c:883:13:MX_TIM1_Init	32	static
../Core/Src/main.c:929:13:MX_TIM2_Init	32	static
../Core/Src/main.c:974:13:MX_TIM3_Init	32	static
../Core/Src/main.c:1019:13:MX_USART1_UART_Init	8	static
../Core/Src/main.c:1052:13:MX_GPIO_Init	48	static
../Core/Src/main.c:1109:6:HAL_TIM_PeriodElapsedCallback	16	static
../Core/Src/main.c:1121:6:Cmd_display	8	static
../Core/Src/main.c:1140:6:SD_init	8	static
../Core/Src/main.c:1187:6:init_Date_Time	8	static
../Core/Src/main.c:1199:6:get_Date_Time	8	static
../Core/Src/main.c:1207:6:STM32_DIO0	8	static
../Core/Src/main.c:1212:6:STM32_NRST	16	static
../Core/Src/main.c:1217:6:STM32_NSEL	16	static
../Core/Src/main.c:1222:6:STM32_DelayUs	16	static
../Core/Src/main.c:1228:9:STM32_SPI_Write	24	static
../Core/Src/main.c:1233:9:STM32_SPI_Read	24	static
../Core/Src/main.c:1238:9:STM32_SPI_WriteRead	48	static
../Core/Src/main.c:1251:9:STM32_SPI_CheckState	8	static
../Core/Src/main.c:1261:6:Error_Handler	4	static,ignoring_inline_asm
