../Core/Src/main.c:65:1:__io_putchar	16	static
../Core/Src/main.c:154:6:HAL_GPIO_EXTI_Callback	16	static
../Core/Src/main.c:167:6:HAL_UART_RxCpltCallback	16	static
../Core/Src/main.c:223:5:main	10376	static
../Core/Src/main.c:687:6:SystemClock_Config	88	static
../Core/Src/main.c:735:13:MX_RTC_Init	32	static
../Core/Src/main.c:798:13:MX_SPI1_Init	8	static
../Core/Src/main.c:836:13:MX_TIM1_Init	32	static
../Core/Src/main.c:882:13:MX_TIM2_Init	32	static
../Core/Src/main.c:927:13:MX_TIM3_Init	32	static
../Core/Src/main.c:972:13:MX_USART1_UART_Init	8	static
../Core/Src/main.c:1005:13:MX_GPIO_Init	48	static
../Core/Src/main.c:1062:6:HAL_TIM_PeriodElapsedCallback	16	static
../Core/Src/main.c:1074:6:Cmd_display	8	static
../Core/Src/main.c:1091:6:SD_init	8	static
../Core/Src/main.c:1138:6:init_Date_Time	8	static
../Core/Src/main.c:1150:6:get_Date_Time	8	static
../Core/Src/main.c:1158:6:STM32_DIO0	8	static
../Core/Src/main.c:1163:6:STM32_NRST	16	static
../Core/Src/main.c:1168:6:STM32_NSEL	16	static
../Core/Src/main.c:1173:6:STM32_DelayUs	16	static
../Core/Src/main.c:1179:9:STM32_SPI_Write	24	static
../Core/Src/main.c:1184:9:STM32_SPI_Read	24	static
../Core/Src/main.c:1189:9:STM32_SPI_WriteRead	48	static
../Core/Src/main.c:1202:9:STM32_SPI_CheckState	8	static
../Core/Src/main.c:1212:6:Error_Handler	4	static,ignoring_inline_asm
