../RFM95_API/src/RFM95.c:29:6:RFM95_Reset	16	static
../RFM95_API/src/RFM95.c:39:9:RFM95_LoRa_setOpMode	24	static
../RFM95_API/src/RFM95.c:72:9:RFM95_setModem	24	static
../RFM95_API/src/RFM95.c:94:9:RFM95_setFrequency	24	static
../RFM95_API/src/RFM95.c:107:10:RFM95_getFrequency	24	static
../RFM95_API/src/RFM95.c:125:9:RFM95_setTXPower	24	static
../RFM95_API/src/RFM95.c:172:9:RFM95_setOCP	24	static
../RFM95_API/src/RFM95.c:191:9:RFM95_setLNAGain	24	static
../RFM95_API/src/RFM95.c:222:9:RFM95_LoRa_setSpreadingFactor	24	static
../RFM95_API/src/RFM95.c:238:9:RFM95_LoRa_setRxPayloadCrcOn	24	static
../RFM95_API/src/RFM95.c:252:9:rfm95_lora_symb_timout	24	static
../RFM95_API/src/RFM95.c:272:9:RFM95_LoRa_setBandwidth	24	static
../RFM95_API/src/RFM95.c:311:9:RFM95_LoRa_setCodingRate	24	static
../RFM95_API/src/RFM95.c:338:9:RFM95_LoRa_setHeaderMode	24	static
../RFM95_API/src/RFM95.c:352:9:RFM95_LoRa_setPreamble	24	static
../RFM95_API/src/RFM95.c:365:9:RFM95_LoRa_setLowDataRateOpt	24	static
../RFM95_API/src/RFM95.c:378:9:rfm95_lora_dio_mapping	24	static
../RFM95_API/src/RFM95.c:414:9:RFM95_checkVersion	24	static
../RFM95_API/src/RFM95.c:425:9:RFM95_LoRa_transmit	32	static
../RFM95_API/src/RFM95.c:478:9:RFM95_LoRa_prepareReceive	24	static
../RFM95_API/src/RFM95.c:517:9:RFM95_LoRa_receive	32	static
../RFM95_API/src/RFM95.c:563:9:RFM95_LoRa_setSyncWord	16	static
../RFM95_API/src/RFM95.c:571:7:RFM95_getPcktSNR	24	static
../RFM95_API/src/RFM95.c:579:9:RFM95_getPcktRSSI	32	static
../RFM95_API/src/RFM95.c:612:9:RFM95_getCurrentRSSI	24	static
../RFM95_API/src/RFM95.c:636:10:RFM95_LoRa_random	32	static
../RFM95_API/src/RFM95.c:663:9:RFM95_LoRa_Init	24	static
../RFM95_API/src/RFM95.c:757:9:rfm95_readReg	40	static
../RFM95_API/src/RFM95.c:769:9:rfm95_writeReg	32	static
../RFM95_API/src/RFM95.c:781:9:rfm95_burst_readReg	32	static
../RFM95_API/src/RFM95.c:795:9:rfm95_burst_writeReg	40	static
../RFM95_API/src/RFM95.c:811:9:rfm95_fifo_readReg	24	static
../RFM95_API/src/RFM95.c:816:9:rfm95_fifo_writeReg	24	static
